Archive member included to satisfy reference by file (symbol)

c:/program files/microchip/xc8/v2.50/avr/bin/../lib/gcc/avr/5.4.0/avr5\libgcc.a(_udivmodhi4.o)
                              build/default/production/FreeRTOS/queue.o (__udivmodhi4)
c:/program files/microchip/xc8/v2.50/avr/bin/../lib/gcc/avr/5.4.0/avr5\libgcc.a(_copy_data.o)
                              build/default/production/main.o (__do_copy_data)
c:/program files/microchip/xc8/v2.50/avr/bin/../lib/gcc/avr/5.4.0/../../../../avr/lib/avr5\libc.a(exit.o)
                              C:/Program Files/Microchip/MPLABX/v6.20/packs/Microchip/ATmega_DFP/3.1.264/xc8/avr/lib/avr5/crtatmega328p.o (exit)
c:/program files/microchip/xc8/v2.50/avr/bin/../lib/gcc/avr/5.4.0/../../../../avr/lib/avr5\libc.a(snprintf.o)
                              build/default/production/main.o (snprintf)
c:/program files/microchip/xc8/v2.50/avr/bin/../lib/gcc/avr/5.4.0/../../../../avr/lib/avr5\libc.a(memcpy.o)
                              build/default/production/FreeRTOS/queue.o (memcpy)
c:/program files/microchip/xc8/v2.50/avr/bin/../lib/gcc/avr/5.4.0/../../../../avr/lib/avr5\libc.a(memset.o)
                              build/default/production/FreeRTOS/portable/MemMang/heap_4.o (memset)
c:/program files/microchip/xc8/v2.50/avr/bin/../lib/gcc/avr/5.4.0/../../../../avr/lib/avr5\libc.a(strcmp.o)
                              build/default/production/main.o (strcmp)
c:/program files/microchip/xc8/v2.50/avr/bin/../lib/gcc/avr/5.4.0/../../../../avr/lib/avr5\libc.a(strncmp.o)
                              build/default/production/main.o (strncmp)
c:/program files/microchip/xc8/v2.50/avr/bin/../lib/gcc/avr/5.4.0/../../../../avr/lib/avr5\libc.a(_Exit.o)
                              c:/program files/microchip/xc8/v2.50/avr/bin/../lib/gcc/avr/5.4.0/../../../../avr/lib/avr5\libc.a(exit.o) (_Exit)
c:/program files/microchip/xc8/v2.50/avr/bin/../lib/gcc/avr/5.4.0/../../../../avr/lib/avr5\libc.a(vsnprintf.o)
                              c:/program files/microchip/xc8/v2.50/avr/bin/../lib/gcc/avr/5.4.0/../../../../avr/lib/avr5\libc.a(snprintf.o) (vsnprintf)
c:/program files/microchip/xc8/v2.50/avr/bin/../lib/gcc/avr/5.4.0/../../../../avr/lib/avr5\libc.a(vfprintf.o)
                              c:/program files/microchip/xc8/v2.50/avr/bin/../lib/gcc/avr/5.4.0/../../../../avr/lib/avr5\libc.a(vsnprintf.o) (vfprintf)
c:/program files/microchip/xc8/v2.50/avr/bin/../lib/gcc/avr/5.4.0/../../../../avr/lib/avr5\libc.a(errno.o)
                              c:/program files/microchip/xc8/v2.50/avr/bin/../lib/gcc/avr/5.4.0/../../../../avr/lib/avr5\libc.a(vsnprintf.o) (__errno_val)
c:/program files/microchip/xc8/v2.50/avr/bin/../lib/gcc/avr/5.4.0/../../../../avr/lib/avr5\libc.a(__io_fmt_needed.o)
                              c:/program files/microchip/xc8/v2.50/avr/bin/../lib/gcc/avr/5.4.0/../../../../avr/lib/avr5\libc.a(vfprintf.o) (__io_fmt_needed)
c:/program files/microchip/xc8/v2.50/avr/bin/../lib/gcc/avr/5.4.0/../../../../avr/lib/avr5\libc.a(__pop_int.o)
                              c:/program files/microchip/xc8/v2.50/avr/bin/../lib/gcc/avr/5.4.0/../../../../avr/lib/avr5\libc.a(__io_fmt_needed.o) (__pop_int_needed)
c:/program files/microchip/xc8/v2.50/avr/bin/../lib/gcc/avr/5.4.0/../../../../avr/lib/avr5\libc.a(__pop_ptr.o)
                              c:/program files/microchip/xc8/v2.50/avr/bin/../lib/gcc/avr/5.4.0/../../../../avr/lib/avr5\libc.a(__io_fmt_needed.o) (__pop_ptr_needed)
c:/program files/microchip/xc8/v2.50/avr/bin/../lib/gcc/avr/5.4.0/../../../../avr/lib/avr5\libc.a(__printf_core.o)
                              c:/program files/microchip/xc8/v2.50/avr/bin/../lib/gcc/avr/5.4.0/../../../../avr/lib/avr5\libc.a(vfprintf.o) (__printf_core)
c:/program files/microchip/xc8/v2.50/avr/bin/../lib/gcc/avr/5.4.0/../../../../avr/lib/avr5\libc.a(fputc.o)
                              c:/program files/microchip/xc8/v2.50/avr/bin/../lib/gcc/avr/5.4.0/../../../../avr/lib/avr5\libc.a(__printf_core.o) (fputc)
c:/program files/microchip/xc8/v2.50/avr/bin/../lib/gcc/avr/5.4.0/../../../../avr/lib/avr5\libc.a(__fmt_a.o)
                              c:/program files/microchip/xc8/v2.50/avr/bin/../lib/gcc/avr/5.4.0/../../../../avr/lib/avr5\libc.a(__io_fmt_needed.o) (__fmt_a_needed)
c:/program files/microchip/xc8/v2.50/avr/bin/../lib/gcc/avr/5.4.0/../../../../avr/lib/avr5\libc.a(__pop_float.o)
                              c:/program files/microchip/xc8/v2.50/avr/bin/../lib/gcc/avr/5.4.0/../../../../avr/lib/avr5\libc.a(__io_fmt_needed.o) (__pop_float_needed)
c:/program files/microchip/xc8/v2.50/avr/bin/../lib/gcc/avr/5.4.0/../../../../avr/lib/avr5\libc.a(strcpy.o)
                              c:/program files/microchip/xc8/v2.50/avr/bin/../lib/gcc/avr/5.4.0/../../../../avr/lib/avr5\libc.a(__fmt_a.o) (strcpy)
c:/program files/microchip/xc8/v2.50/avr/bin/../lib/gcc/avr/5.4.0/../../../../avr/lib/avr5\libc.a(strlen.o)
[...]
Memory Configuration

Name             Origin             Length             Attributes
text             0x0000000000000000 0x0000000000008000 xr
data             0x0000000000800100 0x0000000000000800 rw !x
eeprom           0x0000000000810000 0x0000000000000400 rw !x
fuse             0x0000000000820000 0x0000000000000003 rw !x
lock             0x0000000000830000 0x0000000000000400 rw !x
signature        0x0000000000840000 0x0000000000000400 rw !x
user_signatures  0x0000000000850000 0x0000000000000400 rw !x
bootrow          0x0000000000860000 0x0000000000000400 rw !x
*default*        0x0000000000000000 0xffffffffffffffff

Linker script and memory map

Address of section .data set to 0x800100
LOAD C:/Program Files/Microchip/MPLABX/v6.20/packs/Microchip/ATmega_DFP/3.1.264/xc8/avr/lib/avr5/crtatmega328p.o
                0x0000000000000001                __MPLAB_BUILD = 0x1
LOAD build/default/production/main.o
LOAD build/default/production/FreeRTOS/croutine.o
LOAD build/default/production/FreeRTOS/event_groups.o
LOAD build/default/production/FreeRTOS/list.o
LOAD build/default/production/FreeRTOS/queue.o
LOAD build/default/production/FreeRTOS/tasks.o
LOAD build/default/production/FreeRTOS/timers.o
LOAD build/default/production/FreeRTOS/portable/GCC/ATMega328/port.o
LOAD build/default/production/FreeRTOS/portable/MemMang/heap_4.o
START GROUP
LOAD c:/program files/microchip/xc8/v2.50/avr/bin/../lib/gcc/avr/5.4.0/../../../../avr/lib/avr5\libm.a
END GROUP
START GROUP
LOAD c:/program files/microchip/xc8/v2.50/avr/bin/../lib/gcc/avr/5.4.0/avr5\libgcc.a
LOAD c:/program files/microchip/xc8/v2.50/avr/bin/../lib/gcc/avr/5.4.0/../../../../avr/lib/avr5\libm.a
LOAD c:/program files/microchip/xc8/v2.50/avr/bin/../lib/gcc/avr/5.4.0/../../../../avr/lib/avr5\libc.a
LOAD C:/Program Files/Microchip/MPLABX/v6.20/packs/Microchip/ATmega_DFP/3.1.264/xc8/avr/lib/avr5\libatmega328p.a
END GROUP
                0x0000000000000000                __TEXT_REGION_ORIGIN__ = DEFINED (__TEXT_REGION_ORIGIN__)?__TEXT_REGION_ORIGIN__:0x0
                [0x0000000000800100]                __DATA_REGION_ORIGIN__ = DEFINED (__DATA_REGION_ORIGIN__)?__DATA_REGION_ORIGIN__:0x800060
                [0x0000000000008000]                __TEXT_REGION_LENGTH__ = DEFINED (__TEXT_REGION_LENGTH__)?__TEXT_REGION_LENGTH__:0x20000
                [0x0000000000000800]                __DATA_REGION_LENGTH__ = DEFINED (__DATA_REGION_LENGTH__)?__DATA_REGION_LENGTH__:0xffa0
                [0x0000000000000400]                __EEPROM_REGION_LENGTH__ = DEFINED (__EEPROM_REGION_LENGTH__)?__EEPROM_REGION_LENGTH__:0x10000
                [0x0000000000000003]                __FUSE_REGION_LENGTH__ = DEFINED (__FUSE_REGION_LENGTH__)?__FUSE_REGION_LENGTH__:0x400
                0x0000000000000400                __LOCK_REGION_LENGTH__ = DEFINED (__LOCK_REGION_LENGTH__)?__LOCK_REGION_LENGTH__:0x400
                0x0000000000000400                __SIGNATURE_REGION_LENGTH__ = DEFINED (__SIGNATURE_REGION_LENGTH__)?__SIGNATURE_REGION_LENGTH__:0x400
                0x0000000000000400                __USER_SIGNATURE_REGION_LENGTH__ = DEFINED (__USER_SIGNATURE_REGION_LENGTH__)?__USER_SIGNATURE_REGION_LENGTH__:0x400
                0x0000000000000400                __BOOTROW_REGION_LENGTH__ = DEFINED (__BOOTROW_REGION_LENGTH__)?__BOOTROW_REGION_LENGTH__:0x400

.hash
 *(.hash)

.dynsym
 *(.dynsym)

.dynstr
 *(.dynstr)

.gnu.version
 *(.gnu.version)

.gnu.version_d
 *(.gnu.version_d)

.gnu.version_r
 *(.gnu.version_r)

.rel.init
 *(.rel.init)

.rela.init
 *(.rela.init)

.rel.text
 *(.rel.text)
 *(.rel.text.*)
 *(.rel.gnu.linkonce.t*)

.rela.text
 *(.rela.text)
 *(.rela.text.*)
 *(.rela.gnu.linkonce.t*)

.rel.fini
 *(.rel.fini)

.rela.fini
 *(.rela.fini)

.rel.rodata
 *(.rel.rodata)
 *(.rel.rodata.*)
 *(.rel.gnu.linkonce.r*)

.rela.rodata
 *(.rela.rodata)
 *(.rela.rodata.*)
 *(.rela.gnu.linkonce.r*)

.rel.data
 *(.rel.data)
 *(.rel.data.*)
 *(.rel.gnu.linkonce.d*)

.rela.data
 *(.rela.data)
 *(.rela.data.*)
 *(.rela.gnu.linkonce.d*)

.rel.ctors
 *(.rel.ctors)

.rela.ctors
 *(.rela.ctors)

.rel.dtors
 *(.rel.dtors)

.rela.dtors
 *(.rela.dtors)

.rel.got
 *(.rel.got)

.rela.got
 *(.rela.got)

.rel.bss
 *(.rel.bss)

.rela.bss
 *(.rela.bss)

.rel.plt
 *(.rel.plt)

.rela.plt
 *(.rela.plt)

.text           0x0000000000000000       0xf2
 *(.vectors)
 .vectors       0x0000000000000000       0x68 C:/Program Files/Microchip/MPLABX/v6.20/packs/Microchip/ATmega_DFP/3.1.264/xc8/avr/lib/avr5/crtatmega328p.o
                0x0000000000000000                __vector_default
                0x0000000000000000                __vectors
 *(.vectors)
 *(.progmem.gcc*)
 *(.dinit)
 .dinit         0x0000000000000068       0x35 data_init
                0x000000000000009e                . = ALIGN (0x2)
 *fill*         0x000000000000009d        0x1 
                0x000000000000009e                __trampolines_start = .
 *(.trampolines)
 .trampolines   0x000000000000009e        0x0 linker stubs
 *(.trampolines*)
                0x000000000000009e                __trampolines_end = .
 *libprintf_flt.a:*(.progmem.data)
 *libc.a:*(.progmem.data)
                0x000000000000009e                . = ALIGN (0x2)
 *(.jumptables)
 *(.jumptables*)
 *(.lowtext)
 *(.lowtext*)
                0x000000000000009e                __ctors_start = .
 *(.ctors)
                0x000000000000009e                __ctors_end = .
                0x000000000000009e                __dtors_start = .
 *(.dtors)
                0x000000000000009e                __dtors_end = .
 SORT(*)(.ctors)
 SORT(*)(.dtors)
 *(.init0)
 .init0         0x000000000000009e        0x0 C:/Program Files/Microchip/MPLABX/v6.20/packs/Microchip/ATmega_DFP/3.1.264/xc8/avr/lib/avr5/crtatmega328p.o
                0x000000000000009e                __init
 *(.init0)
 *(.init1)
 *(.init1)
 *(.init2)
 .init2         0x000000000000009e        0xc C:/Program Files/Microchip/MPLABX/v6.20/packs/Microchip/ATmega_DFP/3.1.264/xc8/avr/lib/avr5/crtatmega328p.o
 *(.init2)
 *(.init3)
 *(.init3)
 *(.init4)
 .init4         0x00000000000000aa       0x3c c:/program files/microchip/xc8/v2.50/avr/bin/../lib/gcc/avr/5.4.0/avr5\libgcc.a(_copy_data.o)
                0x00000000000000aa                __do_copy_data
                0x00000000000000d8                __do_clear_bss
 *(.init4)
 *(.init5)
 *(.init5)
 *(.init6)
 *(.init6)
 *(.init7)
 *(.init7)
 *(.init8)
 *(.init8)
 *(.init9)
 .init9         0x00000000000000e6        0x8 C:/Program Files/Microchip/MPLABX/v6.20/packs/Microchip/ATmega_DFP/3.1.264/xc8/avr/lib/avr5/crtatmega328p.o
 *(.init9)
                0x00000000000000ee                . = ALIGN (0x2)
 *(.fini9)
 .fini9         0x00000000000000ee        0x0 c:/program files/microchip/xc8/v2.50/avr/bin/../lib/gcc/avr/5.4.0/avr5\libgcc.a(_exit.o)
                0x00000000000000ee                _exit
 *(.fini9)
 *(.fini8)
 *(.fini8)
 *(.fini7)
 *(.fini7)
 *(.fini6)
 *(.fini6)
 *(.fini5)
 *(.fini5)
 *(.fini4)
 *(.fini4)
 *(.fini3)
 *(.fini3)
 *(.fini2)
 *(.fini2)
 *(.fini1)
 *(.fini1)
 *(.fini0)
 .fini0         0x00000000000000ee        0x4 c:/program files/microchip/xc8/v2.50/avr/bin/../lib/gcc/avr/5.4.0/avr5\libgcc.a(_exit.o)
 *(.fini0)
                0x00000000000000f2                _etext = .

.data           0x0000000000800100        0x0 load address 0x00000000000000f2
                [!provide]                        PROVIDE (__data_start, .)
 *(.gnu.linkonce.d*)
 *(.gnu.linkonce.r*)
                0x0000000000800100                . = ALIGN (0x2)
                0x0000000000800100                _edata = .
                [!provide]                        PROVIDE (__data_end, .)

.bss            0x0000000000800100        0x2
                [!provide]                        PROVIDE (__bss_start, .)
 *(COMMON)
 COMMON         0x0000000000800100        0x2 c:/program files/microchip/xc8/v2.50/avr/bin/../lib/gcc/avr/5.4.0/../../../../avr/lib/avr5\libc.a(errno.o)
                0x0000000000800100                __errno_val
                [!provide]                        PROVIDE (__bss_end, .)
                0x00000000000000f2                __data_load_start = LOADADDR (.data)
                0x00000000000000f2                __data_load_end = (__data_load_start + SIZEOF (.data))

.noinit         0x0000000000800102        0x0
                [!provide]                        PROVIDE (__noinit_start, .)
 *(.noinit*)
                [!provide]                        PROVIDE (__noinit_end, .)
                0x0000000000800102                _end = .

.eeprom         0x0000000000810000        0x0
 *(.eeprom*)
                0x0000000000810000                __eeprom_end = .

.fuse
 *(.fuse)
 *(.lfuse)
 *(.hfuse)
 *(.efuse)

.lock
 *(.lock*)

.signature
 *(.signature*)

.user_signatures
 *(.user_signatures*)

.bootrow
 *(.bootrow*)

.stab
 *(.stab)

.stabstr
 *(.stabstr)

.stab.excl
 *(.stab.excl)

.stab.exclstr
 *(.stab.exclstr)

.stab.index
 *(.stab.index)

.stab.indexstr
 *(.stab.indexstr)

.comment        0x0000000000000000       0x5b
 *(.comment)
 .comment       0x0000000000000000       0x2f build/default/production/main.o
                                         0x30 (size before relaxing)
 .comment       0x000000000000002f       0x30 build/default/production/FreeRTOS/list.o
 .comment       0x000000000000002f       0x30 build/default/production/FreeRTOS/tasks.o
 .comment       0x000000000000002f       0x30 build/default/production/FreeRTOS/portable/GCC/ATMega328/port.o
 .comment       0x000000000000002f       0x30 build/default/production/FreeRTOS/portable/MemMang/heap_4.o
 .comment       0x000000000000002f       0x2c c:/program files/microchip/xc8/v2.50/avr/bin/../lib/gcc/avr/5.4.0/../../../../avr/lib/avr5\libc.a(exit.o)
                                         0x2d (size before relaxing)
 .comment       0x000000000000005b       0x2d c:/program files/microchip/xc8/v2.50/avr/bin/../lib/gcc/avr/5.4.0/../../../../avr/lib/avr5\libc.a(snprintf.o)
 .comment       0x000000000000005b       0x2d c:/program files/microchip/xc8/v2.50/avr/bin/../lib/gcc/avr/5.4.0/../../../../avr/lib/avr5\libc.a(memset.o)
 .comment       0x000000000000005b       0x2d c:/program files/microchip/xc8/v2.50/avr/bin/../lib/gcc/avr/5.4.0/../../../../avr/lib/avr5\libc.a(strcmp.o)
 .comment       0x000000000000005b       0x2d c:/program files/microchip/xc8/v2.50/avr/bin/../lib/gcc/avr/5.4.0/../../../../avr/lib/avr5\libc.a(strncmp.o)
 .comment       0x000000000000005b       0x2d c:/program files/microchip/xc8/v2.50/avr/bin/../lib/gcc/avr/5.4.0/../../../../avr/lib/avr5\libc.a(_Exit.o)
 .comment       0x000000000000005b       0x2d c:/program files/microchip/xc8/v2.50/avr/bin/../lib/gcc/avr/5.4.0/../../../../avr/lib/avr5\libc.a(vsnprintf.o)
 .comment       0x000000000000005b       0x2d c:/program files/microchip/xc8/v2.50/avr/bin/../lib/gcc/avr/5.4.0/../../../../avr/lib/avr5\libc.a(vfprintf.o)
 .comment       0x000000000000005b       0x2d c:/program files/microchip/xc8/v2.50/avr/bin/../lib/gcc/avr/5.4.0/../../../../avr/lib/avr5\libc.a(errno.o)
 .comment       0x000000000000005b       0x2d c:/program files/microchip/xc8/v2.50/avr/bin/../lib/gcc/avr/5.4.0/../../../../avr/lib/avr5\libc.a(__printf_core.o)
 .comment       0x000000000000005b       0x2d c:/program files/microchip/xc8/v2.50/avr/bin/../lib/gcc/avr/5.4.0/../../../../avr/lib/avr5\libc.a(fputc.o)
 .comment       0x000000000000005b       0x2d c:/program files/microchip/xc8/v2.50/avr/bin/../lib/gcc/avr/5.4.0/../../../../avr/lib/avr5\libc.a(__fmt_a.o)
 .comment       0x000000000000005b       0x2d c:/program files/microchip/xc8/v2.50/avr/bin/../lib/gcc/avr/5.4.0/../../../../avr/lib/avr5\libc.a(__pop_float.o)
 .comment       0x000000000000005b       0x2d c:/program files/microchip/xc8/v2.50/avr/bin/../lib/gcc/avr/5.4.0/../../../../avr/lib/avr5\libc.a(strcpy.o)
 .comment       0x000000000000005b       0x2d c:/program files/microchip/xc8/v2.50/avr/bin/../lib/gcc/avr/5.4.0/../../../../avr/lib/avr5\libc.a(strlen.o)
 .comment       0x000000000000005b       0x2d c:/program files/microchip/xc8/v2.50/avr/bin/../lib/gcc/avr/5.4.0/../../../../avr/lib/avr5\libc.a(__printf_64bit_arg_support.o)
 .comment       0x000000000000005b       0x2d c:/program files/microchip/xc8/v2.50/avr/bin/../lib/gcc/avr/5.4.0/../../../../avr/lib/avr5\libc.a(tolower.o)
 .comment       0x000000000000005b       0x2d c:/program files/microchip/xc8/v2.50/avr/bin/../lib/gcc/avr/5.4.0/../../../../avr/lib/avr5\libc.a(toupper.o)
 .comment       0x000000000000005b       0x2d c:/program files/microchip/xc8/v2.50/avr/bin/../lib/gcc/avr/5.4.0/../../../../avr/lib/avr5\libc.a(__fmt_fp.o)
 .comment       0x000000000000005b       0x2d c:/program files/microchip/xc8/v2.50/avr/bin/../lib/gcc/avr/5.4.0/../../../../avr/lib/avr5\libc.a(__fmt_s.o)
 .comment       0x000000000000005b       0x2d c:/program files/microchip/xc8/v2.50/avr/bin/../lib/gcc/avr/5.4.0/../../../../avr/lib/avr5\libm.a(floorf.o)

.stack.descriptors.hdr
                0x0000000000000000      0x2bc
 .stack.descriptors.hdr
                0x0000000000000000        0xe c:/program files/microchip/xc8/v2.50/avr/bin/../lib/gcc/avr/5.4.0/avr5\libgcc.a(_udivmodhi4.o)
 .stack.descriptors.hdr
                0x000000000000000e        0xe c:/program files/microchip/xc8/v2.50/avr/bin/../lib/gcc/avr/5.4.0/../../../../avr/lib/avr5\libc.a(exit.o)
 .stack.descriptors.hdr
                0x000000000000001c        0xe c:/program files/microchip/xc8/v2.50/avr/bin/../lib/gcc/avr/5.4.0/../../../../avr/lib/avr5\libc.a(snprintf.o)
 .stack.descriptors.hdr
                0x000000000000002a        0xe c:/program files/microchip/xc8/v2.50/avr/bin/../lib/gcc/avr/5.4.0/../../../../avr/lib/avr5\libc.a(memset.o)
 .stack.descriptors.hdr
                0x0000000000000038        0xe c:/program files/microchip/xc8/v2.50/avr/bin/../lib/gcc/avr/5.4.0/../../../../avr/lib/avr5\libc.a(strcmp.o)
 .stack.descriptors.hdr
                0x0000000000000046        0xe c:/program files/microchip/xc8/v2.50/avr/bin/../lib/gcc/avr/5.4.0/../../../../avr/lib/avr5\libc.a(strncmp.o)
 .stack.descriptors.hdr
                0x0000000000000054        0xe c:/program files/microchip/xc8/v2.50/avr/bin/../lib/gcc/avr/5.4.0/../../../../avr/lib/avr5\libc.a(_Exit.o)
 .stack.descriptors.hdr
                0x0000000000000062        0xe c:/program files/microchip/xc8/v2.50/avr/bin/../lib/gcc/avr/5.4.0/../../../../avr/lib/avr5\libc.a(vsnprintf.o)
 .stack.descriptors.hdr
                0x0000000000000070        0xe c:/program files/microchip/xc8/v2.50/avr/bin/../lib/gcc/avr/5.4.0/../../../../avr/lib/avr5\libc.a(vfprintf.o)
 .stack.descriptors.hdr
                0x000000000000007e        0xe c:/program files/microchip/xc8/v2.50/avr/bin/../lib/gcc/avr/5.4.0/../../../../avr/lib/avr5\libc.a(errno.o)
 .stack.descriptors.hdr
                0x000000000000008c        0xe c:/program files/microchip/xc8/v2.50/avr/bin/../lib/gcc/avr/5.4.0/../../../../avr/lib/avr5\libc.a(__printf_core.o)
 .stack.descriptors.hdr
                0x000000000000009a        0xe c:/program files/microchip/xc8/v2.50/avr/bin/../lib/gcc/avr/5.4.0/../../../../avr/lib/avr5\libc.a(fputc.o)
 .stack.descriptors.hdr
                0x00000000000000a8        0xe c:/program files/microchip/xc8/v2.50/avr/bin/../lib/gcc/avr/5.4.0/../../../../avr/lib/avr5\libc.a(__fmt_a.o)
 .stack.descriptors.hdr
                0x00000000000000b6        0xe c:/program files/microchip/xc8/v2.50/avr/bin/../lib/gcc/avr/5.4.0/../../../../avr/lib/avr5\libc.a(__pop_float.o)
 .stack.descriptors.hdr
                0x00000000000000c4        0xe c:/program files/microchip/xc8/v2.50/avr/bin/../lib/gcc/avr/5.4.0/../../../../avr/lib/avr5\libc.a(strcpy.o)
 .stack.descriptors.hdr
                0x00000000000000d2        0xe c:/program files/microchip/xc8/v2.50/avr/bin/../lib/gcc/avr/5.4.0/../../../../avr/lib/avr5\libc.a(strlen.o)
 .stack.descriptors.hdr
                0x00000000000000e0        0xe c:/program files/microchip/xc8/v2.50/avr/bin/../lib/gcc/avr/5.4.0/../../../../avr/lib/avr5\libc.a(__printf_64bit_arg_support.o)
 .stack.descriptors.hdr
                0x00000000000000ee        0xe c:/program files/microchip/xc8/v2.50/avr/bin/../lib/gcc/avr/5.4.0/../../../../avr/lib/avr5\libc.a(tolower.o)
 .stack.descriptors.hdr
                0x00000000000000fc        0xe c:/program files/microchip/xc8/v2.50/avr/bin/../lib/gcc/avr/5.4.0/../../../../avr/lib/avr5\libc.a(toupper.o)
 .stack.descriptors.hdr
                0x000000000000010a        0xe c:/program files/microchip/xc8/v2.50/avr/bin/../lib/gcc/avr/5.4.0/../../../../avr/lib/avr5\libc.a(__fmt_fp.o)
 .stack.descriptors.hdr
                0x0000000000000118        0xe c:/program files/microchip/xc8/v2.50/avr/bin/../lib/gcc/avr/5.4.0/../../../../avr/lib/avr5\libc.a(__fmt_s.o)
 .stack.descriptors.hdr
                0x0000000000000126        0xe C:/Program Files/Microchip/MPLABX/v6.20/packs/Microchip/ATmega_DFP/3.1.264/xc8/avr/lib/avr5\libatmega328p.a(eerd_block.o)
 .stack.descriptors.hdr
                0x0000000000000134        0xe C:/Program Files/Microchip/MPLABX/v6.20/packs/Microchip/ATmega_DFP/3.1.264/xc8/avr/lib/avr5\libatmega328p.a(eeupd_block.o)
 .stack.descriptors.hdr
                0x0000000000000142        0xe C:/Program Files/Microchip/MPLABX/v6.20/packs/Microchip/ATmega_DFP/3.1.264/xc8/avr/lib/avr5\libatmega328p.a(eeupd_byte.o)
 .stack.descriptors.hdr
                0x0000000000000150        0xe c:/program files/microchip/xc8/v2.50/avr/bin/../lib/gcc/avr/5.4.0/avr5\libgcc.a(_divmodhi4.o)
 .stack.descriptors.hdr
                0x000000000000015e        0xe c:/program files/microchip/xc8/v2.50/avr/bin/../lib/gcc/avr/5.4.0/avr5\libgcc.a(_exit.o)
 .stack.descriptors.hdr
                0x000000000000016c        0xe c:/program files/microchip/xc8/v2.50/avr/bin/../lib/gcc/avr/5.4.0/avr5\libgcc.a(_udivdi3.o)
 .stack.descriptors.hdr
                0x000000000000017a        0xe c:/program files/microchip/xc8/v2.50/avr/bin/../lib/gcc/avr/5.4.0/avr5\libgcc.a(_udivmod64.o)
 .stack.descriptors.hdr
                0x0000000000000188        0xe c:/program files/microchip/xc8/v2.50/avr/bin/../lib/gcc/avr/5.4.0/avr5\libgcc.a(_negdi2.o)
 .stack.descriptors.hdr
                0x0000000000000196        0xe c:/program files/microchip/xc8/v2.50/avr/bin/../lib/gcc/avr/5.4.0/avr5\libgcc.a(_ashrdi3.o)
 .stack.descriptors.hdr
                0x00000000000001a4        0xe c:/program files/microchip/xc8/v2.50/avr/bin/../lib/gcc/avr/5.4.0/avr5\libgcc.a(_cmpdi2_s8.o)
 .stack.descriptors.hdr
                0x00000000000001b2        0xe c:/program files/microchip/xc8/v2.50/avr/bin/../lib/gcc/avr/5.4.0/../../../../avr/lib/avr5\libm.a(addsf3.o)
 .stack.descriptors.hdr
                0x00000000000001c0        0xe c:/program files/microchip/xc8/v2.50/avr/bin/../lib/gcc/avr/5.4.0/../../../../avr/lib/avr5\libm.a(addsf3x.o)
 .stack.descriptors.hdr
                0x00000000000001ce        0xe c:/program files/microchip/xc8/v2.50/avr/bin/../lib/gcc/avr/5.4.0/../../../../avr/lib/avr5\libm.a(cmpsf2.o)
 .stack.descriptors.hdr
                0x00000000000001dc        0xe c:/program files/microchip/xc8/v2.50/avr/bin/../lib/gcc/avr/5.4.0/../../../../avr/lib/avr5\libm.a(divsf3.o)
 .stack.descriptors.hdr
                0x00000000000001ea        0xe c:/program files/microchip/xc8/v2.50/avr/bin/../lib/gcc/avr/5.4.0/../../../../avr/lib/avr5\libm.a(divsf3x.o)
 .stack.descriptors.hdr
                0x00000000000001f8        0xe c:/program files/microchip/xc8/v2.50/avr/bin/../lib/gcc/avr/5.4.0/../../../../avr/lib/avr5\libm.a(fixsfsi.o)
 .stack.descriptors.hdr
                0x0000000000000206        0xe c:/program files/microchip/xc8/v2.50/avr/bin/../lib/gcc/avr/5.4.0/../../../../avr/lib/avr5\libm.a(fixunssfsi.o)
 .stack.descriptors.hdr
                0x0000000000000214        0xe c:/program files/microchip/xc8/v2.50/avr/bin/../lib/gcc/avr/5.4.0/../../../../avr/lib/avr5\libm.a(floorf.o)
 .stack.descriptors.hdr
                0x0000000000000222        0xe c:/program files/microchip/xc8/v2.50/avr/bin/../lib/gcc/avr/5.4.0/../../../../avr/lib/avr5\libm.a(fp_cmp.o)
 .stack.descriptors.hdr
                0x0000000000000230        0xe c:/program files/microchip/xc8/v2.50/avr/bin/../lib/gcc/avr/5.4.0/../../../../avr/lib/avr5\libm.a(fp_inf.o)
 .stack.descriptors.hdr
                0x000000000000023e        0xe c:/program files/microchip/xc8/v2.50/avr/bin/../lib/gcc/avr/5.4.0/../../../../avr/lib/avr5\libm.a(fp_nan.o)
 .stack.descriptors.hdr
                0x000000000000024c        0xe c:/program files/microchip/xc8/v2.50/avr/bin/../lib/gcc/avr/5.4.0/../../../../avr/lib/avr5\libm.a(fp_pscA.o)
 .stack.descriptors.hdr
                0x000000000000025a        0xe c:/program files/microchip/xc8/v2.50/avr/bin/../lib/gcc/avr/5.4.0/../../../../avr/lib/avr5\libm.a(fp_pscB.o)
 .stack.descriptors.hdr
                0x0000000000000268        0xe c:/program files/microchip/xc8/v2.50/avr/bin/../lib/gcc/avr/5.4.0/../../../../avr/lib/avr5\libm.a(fp_round.o)
 .stack.descriptors.hdr
                0x0000000000000276        0xe c:/program files/microchip/xc8/v2.50/avr/bin/../lib/gcc/avr/5.4.0/../../../../avr/lib/avr5\libm.a(fp_split3.o)
 .stack.descriptors.hdr
                0x0000000000000284        0xe c:/program files/microchip/xc8/v2.50/avr/bin/../lib/gcc/avr/5.4.0/../../../../avr/lib/avr5\libm.a(fp_zero.o)
 .stack.descriptors.hdr
                0x0000000000000292        0xe c:/program files/microchip/xc8/v2.50/avr/bin/../lib/gcc/avr/5.4.0/../../../../avr/lib/avr5\libm.a(gesf2.o)
 .stack.descriptors.hdr
                0x00000000000002a0        0xe c:/program files/microchip/xc8/v2.50/avr/bin/../lib/gcc/avr/5.4.0/../../../../avr/lib/avr5\libm.a(mulsf3.o)
 .stack.descriptors.hdr
                0x00000000000002ae        0xe c:/program files/microchip/xc8/v2.50/avr/bin/../lib/gcc/avr/5.4.0/../../../../avr/lib/avr5\libm.a(mulsf3x.o)

.note.GNU-stack
                0x0000000000000000        0x0
 .note.GNU-stack
                0x0000000000000000        0x0 c:/program files/microchip/xc8/v2.50/avr/bin/../lib/gcc/avr/5.4.0/../../../../avr/lib/avr5\libc.a(exit.o)
 .note.GNU-stack
                0x0000000000000000        0x0 c:/program files/microchip/xc8/v2.50/avr/bin/../lib/gcc/avr/5.4.0/../../../../avr/lib/avr5\libc.a(snprintf.o)
 .note.GNU-stack
                0x0000000000000000        0x0 c:/program files/microchip/xc8/v2.50/avr/bin/../lib/gcc/avr/5.4.0/../../../../avr/lib/avr5\libc.a(memset.o)
 .note.GNU-stack
                0x0000000000000000        0x0 c:/program files/microchip/xc8/v2.50/avr/bin/../lib/gcc/avr/5.4.0/../../../../avr/lib/avr5\libc.a(strcmp.o)
 .note.GNU-stack
                0x0000000000000000        0x0 c:/program files/microchip/xc8/v2.50/avr/bin/../lib/gcc/avr/5.4.0/../../../../avr/lib/avr5\libc.a(strncmp.o)
 .note.GNU-stack
                0x0000000000000000        0x0 c:/program files/microchip/xc8/v2.50/avr/bin/../lib/gcc/avr/5.4.0/../../../../avr/lib/avr5\libc.a(_Exit.o)
 .note.GNU-stack
                0x0000000000000000        0x0 c:/program files/microchip/xc8/v2.50/avr/bin/../lib/gcc/avr/5.4.0/../../../../avr/lib/avr5\libc.a(vsnprintf.o)
 .note.GNU-stack
                0x0000000000000000        0x0 c:/program files/microchip/xc8/v2.50/avr/bin/../lib/gcc/avr/5.4.0/../../../../avr/lib/avr5\libc.a(vfprintf.o)
 .note.GNU-stack
                0x0000000000000000        0x0 c:/program files/microchip/xc8/v2.50/avr/bin/../lib/gcc/avr/5.4.0/../../../../avr/lib/avr5\libc.a(errno.o)
 .note.GNU-stack
                0x0000000000000000        0x0 c:/program files/microchip/xc8/v2.50/avr/bin/../lib/gcc/avr/5.4.0/../../../../avr/lib/avr5\libc.a(__printf_core.o)
 .note.GNU-stack
                0x0000000000000000        0x0 c:/program files/microchip/xc8/v2.50/avr/bin/../lib/gcc/avr/5.4.0/../../../../avr/lib/avr5\libc.a(fputc.o)
 .note.GNU-stack
                0x0000000000000000        0x0 c:/program files/microchip/xc8/v2.50/avr/bin/../lib/gcc/avr/5.4.0/../../../../avr/lib/avr5\libc.a(__fmt_a.o)
 .note.GNU-stack
                0x0000000000000000        0x0 c:/program files/microchip/xc8/v2.50/avr/bin/../lib/gcc/avr/5.4.0/../../../../avr/lib/avr5\libc.a(__pop_float.o)
 .note.GNU-stack
                0x0000000000000000        0x0 c:/program files/microchip/xc8/v2.50/avr/bin/../lib/gcc/avr/5.4.0/../../../../avr/lib/avr5\libc.a(strcpy.o)
 .note.GNU-stack
                0x0000000000000000        0x0 c:/program files/microchip/xc8/v2.50/avr/bin/../lib/gcc/avr/5.4.0/../../../../avr/lib/avr5\libc.a(strlen.o)
 .note.GNU-stack
                0x0000000000000000        0x0 c:/program files/microchip/xc8/v2.50/avr/bin/../lib/gcc/avr/5.4.0/../../../../avr/lib/avr5\libc.a(__printf_64bit_arg_support.o)
 .note.GNU-stack
                0x0000000000000000        0x0 c:/program files/microchip/xc8/v2.50/avr/bin/../lib/gcc/avr/5.4.0/../../../../avr/lib/avr5\libc.a(tolower.o)
 .note.GNU-stack
                0x0000000000000000        0x0 c:/program files/microchip/xc8/v2.50/avr/bin/../lib/gcc/avr/5.4.0/../../../../avr/lib/avr5\libc.a(toupper.o)
 .note.GNU-stack
                0x0000000000000000        0x0 c:/program files/microchip/xc8/v2.50/avr/bin/../lib/gcc/avr/5.4.0/../../../../avr/lib/avr5\libc.a(__fmt_fp.o)
 .note.GNU-stack
                0x0000000000000000        0x0 c:/program files/microchip/xc8/v2.50/avr/bin/../lib/gcc/avr/5.4.0/../../../../avr/lib/avr5\libc.a(__fmt_s.o)
 .note.GNU-stack
                0x0000000000000000        0x0 c:/program files/microchip/xc8/v2.50/avr/bin/../lib/gcc/avr/5.4.0/../../../../avr/lib/avr5\libm.a(addsf3.o)
 .note.GNU-stack
                0x0000000000000000        0x0 c:/program files/microchip/xc8/v2.50/avr/bin/../lib/gcc/avr/5.4.0/../../../../avr/lib/avr5\libm.a(addsf3x.o)
 .note.GNU-stack
                0x0000000000000000        0x0 c:/program files/microchip/xc8/v2.50/avr/bin/../lib/gcc/avr/5.4.0/../../../../avr/lib/avr5\libm.a(cmpsf2.o)
 .note.GNU-stack
                0x0000000000000000        0x0 c:/program files/microchip/xc8/v2.50/avr/bin/../lib/gcc/avr/5.4.0/../../../../avr/lib/avr5\libm.a(divsf3.o)
 .note.GNU-stack
                0x0000000000000000        0x0 c:/program files/microchip/xc8/v2.50/avr/bin/../lib/gcc/avr/5.4.0/../../../../avr/lib/avr5\libm.a(divsf3x.o)
 .note.GNU-stack
                0x0000000000000000        0x0 c:/program files/microchip/xc8/v2.50/avr/bin/../lib/gcc/avr/5.4.0/../../../../avr/lib/avr5\libm.a(fixsfsi.o)
 .note.GNU-stack
                0x0000000000000000        0x0 c:/program files/microchip/xc8/v2.50/avr/bin/../lib/gcc/avr/5.4.0/../../../../avr/lib/avr5\libm.a(fixunssfsi.o)
 .note.GNU-stack
                0x0000000000000000        0x0 c:/program files/microchip/xc8/v2.50/avr/bin/../lib/gcc/avr/5.4.0/../../../../avr/lib/avr5\libm.a(floorf.o)
 .note.GNU-stack
                0x0000000000000000        0x0 c:/program files/microchip/xc8/v2.50/avr/bin/../lib/gcc/avr/5.4.0/../../../../avr/lib/avr5\libm.a(fp_cmp.o)
 .note.GNU-stack
                0x0000000000000000        0x0 c:/program files/microchip/xc8/v2.50/avr/bin/../lib/gcc/avr/5.4.0/../../../../avr/lib/avr5\libm.a(fp_inf.o)
 .note.GNU-stack
                0x0000000000000000        0x0 c:/program files/microchip/xc8/v2.50/avr/bin/../lib/gcc/avr/5.4.0/../../../../avr/lib/avr5\libm.a(fp_nan.o)
 .note.GNU-stack
                0x0000000000000000        0x0 c:/program files/microchip/xc8/v2.50/avr/bin/../lib/gcc/avr/5.4.0/../../../../avr/lib/avr5\libm.a(fp_pscA.o)
 .note.GNU-stack
                0x0000000000000000        0x0 c:/program files/microchip/xc8/v2.50/avr/bin/../lib/gcc/avr/5.4.0/../../../../avr/lib/avr5\libm.a(fp_pscB.o)
 .note.GNU-stack
                0x0000000000000000        0x0 c:/program files/microchip/xc8/v2.50/avr/bin/../lib/gcc/avr/5.4.0/../../../../avr/lib/avr5\libm.a(fp_round.o)
 .note.GNU-stack
                0x0000000000000000        0x0 c:/program files/microchip/xc8/v2.50/avr/bin/../lib/gcc/avr/5.4.0/../../../../avr/lib/avr5\libm.a(fp_split3.o)
 .note.GNU-stack
                0x0000000000000000        0x0 c:/program files/microchip/xc8/v2.50/avr/bin/../lib/gcc/avr/5.4.0/../../../../avr/lib/avr5\libm.a(fp_zero.o)
 .note.GNU-stack
                0x0000000000000000        0x0 c:/program files/microchip/xc8/v2.50/avr/bin/../lib/gcc/avr/5.4.0/../../../../avr/lib/avr5\libm.a(gesf2.o)
 .note.GNU-stack
                0x0000000000000000        0x0 c:/program files/microchip/xc8/v2.50/avr/bin/../lib/gcc/avr/5.4.0/../../../../avr/lib/avr5\libm.a(mulsf3.o)
 .note.GNU-stack
                0x0000000000000000        0x0 c:/program files/microchip/xc8/v2.50/avr/bin/../lib/gcc/avr/5.4.0/../../../../avr/lib/avr5\libm.a(mulsf3x.o)

.note.gnu.build-id
 *(.note.gnu.build-id)

.debug
 *(.debug)

.line
 *(.line)

.debug_srcinfo
 *(.debug_srcinfo)

.debug_sfnames
 *(.debug_sfnames)

.debug_aranges  0x0000000000000000      0x338
 *(.debug_aranges)
 .debug_aranges
                0x0000000000000000       0x90 build/default/production/main.o
 .debug_aranges
                0x0000000000000090       0x40 build/default/production/FreeRTOS/list.o
 .debug_aranges
                0x00000000000000d0      0x168 build/default/production/FreeRTOS/tasks.o
 .debug_aranges
                0x0000000000000238       0x48 build/default/production/FreeRTOS/portable/GCC/ATMega328/port.o
 .debug_aranges
                0x0000000000000280       0x58 build/default/production/FreeRTOS/portable/MemMang/heap_4.o
 .debug_aranges
                0x00000000000002d8       0x20 C:/Program Files/Microchip/MPLABX/v6.20/packs/Microchip/ATmega_DFP/3.1.264/xc8/avr/lib/avr5\libatmega328p.a(eerd_block.o)
 .debug_aranges
                0x00000000000002f8       0x20 C:/Program Files/Microchip/MPLABX/v6.20/packs/Microchip/ATmega_DFP/3.1.264/xc8/avr/lib/avr5\libatmega328p.a(eeupd_block.o)
 .debug_aranges
                0x0000000000000318       0x20 C:/Program Files/Microchip/MPLABX/v6.20/packs/Microchip/ATmega_DFP/3.1.264/xc8/avr/lib/avr5\libatmega328p.a(eeupd_byte.o)

.debug_pubnames
 *(.debug_pubnames)

.debug_info     0x0000000000000000     0x5324
 *(.debug_info .gnu.linkonce.wi.*)
 .debug_info    0x0000000000000000      0x5f4 C:/Program Files/Microchip/MPLABX/v6.20/packs/Microchip/ATmega_DFP/3.1.264/xc8/avr/lib/avr5/crtatmega328p.o
 .debug_info    0x00000000000005f4      0xf10 build/default/production/main.o
 .debug_info    0x0000000000001504      0x54a build/default/production/FreeRTOS/list.o
 .debug_info    0x0000000000001a4e     0x289c build/default/production/FreeRTOS/tasks.o
 .debug_info    0x00000000000042ea      0x505 build/default/production/FreeRTOS/portable/GCC/ATMega328/port.o
 .debug_info    0x00000000000047ef      0x939 build/default/production/FreeRTOS/portable/MemMang/heap_4.o
 .debug_info    0x0000000000005128       0xa9 C:/Program Files/Microchip/MPLABX/v6.20/packs/Microchip/ATmega_DFP/3.1.264/xc8/avr/lib/avr5\libatmega328p.a(eerd_block.o)
 .debug_info    0x00000000000051d1       0xaa C:/Program Files/Microchip/MPLABX/v6.20/packs/Microchip/ATmega_DFP/3.1.264/xc8/avr/lib/avr5\libatmega328p.a(eeupd_block.o)
 .debug_info    0x000000000000527b       0xa9 C:/Program Files/Microchip/MPLABX/v6.20/packs/Microchip/ATmega_DFP/3.1.264/xc8/avr/lib/avr5\libatmega328p.a(eeupd_byte.o)

.debug_abbrev   0x0000000000000000     0x1089
 *(.debug_abbrev)
 .debug_abbrev  0x0000000000000000      0x5a2 C:/Program Files/Microchip/MPLABX/v6.20/packs/Microchip/ATmega_DFP/3.1.264/xc8/avr/lib/avr5/crtatmega328p.o
 .debug_abbrev  0x00000000000005a2      0x2a1 build/default/production/main.o
 .debug_abbrev  0x0000000000000843      0x10f build/default/production/FreeRTOS/list.o
 .debug_abbrev  0x0000000000000952      0x354 build/default/production/FreeRTOS/tasks.o
 .debug_abbrev  0x0000000000000ca6      0x15e build/default/production/FreeRTOS/portable/GCC/ATMega328/port.o
 .debug_abbrev  0x0000000000000e04      0x249 build/default/production/FreeRTOS/portable/MemMang/heap_4.o
 .debug_abbrev  0x000000000000104d       0x14 C:/Program Files/Microchip/MPLABX/v6.20/packs/Microchip/ATmega_DFP/3.1.264/xc8/avr/lib/avr5\libatmega328p.a(eerd_block.o)
 .debug_abbrev  0x0000000000001061       0x14 C:/Program Files/Microchip/MPLABX/v6.20/packs/Microchip/ATmega_DFP/3.1.264/xc8/avr/lib/avr5\libatmega328p.a(eeupd_block.o)
 .debug_abbrev  0x0000000000001075       0x14 C:/Program Files/Microchip/MPLABX/v6.20/packs/Microchip/ATmega_DFP/3.1.264/xc8/avr/lib/avr5\libatmega328p.a(eeupd_byte.o)

.debug_line     0x0000000000000000     0x22b7
 *(.debug_line .debug_line.* .debug_line_end)
 .debug_line    0x0000000000000000      0x134 C:/Program Files/Microchip/MPLABX/v6.20/packs/Microchip/ATmega_DFP/3.1.264/xc8/avr/lib/avr5/crtatmega328p.o
 .debug_line    0x0000000000000134      0x5a4 build/default/production/main.o
 .debug_line    0x00000000000006d8      0x1f4 build/default/production/FreeRTOS/list.o
 .debug_line    0x00000000000008cc     0x1147 build/default/production/FreeRTOS/tasks.o
 .debug_line    0x0000000000001a13      0x2c9 build/default/production/FreeRTOS/portable/GCC/ATMega328/port.o
 .debug_line    0x0000000000001cdc      0x3d5 build/default/production/FreeRTOS/portable/MemMang/heap_4.o
 .debug_line    0x00000000000020b1       0xab C:/Program Files/Microchip/MPLABX/v6.20/packs/Microchip/ATmega_DFP/3.1.264/xc8/avr/lib/avr5\libatmega328p.a(eerd_block.o)
 .debug_line    0x000000000000215c       0xa5 C:/Program Files/Microchip/MPLABX/v6.20/packs/Microchip/ATmega_DFP/3.1.264/xc8/avr/lib/avr5\libatmega328p.a(eeupd_block.o)
 .debug_line    0x0000000000002201       0xb6 C:/Program Files/Microchip/MPLABX/v6.20/packs/Microchip/ATmega_DFP/3.1.264/xc8/avr/lib/avr5\libatmega328p.a(eeupd_byte.o)

.debug_frame    0x0000000000000000      0x9a0
 *(.debug_frame)
 .debug_frame   0x0000000000000000      0x270 build/default/production/main.o
 .debug_frame   0x0000000000000270       0x88 build/default/production/FreeRTOS/list.o
 .debug_frame   0x00000000000002f8      0x544 build/default/production/FreeRTOS/tasks.o
 .debug_frame   0x000000000000083c       0x74 build/default/production/FreeRTOS/portable/GCC/ATMega328/port.o
 .debug_frame   0x00000000000008b0       0xf0 build/default/production/FreeRTOS/portable/MemMang/heap_4.o

.debug_str      0x0000000000000000      0x5e4
 *(.debug_str)
 .debug_str     0x0000000000000000      0x208 C:/Program Files/Microchip/MPLABX/v6.20/packs/Microchip/ATmega_DFP/3.1.264/xc8/avr/lib/avr5/crtatmega328p.o
 .debug_str     0x0000000000000208       0x9d build/default/production/main.o
 .debug_str     0x00000000000002a5       0x2b build/default/production/FreeRTOS/list.o
 .debug_str     0x00000000000002d0      0x278 build/default/production/FreeRTOS/tasks.o
 .debug_str     0x0000000000000548       0x26 build/default/production/FreeRTOS/portable/GCC/ATMega328/port.o
 .debug_str     0x000000000000056e       0x76 build/default/production/FreeRTOS/portable/MemMang/heap_4.o

.debug_loc      0x0000000000000000     0x2acd
 *(.debug_loc)
 .debug_loc     0x0000000000000000      0x57b build/default/production/main.o
 .debug_loc     0x000000000000057b       0xb8 build/default/production/FreeRTOS/list.o
 .debug_loc     0x0000000000000633     0x1d3b build/default/production/FreeRTOS/tasks.o
 .debug_loc     0x000000000000236e      0x293 build/default/production/FreeRTOS/portable/GCC/ATMega328/port.o
 .debug_loc     0x0000000000002601      0x4cc build/default/production/FreeRTOS/portable/MemMang/heap_4.o

.debug_macinfo
 *(.debug_macinfo)

.debug_weaknames
 *(.debug_weaknames)

.debug_funcnames
 *(.debug_funcnames)

.debug_typenames
 *(.debug_typenames)

.debug_varnames
 *(.debug_varnames)

.debug_pubtypes
 *(.debug_pubtypes)

.debug_ranges   0x0000000000000000      0x308
 *(.debug_ranges)
 .debug_ranges  0x0000000000000000       0x80 build/default/production/main.o
 .debug_ranges  0x0000000000000080       0x30 build/default/production/FreeRTOS/list.o
 .debug_ranges  0x00000000000000b0      0x1d8 build/default/production/FreeRTOS/tasks.o
 .debug_ranges  0x0000000000000288       0x38 build/default/production/FreeRTOS/portable/GCC/ATMega328/port.o
 .debug_ranges  0x00000000000002c0       0x48 build/default/production/FreeRTOS/portable/MemMang/heap_4.o

.debug_macro
 *(.debug_macro)
OUTPUT(dist/default/production/RTOS.X.production.elf elf32-avr)
LOAD linker stubs
LOAD data_init

.note.gnu.avr.deviceinfo
                0x0000000000000000       0x40
 .note.gnu.avr.deviceinfo
                0x0000000000000000       0x40 C:/Program Files/Microchip/MPLABX/v6.20/packs/Microchip/ATmega_DFP/3.1.264/xc8/avr/lib/avr5/crtatmega328p.o

.bss.uxSchedulerSuspended
                0x000000000080071f        0x1
 .bss.uxSchedulerSuspended
                0x000000000080071f        0x1 build/default/production/FreeRTOS/tasks.o

.bss.xIdleTaskHandles
                0x0000000000800707        0x2
 .bss.xIdleTaskHandles
                0x0000000000800707        0x2 build/default/production/FreeRTOS/tasks.o

.bss.xNextTaskUnblockTime
                0x0000000000800709        0x2
 .bss.xNextTaskUnblockTime
                0x0000000000800709        0x2 build/default/production/FreeRTOS/tasks.o

.bss.uxTaskNumber
                0x0000000000800721        0x1
 .bss.uxTaskNumber
                0x0000000000800721        0x1 build/default/production/FreeRTOS/tasks.o

.bss.xNumOfOverflows
                0x0000000000800722        0x1
 .bss.xNumOfOverflows
                0x0000000000800722        0x1 build/default/production/FreeRTOS/tasks.o

.bss.xYieldPendings
                0x0000000000800723        0x1
 .bss.xYieldPendings
                0x0000000000800723        0x1 build/default/production/FreeRTOS/tasks.o

.bss.xPendedTicks
                0x000000000080070b        0x2
 .bss.xPendedTicks
                0x000000000080070b        0x2 build/default/production/FreeRTOS/tasks.o

.bss.xSchedulerRunning
                0x0000000000800724        0x1
 .bss.xSchedulerRunning
                0x0000000000800724        0x1 build/default/production/FreeRTOS/tasks.o

.bss.uxTopReadyPriority
                0x0000000000800725        0x1
 .bss.uxTopReadyPriority
                0x0000000000800725        0x1 build/default/production/FreeRTOS/tasks.o

.bss.xTickCount
                0x000000000080070d        0x2
 .bss.xTickCount
                0x000000000080070d        0x2 build/default/production/FreeRTOS/tasks.o

.bss.uxCurrentNumberOfTasks
                0x0000000000800726        0x1
 .bss.uxCurrentNumberOfTasks
                0x0000000000800726        0x1 build/default/production/FreeRTOS/tasks.o

.bss.uxDeletedTasksWaitingCleanUp
                0x0000000000800727        0x1
 .bss.uxDeletedTasksWaitingCleanUp
                0x0000000000800727        0x1 build/default/production/FreeRTOS/tasks.o

.bss.xTasksWaitingTermination
                0x00000000008006cd        0x9
 .bss.xTasksWaitingTermination
                0x00000000008006cd        0x9 build/default/production/FreeRTOS/tasks.o

.bss.xPendingReadyList
                0x00000000008006d6        0x9
 .bss.xPendingReadyList
                0x00000000008006d6        0x9 build/default/production/FreeRTOS/tasks.o

.bss.pxOverflowDelayedTaskList
                0x000000000080070f        0x2
 .bss.pxOverflowDelayedTaskList
                0x000000000080070f        0x2 build/default/production/FreeRTOS/tasks.o

.bss.pxDelayedTaskList
                0x0000000000800711        0x2
 .bss.pxDelayedTaskList
                0x0000000000800711        0x2 build/default/production/FreeRTOS/tasks.o

.bss.xDelayedTaskList2
                0x00000000008006df        0x9
 .bss.xDelayedTaskList2
                0x00000000008006df        0x9 build/default/production/FreeRTOS/tasks.o

.bss.xDelayedTaskList1
                0x00000000008006e8        0x9
 .bss.xDelayedTaskList1
                0x00000000008006e8        0x9 build/default/production/FreeRTOS/tasks.o

.bss.pxReadyTasksLists
                0x0000000000800673       0x24
 .bss.pxReadyTasksLists
                0x0000000000800673       0x24 build/default/production/FreeRTOS/tasks.o

.bss.pxCurrentTCB
                0x0000000000800713        0x2
 .bss.pxCurrentTCB
                0x0000000000800713        0x2 build/default/production/FreeRTOS/tasks.o
                0x0000000000800713                pxCurrentTCB

.bss.xNumberOfSuccessfulFrees
                0x0000000000800715        0x2
 .bss.xNumberOfSuccessfulFrees
                0x0000000000800715        0x2 build/default/production/FreeRTOS/portable/MemMang/heap_4.o

.bss.xNumberOfSuccessfulAllocations
                0x0000000000800717        0x2
 .bss.xNumberOfSuccessfulAllocations
                0x0000000000800717        0x2 build/default/production/FreeRTOS/portable/MemMang/heap_4.o

.bss.xMinimumEverFreeBytesRemaining
                0x0000000000800719        0x2
 .bss.xMinimumEverFreeBytesRemaining
                0x0000000000800719        0x2 build/default/production/FreeRTOS/portable/MemMang/heap_4.o

.bss.xFreeBytesRemaining
                0x000000000080071b        0x2
 .bss.xFreeBytesRemaining
                0x000000000080071b        0x2 build/default/production/FreeRTOS/portable/MemMang/heap_4.o

.bss.pxEnd      0x000000000080071d        0x2
 .bss.pxEnd     0x000000000080071d        0x2 build/default/production/FreeRTOS/portable/MemMang/heap_4.o

.bss.xStart     0x0000000000800703        0x4
 .bss.xStart    0x0000000000800703        0x4 build/default/production/FreeRTOS/portable/MemMang/heap_4.o

.bss.ucHeap     0x0000000000800102      0x4b0
 .bss.ucHeap    0x0000000000800102      0x4b0 build/default/production/FreeRTOS/portable/MemMang/heap_4.o

.text.__fmt_fp  0x00000000000000f2      0x72c
 .text.__fmt_fp
                0x00000000000000f2      0x72c c:/program files/microchip/xc8/v2.50/avr/bin/../lib/gcc/avr/5.4.0/../../../../avr/lib/avr5\libc.a(__fmt_fp.o)
                0x00000000000000f2                __fmt_f_needed
                0x00000000000000f2                __fmt_fp

.text.__fmt_a   0x000000000000081e      0x632
 .text.__fmt_a  0x000000000000081e      0x632 c:/program files/microchip/xc8/v2.50/avr/bin/../lib/gcc/avr/5.4.0/../../../../avr/lib/avr5\libc.a(__fmt_a.o)
                0x000000000000081e                __fmt_a_needed
                0x000000000000081e                __fmt_a

.text.vfpfcnvrt
                0x0000000000000e50      0x408
 .text.vfpfcnvrt
                0x0000000000000e50      0x408 c:/program files/microchip/xc8/v2.50/avr/bin/../lib/gcc/avr/5.4.0/../../../../avr/lib/avr5\libc.a(__printf_64bit_arg_support.o)
                0x0000000000000e50                vfpfcnvrt

.text.__fmt_x   0x0000000000001258      0x280
 .text.__fmt_x  0x0000000000001258      0x280 c:/program files/microchip/xc8/v2.50/avr/bin/../lib/gcc/avr/5.4.0/../../../../avr/lib/avr5\libc.a(__printf_64bit_arg_support.o)
                0x0000000000001258                __fmt_x

.text.xTaskCreate
                0x00000000000014d8      0x264
 .text.xTaskCreate
                0x00000000000014d8      0x264 build/default/production/FreeRTOS/tasks.o
                0x00000000000014d8                xTaskCreate

.text.xTaskIncrementTick
                0x000000000000173c      0x23e
 .text.xTaskIncrementTick
                0x000000000000173c      0x23e build/default/production/FreeRTOS/tasks.o
                0x000000000000173c                xTaskIncrementTick

.text.xTaskResumeAll
                0x000000000000197a      0x1c4
 .text.xTaskResumeAll
                0x000000000000197a      0x1c4 build/default/production/FreeRTOS/tasks.o
                0x000000000000197a                xTaskResumeAll

.text.pvPortMalloc
                0x0000000000001b3e      0x182
 .text.pvPortMalloc
                0x0000000000001b3e      0x182 build/default/production/FreeRTOS/portable/MemMang/heap_4.o
                0x0000000000001b3e                pvPortMalloc

.text.__fmt_d   0x0000000000001cc0      0x17e
 .text.__fmt_d  0x0000000000001cc0      0x17e c:/program files/microchip/xc8/v2.50/avr/bin/../lib/gcc/avr/5.4.0/../../../../avr/lib/avr5\libc.a(__printf_64bit_arg_support.o)
                0x0000000000001cc0                __fmt_d

.text.__pop_int
                0x0000000000001e3e      0x172
 .text.__pop_int
                0x0000000000001e3e      0x172 c:/program files/microchip/xc8/v2.50/avr/bin/../lib/gcc/avr/5.4.0/../../../../avr/lib/avr5\libc.a(__printf_64bit_arg_support.o)
                0x0000000000001e3e                __pop_int

.text.__cvt_u   0x0000000000001fb0      0x158
 .text.__cvt_u  0x0000000000001fb0      0x158 c:/program files/microchip/xc8/v2.50/avr/bin/../lib/gcc/avr/5.4.0/../../../../avr/lib/avr5\libc.a(__printf_64bit_arg_support.o)
                0x0000000000001fb0                __cvt_u

.text.floorf    0x0000000000002108       0xe6
 .text.floorf   0x0000000000002108       0xe6 c:/program files/microchip/xc8/v2.50/avr/bin/../lib/gcc/avr/5.4.0/../../../../avr/lib/avr5\libm.a(floorf.o)
                0x0000000000002108                floorf

.text.vTaskSwitchContext
                0x00000000000021ee       0xe2
 .text.vTaskSwitchContext
                0x00000000000021ee       0xe2 build/default/production/FreeRTOS/tasks.o
                0x00000000000021ee                vTaskSwitchContext

.text.vPortFree
                0x00000000000022d0       0xde
 .text.vPortFree
                0x00000000000022d0       0xde build/default/production/FreeRTOS/portable/MemMang/heap_4.o
                0x00000000000022d0                vPortFree

.text           0x00000000000023ae       0xde
 .text          0x00000000000023ae       0xde c:/program files/microchip/xc8/v2.50/avr/bin/../lib/gcc/avr/5.4.0/../../../../avr/lib/avr5\libm.a(divsf3x.o)
                0x00000000000023ae                __divsf3x
                0x00000000000023d6                __divsf3_pse

.text.pxPortInitialiseStack
                0x000000000000248c       0xd8
 .text.pxPortInitialiseStack
                0x000000000000248c       0xd8 build/default/production/FreeRTOS/portable/GCC/ATMega328/port.o
                0x000000000000248c                pxPortInitialiseStack

.text.__pop_ptr
                0x0000000000002564       0xd8
 .text.__pop_ptr
                0x0000000000002564       0xd8 c:/program files/microchip/xc8/v2.50/avr/bin/../lib/gcc/avr/5.4.0/../../../../avr/lib/avr5\libc.a(__printf_64bit_arg_support.o)
                0x0000000000002564                __pop_ptr

.text           0x000000000000263c       0xd4
 .text          0x000000000000263c       0xd4 c:/program files/microchip/xc8/v2.50/avr/bin/../lib/gcc/avr/5.4.0/../../../../avr/lib/avr5\libm.a(mulsf3x.o)
                0x000000000000263c                __mulsf3x
                0x0000000000002662                __mulsf3_pse

.text.__fmt_o   0x0000000000002710       0xd2
 .text.__fmt_o  0x0000000000002710       0xd2 c:/program files/microchip/xc8/v2.50/avr/bin/../lib/gcc/avr/5.4.0/../../../../avr/lib/avr5\libc.a(__printf_64bit_arg_support.o)
                0x0000000000002710                __fmt_o

.text           0x00000000000027e2       0xce
 .text          0x00000000000027e2       0xce c:/program files/microchip/xc8/v2.50/avr/bin/../lib/gcc/avr/5.4.0/../../../../avr/lib/avr5\libm.a(addsf3x.o)
                0x00000000000027e2                __addsf3x

.text.vTaskReceive
                0x00000000000028b0       0xc8
 .text.vTaskReceive
                0x00000000000028b0       0xc8 build/default/production/main.o
                0x00000000000028b0                vTaskReceive

.text.delete_task_eeprom
                0x0000000000002978       0xc4
 .text.delete_task_eeprom
                0x0000000000002978       0xc4 build/default/production/main.o
                0x0000000000002978                delete_task_eeprom

.text.vPortYieldFromTick
                0x0000000000002a3c       0xb8
 .text.vPortYieldFromTick
                0x0000000000002a3c       0xb8 build/default/production/FreeRTOS/portable/GCC/ATMega328/port.o
                0x0000000000002a3c                vPortYieldFromTick

.text.vPortYield
                0x0000000000002af4       0xb2
 .text.vPortYield
                0x0000000000002af4       0xb2 build/default/production/FreeRTOS/portable/GCC/ATMega328/port.o
                0x0000000000002af4                vPortYield

.text.__fmt_u   0x0000000000002ba6       0xae
 .text.__fmt_u  0x0000000000002ba6       0xae c:/program files/microchip/xc8/v2.50/avr/bin/../lib/gcc/avr/5.4.0/../../../../avr/lib/avr5\libc.a(__printf_64bit_arg_support.o)
                0x0000000000002ba6                __fmt_u

.text.libgcc.div
                0x0000000000002c54       0xa2
 .text.libgcc.div
                0x0000000000002c54       0xa2 c:/program files/microchip/xc8/v2.50/avr/bin/../lib/gcc/avr/5.4.0/avr5\libgcc.a(_udivmod64.o)
                0x0000000000002c54                __udivmod64

.text.store_task_eeprom
                0x0000000000002cf6       0x9e
 .text.store_task_eeprom
                0x0000000000002cf6       0x9e build/default/production/main.o
                0x0000000000002cf6                store_task_eeprom

.text.vTaskStartScheduler
                0x0000000000002d94       0x9e
 .text.vTaskStartScheduler
                0x0000000000002d94       0x9e build/default/production/FreeRTOS/tasks.o
                0x0000000000002d94                vTaskStartScheduler

.text.prvAddCurrentTaskToDelayedList
                0x0000000000002e32       0x9c
 .text.prvAddCurrentTaskToDelayedList
                0x0000000000002e32       0x9c build/default/production/FreeRTOS/tasks.o

.text.fputc     0x0000000000002ece       0x98
 .text.fputc    0x0000000000002ece       0x98 c:/program files/microchip/xc8/v2.50/avr/bin/../lib/gcc/avr/5.4.0/../../../../avr/lib/avr5\libc.a(fputc.o)
                0x0000000000002ece                fputc
                0x0000000000002ece                putc

.text.list_running_tasks
                0x0000000000002f66       0x96
 .text.list_running_tasks
                0x0000000000002f66       0x96 build/default/production/main.o
                0x0000000000002f66                list_running_tasks

.text.vTaskExecution
                0x0000000000002ffc       0x8e
 .text.vTaskExecution
                0x0000000000002ffc       0x8e build/default/production/main.o
                0x0000000000002ffc                vTaskExecution

.text.delete_all_tasks
                0x000000000000308a       0x84
 .text.delete_all_tasks
                0x000000000000308a       0x84 build/default/production/main.o
                0x000000000000308a                delete_all_tasks

.text.receive_task_data
                0x000000000000310e       0x84
 .text.receive_task_data
                0x000000000000310e       0x84 build/default/production/main.o
                0x000000000000310e                receive_task_data

.text.vsnprintf
                0x0000000000003192       0x84
 .text.vsnprintf
                0x0000000000003192       0x84 c:/program files/microchip/xc8/v2.50/avr/bin/../lib/gcc/avr/5.4.0/../../../../avr/lib/avr5\libc.a(vsnprintf.o)
                0x0000000000003192                vsnprintf

.text.load_tasks_from_eeprom
                0x0000000000003216       0x82
 .text.load_tasks_from_eeprom
                0x0000000000003216       0x82 build/default/production/main.o
                0x0000000000003216                load_tasks_from_eeprom

.text.xPortStartScheduler
                0x0000000000003298       0x80
 .text.xPortStartScheduler
                0x0000000000003298       0x80 build/default/production/FreeRTOS/portable/GCC/ATMega328/port.o
                0x0000000000003298                xPortStartScheduler

.text.__printf_core
                0x0000000000003318       0x78
 .text.__printf_core
                0x0000000000003318       0x78 c:/program files/microchip/xc8/v2.50/avr/bin/../lib/gcc/avr/5.4.0/../../../../avr/lib/avr5\libc.a(__printf_core.o)
                0x0000000000003318                __printf_core

.text.__pad     0x0000000000003390       0x72
 .text.__pad    0x0000000000003390       0x72 c:/program files/microchip/xc8/v2.50/avr/bin/../lib/gcc/avr/5.4.0/../../../../avr/lib/avr5\libc.a(__printf_core.o)
                0x0000000000003390                __pad

.text.prvCheckTasksWaitingTermination
                0x0000000000003402       0x68
 .text.prvCheckTasksWaitingTermination
                0x0000000000003402       0x68 build/default/production/FreeRTOS/tasks.o

.text.vListInsert
                0x000000000000346a       0x62
 .text.vListInsert
                0x000000000000346a       0x62 build/default/production/FreeRTOS/list.o
                0x000000000000346a                vListInsert

.text           0x00000000000034cc       0x5e
 .text          0x00000000000034cc       0x5e c:/program files/microchip/xc8/v2.50/avr/bin/../lib/gcc/avr/5.4.0/../../../../avr/lib/avr5\libm.a(fixunssfsi.o)
                0x00000000000034cc                __fixunssfsi

.text.read_prec_or_width
                0x000000000000352a       0x5c
 .text.read_prec_or_width
                0x000000000000352a       0x5c c:/program files/microchip/xc8/v2.50/avr/bin/../lib/gcc/avr/5.4.0/../../../../avr/lib/avr5\libc.a(__printf_64bit_arg_support.o)

.text.__fmt_s   0x0000000000003586       0x54
 .text.__fmt_s  0x0000000000003586       0x54 c:/program files/microchip/xc8/v2.50/avr/bin/../lib/gcc/avr/5.4.0/../../../../avr/lib/avr5\libc.a(__fmt_s.o)
                0x0000000000003586                __fmt_s
                0x0000000000003586                __fmt_0_needed
                0x0000000000003586                __fmt_s_needed

.text.uart_transmit_hex
                0x00000000000035da       0x50
 .text.uart_transmit_hex
                0x00000000000035da       0x50 build/default/production/main.o
                0x00000000000035da                uart_transmit_hex

.text.uxListRemove
                0x000000000000362a       0x4c
 .text.uxListRemove
                0x000000000000362a       0x4c build/default/production/FreeRTOS/list.o
                0x000000000000362a                uxListRemove

.text           0x0000000000003676       0x48
 .text          0x0000000000003676       0x48 c:/program files/microchip/xc8/v2.50/avr/bin/../lib/gcc/avr/5.4.0/../../../../avr/lib/avr5\libm.a(fp_cmp.o)
                0x0000000000003676                __fp_cmp

.text           0x00000000000036be       0x44
 .text          0x00000000000036be       0x44 c:/program files/microchip/xc8/v2.50/avr/bin/../lib/gcc/avr/5.4.0/../../../../avr/lib/avr5\libm.a(fp_split3.o)
                0x00000000000036be                __fp_split3
                0x00000000000036ce                __fp_splitA

.text.__fmt_state
                0x0000000000003702       0x40
 .text.__fmt_state
                0x0000000000003702       0x40 c:/program files/microchip/xc8/v2.50/avr/bin/../lib/gcc/avr/5.4.0/../../../../avr/lib/avr5\libc.a(__printf_core.o)
                0x0000000000003702                __fmt_state

.text.__pop_float
                0x0000000000003742       0x40
 .text.__pop_float
                0x0000000000003742       0x40 c:/program files/microchip/xc8/v2.50/avr/bin/../lib/gcc/avr/5.4.0/../../../../avr/lib/avr5\libc.a(__pop_float.o)
                0x0000000000003742                __pop_float_needed
                0x0000000000003742                __pop_float

.text.strncmp   0x0000000000003782       0x3e
 .text.strncmp  0x0000000000003782       0x3e c:/program files/microchip/xc8/v2.50/avr/bin/../lib/gcc/avr/5.4.0/../../../../avr/lib/avr5\libc.a(strncmp.o)
                0x0000000000003782                strncmp

.text.libgcc.builtins
                0x00000000000037c0       0x3c
 .text.libgcc.builtins
                0x00000000000037c0       0x3c c:/program files/microchip/xc8/v2.50/avr/bin/../lib/gcc/avr/5.4.0/avr5\libgcc.a(_ashrdi3.o)
                0x00000000000037c0                __ashrdi3
                0x00000000000037c4                __lshrdi3

.text.__out     0x00000000000037fc       0x3a
 .text.__out    0x00000000000037fc       0x3a c:/program files/microchip/xc8/v2.50/avr/bin/../lib/gcc/avr/5.4.0/../../../../avr/lib/avr5\libc.a(__printf_core.o)
                0x00000000000037fc                __out

.text.prvResetNextTaskUnblockTime
                0x0000000000003836       0x38
 .text.prvResetNextTaskUnblockTime
                0x0000000000003836       0x38 build/default/production/FreeRTOS/tasks.o

.text.libgcc.prologue
                0x000000000000386e       0x38
 .text.libgcc.prologue
                0x000000000000386e       0x38 c:/program files/microchip/xc8/v2.50/avr/bin/../lib/gcc/avr/5.4.0/avr5\libgcc.a(_prologue.o)
                0x000000000000386e                __prologue_saves__

.text.main      0x00000000000038a6       0x36
 .text.main     0x00000000000038a6       0x36 build/default/production/main.o
                0x00000000000038a6                main

.text.libgcc.prologue
                0x00000000000038dc       0x36
 .text.libgcc.prologue
                0x00000000000038dc       0x36 c:/program files/microchip/xc8/v2.50/avr/bin/../lib/gcc/avr/5.4.0/avr5\libgcc.a(_epilogue.o)
                0x00000000000038dc                __epilogue_restores__

.text.vfprintf  0x0000000000003912       0x30
 .text.vfprintf
                0x0000000000003912       0x30 c:/program files/microchip/xc8/v2.50/avr/bin/../lib/gcc/avr/5.4.0/../../../../avr/lib/avr5\libc.a(vfprintf.o)
                0x0000000000003912                vfprintf

.text.vTaskDelay
                0x0000000000003942       0x28
 .text.vTaskDelay
                0x0000000000003942       0x28 build/default/production/FreeRTOS/tasks.o
                0x0000000000003942                vTaskDelay

.text.libgcc.div
                0x000000000000396a       0x28
 .text.libgcc.div
                0x000000000000396a       0x28 c:/program files/microchip/xc8/v2.50/avr/bin/../lib/gcc/avr/5.4.0/avr5\libgcc.a(_udivmodhi4.o)
                0x000000000000396a                __udivmodhi4

.text.snprintf  0x0000000000003992       0x28
 .text.snprintf
                0x0000000000003992       0x28 c:/program files/microchip/xc8/v2.50/avr/bin/../lib/gcc/avr/5.4.0/../../../../avr/lib/avr5\libc.a(snprintf.o)
                0x0000000000003992                snprintf

.text.libgcc.div
                0x00000000000039ba       0x28
 .text.libgcc.div
                0x00000000000039ba       0x28 c:/program files/microchip/xc8/v2.50/avr/bin/../lib/gcc/avr/5.4.0/avr5\libgcc.a(_divmodhi4.o)
                0x00000000000039ba                _div
                0x00000000000039ba                __divmodhi4

.text.avrlibc   0x00000000000039e2       0x24
 .text.avrlibc  0x00000000000039e2       0x24 C:/Program Files/Microchip/MPLABX/v6.20/packs/Microchip/ATmega_DFP/3.1.264/xc8/avr/lib/avr5\libatmega328p.a(eeupd_byte.o)
                0x00000000000039e2                eeprom_update_byte
                0x00000000000039e4                eeprom_update_r18

.text           0x0000000000003a06       0x22
 .text          0x0000000000003a06       0x22 c:/program files/microchip/xc8/v2.50/avr/bin/../lib/gcc/avr/5.4.0/../../../../avr/lib/avr5\libm.a(fp_round.o)
                0x0000000000003a06                __fp_round

.text.avrlibc   0x0000000000003a28       0x20
 .text.avrlibc  0x0000000000003a28       0x20 C:/Program Files/Microchip/MPLABX/v6.20/packs/Microchip/ATmega_DFP/3.1.264/xc8/avr/lib/avr5\libatmega328p.a(eerd_block.o)
                0x0000000000003a28                eeprom_read_block
                0x0000000000003a2c                eeprom_read_blraw

.text.avrlibc   0x0000000000003a48       0x20
 .text.avrlibc  0x0000000000003a48       0x20 C:/Program Files/Microchip/MPLABX/v6.20/packs/Microchip/ATmega_DFP/3.1.264/xc8/avr/lib/avr5\libatmega328p.a(eeupd_block.o)
                0x0000000000003a48                eeprom_update_block

.text.libgcc    0x0000000000003a68       0x20
 .text.libgcc   0x0000000000003a68       0x20 c:/program files/microchip/xc8/v2.50/avr/bin/../lib/gcc/avr/5.4.0/avr5\libgcc.a(_negdi2.o)
                0x0000000000003a68                __negdi2

.text.uart_transmit_string
                0x0000000000003a88       0x1e
 .text.uart_transmit_string
                0x0000000000003a88       0x1e build/default/production/main.o
                0x0000000000003a88                uart_transmit_string

.text.vListInitialise
                0x0000000000003aa6       0x1c
 .text.vListInitialise
                0x0000000000003aa6       0x1c build/default/production/FreeRTOS/list.o
                0x0000000000003aa6                vListInitialise

.text.strcmp    0x0000000000003ac2       0x1c
 .text.strcmp   0x0000000000003ac2       0x1c c:/program files/microchip/xc8/v2.50/avr/bin/../lib/gcc/avr/5.4.0/../../../../avr/lib/avr5\libc.a(strcmp.o)
                0x0000000000003ac2                strcmp

.text.strlen    0x0000000000003ade       0x1c
 .text.strlen   0x0000000000003ade       0x1c c:/program files/microchip/xc8/v2.50/avr/bin/../lib/gcc/avr/5.4.0/../../../../avr/lib/avr5\libc.a(strlen.o)
                0x0000000000003ade                strlen

.text.libgcc.div
                0x0000000000003afa       0x1c
 .text.libgcc.div
                0x0000000000003afa       0x1c c:/program files/microchip/xc8/v2.50/avr/bin/../lib/gcc/avr/5.4.0/avr5\libgcc.a(_udivdi3.o)
                0x0000000000003afa                __umoddi3
                0x0000000000003afe                __udivdi3
                0x0000000000003b00                __udivdi3_umoddi3

.text.uart_init
                0x0000000000003b16       0x18
 .text.uart_init
                0x0000000000003b16       0x18 build/default/production/main.o
                0x0000000000003b16                uart_init

.text.prvIdleTask
                0x0000000000003b2e       0x18
 .text.prvIdleTask
                0x0000000000003b2e       0x18 build/default/production/FreeRTOS/tasks.o

.text.libgcc    0x0000000000003b46       0x18
 .text.libgcc   0x0000000000003b46       0x18 c:/program files/microchip/xc8/v2.50/avr/bin/../lib/gcc/avr/5.4.0/avr5\libgcc.a(_cmpdi2_s8.o)
                0x0000000000003b46                __cmpdi2_s8

.text.exit      0x0000000000003b5e       0x16
 .text.exit     0x0000000000003b5e       0x16 c:/program files/microchip/xc8/v2.50/avr/bin/../lib/gcc/avr/5.4.0/../../../../avr/lib/avr5\libc.a(exit.o)
                0x0000000000003b5e                exit

.text.memset    0x0000000000003b74       0x12
 .text.memset   0x0000000000003b74       0x12 c:/program files/microchip/xc8/v2.50/avr/bin/../lib/gcc/avr/5.4.0/../../../../avr/lib/avr5\libc.a(memset.o)
                0x0000000000003b74                memset

.text.toupper   0x0000000000003b86       0x12
 .text.toupper  0x0000000000003b86       0x12 c:/program files/microchip/xc8/v2.50/avr/bin/../lib/gcc/avr/5.4.0/../../../../avr/lib/avr5\libc.a(toupper.o)
                0x0000000000003b86                toupper

.text.uart_transmit
                0x0000000000003b98       0x10
 .text.uart_transmit
                0x0000000000003b98       0x10 build/default/production/main.o
                0x0000000000003b98                uart_transmit

.text.uart_receive
                0x0000000000003ba8       0x10
 .text.uart_receive
                0x0000000000003ba8       0x10 build/default/production/main.o
                0x0000000000003ba8                uart_receive

.text.strcpy    0x0000000000003bb8       0x10
 .text.strcpy   0x0000000000003bb8       0x10 c:/program files/microchip/xc8/v2.50/avr/bin/../lib/gcc/avr/5.4.0/../../../../avr/lib/avr5\libc.a(strcpy.o)
                0x0000000000003bb8                strcpy

.text.tolower   0x0000000000003bc8       0x10
 .text.tolower  0x0000000000003bc8       0x10 c:/program files/microchip/xc8/v2.50/avr/bin/../lib/gcc/avr/5.4.0/../../../../avr/lib/avr5\libc.a(tolower.o)
                0x0000000000003bc8                tolower

.text           0x0000000000003bd8        0xe
 .text          0x0000000000003bd8        0xe c:/program files/microchip/xc8/v2.50/avr/bin/../lib/gcc/avr/5.4.0/../../../../avr/lib/avr5\libm.a(addsf3.o)
                0x0000000000003bd8                __subsf3
                0x0000000000003bda                __addsf3

.text           0x0000000000003be6        0xe
 .text          0x0000000000003be6        0xe c:/program files/microchip/xc8/v2.50/avr/bin/../lib/gcc/avr/5.4.0/../../../../avr/lib/avr5\libm.a(fixsfsi.o)
                0x0000000000003be6                __fixsfsi

.text           0x0000000000003bf4        0xe
 .text          0x0000000000003bf4        0xe c:/program files/microchip/xc8/v2.50/avr/bin/../lib/gcc/avr/5.4.0/../../../../avr/lib/avr5\libm.a(fp_pscA.o)
                0x0000000000003bf4                __fp_pscA

.text           0x0000000000003c02        0xe
 .text          0x0000000000003c02        0xe c:/program files/microchip/xc8/v2.50/avr/bin/../lib/gcc/avr/5.4.0/../../../../avr/lib/avr5\libm.a(fp_pscB.o)
                0x0000000000003c02                __fp_pscB

.text           0x0000000000003c10        0xe
 .text          0x0000000000003c10        0xe c:/program files/microchip/xc8/v2.50/avr/bin/../lib/gcc/avr/5.4.0/../../../../avr/lib/avr5\libm.a(fp_zero.o)
                0x0000000000003c10                __fp_zero
                0x0000000000003c12                __fp_szero

.text.vTaskSuspendAll
                0x0000000000003c1e        0xc
 .text.vTaskSuspendAll
                0x0000000000003c1e        0xc build/default/production/FreeRTOS/tasks.o
                0x0000000000003c1e                vTaskSuspendAll

.text           0x0000000000003c2a        0xc
 .text          0x0000000000003c2a        0xc c:/program files/microchip/xc8/v2.50/avr/bin/../lib/gcc/avr/5.4.0/../../../../avr/lib/avr5\libm.a(fp_inf.o)
                0x0000000000003c2a                __fp_inf

.text           0x0000000000003c36        0xa
 .text          0x0000000000003c36        0xa c:/program files/microchip/xc8/v2.50/avr/bin/../lib/gcc/avr/5.4.0/../../../../avr/lib/avr5\libm.a(cmpsf2.o)
                0x0000000000003c36                __nesf2
                0x0000000000003c36                __eqsf2
                0x0000000000003c36                __cmpsf2
                0x0000000000003c36                __ltsf2
                0x0000000000003c36                __lesf2

.text           0x0000000000003c40        0xa
 .text          0x0000000000003c40        0xa c:/program files/microchip/xc8/v2.50/avr/bin/../lib/gcc/avr/5.4.0/../../../../avr/lib/avr5\libm.a(gesf2.o)
                0x0000000000003c40                __gesf2
                0x0000000000003c40                __gtsf2

.text.vListInitialiseItem
                0x0000000000003c4a        0x8
 .text.vListInitialiseItem
                0x0000000000003c4a        0x8 build/default/production/FreeRTOS/list.o
                0x0000000000003c4a                vListInitialiseItem

.text           0x0000000000003c52        0x8
 .text          0x0000000000003c52        0x8 c:/program files/microchip/xc8/v2.50/avr/bin/../lib/gcc/avr/5.4.0/../../../../avr/lib/avr5\libm.a(divsf3.o)
                0x0000000000003c52                __divsf3

.text           0x0000000000003c5a        0x8
 .text          0x0000000000003c5a        0x8 c:/program files/microchip/xc8/v2.50/avr/bin/../lib/gcc/avr/5.4.0/../../../../avr/lib/avr5\libm.a(mulsf3.o)
                0x0000000000003c5a                __mulsf3

.text.__vector_11
                0x0000000000003c62        0x6
 .text.__vector_11
                0x0000000000003c62        0x6 build/default/production/FreeRTOS/portable/GCC/ATMega328/port.o
                0x0000000000003c62                __vector_11

.text           0x0000000000003c68        0x6
 .text          0x0000000000003c68        0x6 c:/program files/microchip/xc8/v2.50/avr/bin/../lib/gcc/avr/5.4.0/../../../../avr/lib/avr5\libm.a(fp_nan.o)
                0x0000000000003c68                __fp_nan

.text           0x0000000000003c6e        0x4
 .text          0x0000000000003c6e        0x4 C:/Program Files/Microchip/MPLABX/v6.20/packs/Microchip/ATmega_DFP/3.1.264/xc8/avr/lib/avr5/crtatmega328p.o
                0x0000000000003c6e                __vector_22
                0x0000000000003c6e                __vector_1
                0x0000000000003c6e                __vector_24
                0x0000000000003c6e                __vector_12
                0x0000000000003c6e                __bad_interrupt
                0x0000000000003c6e                __vector_6
                0x0000000000003c6e                __vector_3
                0x0000000000003c6e                __vector_23
                0x0000000000003c6e                __vector_25
                0x0000000000003c6e                __vector_13
                0x0000000000003c6e                __vector_17
                0x0000000000003c6e                __vector_19
                0x0000000000003c6e                __vector_7
                0x0000000000003c6e                __vector_5
                0x0000000000003c6e                __vector_4
                0x0000000000003c6e                __vector_9
                0x0000000000003c6e                __vector_2
                0x0000000000003c6e                __vector_21
                0x0000000000003c6e                __vector_15
                0x0000000000003c6e                __vector_8
                0x0000000000003c6e                __vector_14
                0x0000000000003c6e                __vector_10
                0x0000000000003c6e                __vector_16
                0x0000000000003c6e                __vector_18
                0x0000000000003c6e                __vector_20

.text._Exit     0x0000000000003c72        0x4
 .text._Exit    0x0000000000003c72        0x4 c:/program files/microchip/xc8/v2.50/avr/bin/../lib/gcc/avr/5.4.0/../../../../avr/lib/avr5\libc.a(_Exit.o)
                0x0000000000003c72                _Exit

.text.vApplicationIdleHook
                0x0000000000003c76        0x2
 .text.vApplicationIdleHook
                0x0000000000003c76        0x2 build/default/production/main.o
                0x0000000000003c76                vApplicationIdleHook

.text.__dummy_fini
                0x0000000000003c78        0x2
 .text.__dummy_fini
                0x0000000000003c78        0x2 c:/program files/microchip/xc8/v2.50/avr/bin/../lib/gcc/avr/5.4.0/../../../../avr/lib/avr5\libc.a(exit.o)
                0x0000000000003c78                _fini

.text.__dummy_funcs_on_exit
                0x0000000000003c7a        0x2
 .text.__dummy_funcs_on_exit
                0x0000000000003c7a        0x2 c:/program files/microchip/xc8/v2.50/avr/bin/../lib/gcc/avr/5.4.0/../../../../avr/lib/avr5\libc.a(exit.o)
                0x0000000000003c7a                __funcs_on_exit

.text.__dummy_simulator_exit
                0x0000000000003c7c        0x2
 .text.__dummy_simulator_exit
                0x0000000000003c7c        0x2 c:/program files/microchip/xc8/v2.50/avr/bin/../lib/gcc/avr/5.4.0/../../../../avr/lib/avr5\libc.a(exit.o)
                0x0000000000003c7c                __simulator_exit

.rodata         0x00000000008005b2       0xc1 load address 0x0000000000003c7e
 .rodata        0x00000000008005b2       0xc1 build/default/production/main.o

.rodata.state_table
                0x0000000000800697       0x16 load address 0x0000000000003d3f
 .rodata.state_table
                0x0000000000800697       0x16 c:/program files/microchip/xc8/v2.50/avr/bin/../lib/gcc/avr/5.4.0/../../../../avr/lib/avr5\libc.a(__printf_core.o)

.rodata         0x00000000008006ad       0x10 load address 0x0000000000003d55
 .rodata        0x00000000008006ad       0x10 c:/program files/microchip/xc8/v2.50/avr/bin/../lib/gcc/avr/5.4.0/../../../../avr/lib/avr5\libc.a(__fmt_a.o)

.rodata         0x00000000008006bd       0x10 load address 0x0000000000003d65
 .rodata        0x00000000008006bd       0x10 c:/program files/microchip/xc8/v2.50/avr/bin/../lib/gcc/avr/5.4.0/../../../../avr/lib/avr5\libc.a(__fmt_fp.o)

.rodata.nuls.2781
                0x00000000008006f1        0x7 load address 0x0000000000003d75
 .rodata.nuls.2781
                0x00000000008006f1        0x7 c:/program files/microchip/xc8/v2.50/avr/bin/../lib/gcc/avr/5.4.0/../../../../avr/lib/avr5\libc.a(__fmt_s.o)

.rodata.nilstr.3022
                0x00000000008006f8        0x6 load address 0x0000000000003d7c
 .rodata.nilstr.3022
                0x00000000008006f8        0x6 c:/program files/microchip/xc8/v2.50/avr/bin/../lib/gcc/avr/5.4.0/../../../../avr/lib/avr5\libc.a(__printf_64bit_arg_support.o)

.rodata         0x00000000008006fe        0x5 load address 0x0000000000003d82
 .rodata        0x00000000008006fe        0x5 build/default/production/FreeRTOS/tasks.o

.data.uxTopUsedPriority
                0x0000000000800720        0x1 load address 0x0000000000003d87
 .data.uxTopUsedPriority
                0x0000000000800720        0x1 build/default/production/FreeRTOS/tasks.o
