Archive member included to satisfy reference by file (symbol)

c:/program files/microchip/xc8/v2.50/avr/bin/../lib/gcc/avr/5.4.0/avr5\libgcc.a(_udivmodhi4.o)
                              build/default/production/FreeRTOS/queue.o (__udivmodhi4)
c:/program files/microchip/xc8/v2.50/avr/bin/../lib/gcc/avr/5.4.0/avr5\libgcc.a(_copy_data.o)
                              build/default/production/main.o (__do_copy_data)
c:/program files/microchip/xc8/v2.50/avr/bin/../lib/gcc/avr/5.4.0/avr5\libgcc.a(_umulhisi3.o)
                              build/default/production/main.o (__umulhisi3)
c:/program files/microchip/xc8/v2.50/avr/bin/../lib/gcc/avr/5.4.0/../../../../avr/lib/avr5\libc.a(exit.o)
                              C:/Program Files/Microchip/MPLABX/v6.20/packs/Microchip/ATmega_DFP/3.1.264/xc8/avr/lib/avr5/crtatmega328p.o (exit)
c:/program files/microchip/xc8/v2.50/avr/bin/../lib/gcc/avr/5.4.0/../../../../avr/lib/avr5\libc.a(memcpy.o)
                              build/default/production/FreeRTOS/queue.o (memcpy)
c:/program files/microchip/xc8/v2.50/avr/bin/../lib/gcc/avr/5.4.0/../../../../avr/lib/avr5\libc.a(memset.o)
                              build/default/production/FreeRTOS/tasks.o (memset)
c:/program files/microchip/xc8/v2.50/avr/bin/../lib/gcc/avr/5.4.0/../../../../avr/lib/avr5\libc.a(strcmp.o)
                              build/default/production/main.o (strcmp)
c:/program files/microchip/xc8/v2.50/avr/bin/../lib/gcc/avr/5.4.0/../../../../avr/lib/avr5\libc.a(strncmp.o)
                              build/default/production/main.o (strncmp)
c:/program files/microchip/xc8/v2.50/avr/bin/../lib/gcc/avr/5.4.0/../../../../avr/lib/avr5\libc.a(_Exit.o)
                              c:/program files/microchip/xc8/v2.50/avr/bin/../lib/gcc/avr/5.4.0/../../../../avr/lib/avr5\libc.a(exit.o) (_Exit)
C:/Program Files/Microchip/MPLABX/v6.20/packs/Microchip/ATmega_DFP/3.1.264/xc8/avr/lib/avr5\libatmega328p.a(eerd_block.o)
                              build/default/production/main.o (eeprom_read_block)
C:/Program Files/Microchip/MPLABX/v6.20/packs/Microchip/ATmega_DFP/3.1.264/xc8/avr/lib/avr5\libatmega328p.a(eeupd_block.o)
                              build/default/production/main.o (eeprom_update_block)
C:/Program Files/Microchip/MPLABX/v6.20/packs/Microchip/ATmega_DFP/3.1.264/xc8/avr/lib/avr5\libatmega328p.a(eeupd_byte.o)
                              build/default/production/main.o (eeprom_update_byte)
c:/program files/microchip/xc8/v2.50/avr/bin/../lib/gcc/avr/5.4.0/avr5\libgcc.a(_exit.o)
                              c:/program files/microchip/xc8/v2.50/avr/bin/../lib/gcc/avr/5.4.0/../../../../avr/lib/avr5\libc.a(_Exit.o) (_exit)

Discarded input sections

 .data          0x0000000000000000        0x0 C:/Program Files/Microchip/MPLABX/v6.20/packs/Microchip/ATmega_DFP/3.1.264/xc8/avr/lib/avr5/crtatmega328p.o
 .bss           0x0000000000000000        0x0 C:/Program Files/Microchip/MPLABX/v6.20/packs/Microchip/ATmega_DFP/3.1.264/xc8/avr/lib/avr5/crtatmega328p.o
 .text          0x0000000000000000        0x0 build/default/production/main.o
 .data          0x0000000000000000        0x0 build/default/production/main.o
 .bss           0x0000000000000000        0x0 build/default/production/main.o
 .text.vTaskExecution
                0x0000000000000000       0x88 build/default/production/main.o
 .text.load_tasks_from_eeprom
                0x0000000000000000       0xaa build/default/production/main.o
 .text          0x0000000000000000        0x0 build/default/production/FreeRTOS/croutine.o
 .data          0x0000000000000000        0x0 build/default/production/FreeRTOS/croutine.o
 .bss           0x0000000000000000        0x0 build/default/production/FreeRTOS/croutine.o
 .debug_info    0x0000000000000000      0x23c build/default/production/FreeRTOS/croutine.o
 .debug_abbrev  0x0000000000000000       0x1b build/default/production/FreeRTOS/croutine.o
 .debug_aranges
                0x0000000000000000       0x18 build/default/production/FreeRTOS/croutine.o
 .debug_line    0x0000000000000000       0x1a build/default/production/FreeRTOS/croutine.o
 .debug_str     0x0000000000000000        0x0 build/default/production/FreeRTOS/croutine.o
 .comment       0x0000000000000000       0x30 build/default/production/FreeRTOS/croutine.o
 .text          0x0000000000000000        0x0 build/default/production/FreeRTOS/event_groups.o
 .data          0x0000000000000000        0x0 build/default/production/FreeRTOS/event_groups.o
 .bss           0x0000000000000000        0x0 build/default/production/FreeRTOS/event_groups.o
 .text.xEventGroupCreate
                0x0000000000000000       0x26 build/default/production/FreeRTOS/event_groups.o
 .text.xEventGroupWaitBits
                0x0000000000000000      0x110 build/default/production/FreeRTOS/event_groups.o
 .text.xEventGroupClearBits
                0x0000000000000000       0x1e build/default/production/FreeRTOS/event_groups.o
 .text.xEventGroupGetBitsFromISR
                0x0000000000000000        0x8 build/default/production/FreeRTOS/event_groups.o
 .text.xEventGroupSetBits
                0x0000000000000000       0xdc build/default/production/FreeRTOS/event_groups.o
 .text.xEventGroupSync
                0x0000000000000000       0xd2 build/default/production/FreeRTOS/event_groups.o
 .text.vEventGroupDelete
                0x0000000000000000       0x32 build/default/production/FreeRTOS/event_groups.o
 .text.vEventGroupSetBitsCallback
                0x0000000000000000        0x8 build/default/production/FreeRTOS/event_groups.o
 .text.vEventGroupClearBitsCallback
                0x0000000000000000        0x8 build/default/production/FreeRTOS/event_groups.o
 .debug_info    0x0000000000000000      0xc80 build/default/production/FreeRTOS/event_groups.o
 .debug_abbrev  0x0000000000000000      0x20d build/default/production/FreeRTOS/event_groups.o
 .debug_loc     0x0000000000000000      0x955 build/default/production/FreeRTOS/event_groups.o
 .debug_aranges
                0x0000000000000000       0x60 build/default/production/FreeRTOS/event_groups.o
 .debug_ranges  0x0000000000000000       0x68 build/default/production/FreeRTOS/event_groups.o
 .debug_line    0x0000000000000000      0x3c1 build/default/production/FreeRTOS/event_groups.o
 .debug_str     0x0000000000000000      0x192 build/default/production/FreeRTOS/event_groups.o
 .comment       0x0000000000000000       0x30 build/default/production/FreeRTOS/event_groups.o
 .debug_frame   0x0000000000000000      0x158 build/default/production/FreeRTOS/event_groups.o
 .text          0x0000000000000000        0x0 build/default/production/FreeRTOS/list.o
 .data          0x0000000000000000        0x0 build/default/production/FreeRTOS/list.o
 .bss           0x0000000000000000        0x0 build/default/production/FreeRTOS/list.o
 .text.vListInsertEnd
                0x0000000000000000       0x42 build/default/production/FreeRTOS/list.o
 .text          0x0000000000000000        0x0 build/default/production/FreeRTOS/queue.o
 .data          0x0000000000000000        0x0 build/default/production/FreeRTOS/queue.o
 .bss           0x0000000000000000        0x0 build/default/production/FreeRTOS/queue.o
 .text.prvIsQueueEmpty
                0x0000000000000000       0x16 build/default/production/FreeRTOS/queue.o
 .text.prvCopyDataToQueue
                0x0000000000000000       0xbe build/default/production/FreeRTOS/queue.o
 .text.prvCopyDataFromQueue
                0x0000000000000000       0x34 build/default/production/FreeRTOS/queue.o
 .text.prvUnlockQueue
                0x0000000000000000       0x9a build/default/production/FreeRTOS/queue.o
 .text.xQueueGenericReset
                0x0000000000000000       0xc6 build/default/production/FreeRTOS/queue.o
 .text.xQueueGenericCreate
                0x0000000000000000       0x84 build/default/production/FreeRTOS/queue.o
 .text.xQueueGenericSend
                0x0000000000000000      0x142 build/default/production/FreeRTOS/queue.o
 .text.xQueueCreateMutex
                0x0000000000000000       0x34 build/default/production/FreeRTOS/queue.o
 .text.xQueueGenericSendFromISR
                0x0000000000000000       0x84 build/default/production/FreeRTOS/queue.o
 .text.xQueueGiveFromISR
                0x0000000000000000       0x70 build/default/production/FreeRTOS/queue.o
 .text.xQueueReceive
                0x0000000000000000      0x132 build/default/production/FreeRTOS/queue.o
 .text.xQueueSemaphoreTake
                0x0000000000000000      0x19a build/default/production/FreeRTOS/queue.o
 .text.xQueuePeek
                0x0000000000000000      0x132 build/default/production/FreeRTOS/queue.o
 .text.xQueueReceiveFromISR
                0x0000000000000000       0x7a build/default/production/FreeRTOS/queue.o
 .text.xQueuePeekFromISR
                0x0000000000000000       0x2e build/default/production/FreeRTOS/queue.o
 .text.uxQueueMessagesWaiting
                0x0000000000000000       0x10 build/default/production/FreeRTOS/queue.o
 .text.uxQueueSpacesAvailable
                0x0000000000000000       0x14 build/default/production/FreeRTOS/queue.o
 .text.uxQueueMessagesWaitingFromISR
                0x0000000000000000        0x6 build/default/production/FreeRTOS/queue.o
 .text.vQueueDelete
                0x0000000000000000        0x6 build/default/production/FreeRTOS/queue.o
 .text.uxQueueGetQueueItemSize
                0x0000000000000000        0x6 build/default/production/FreeRTOS/queue.o
 .text.uxQueueGetQueueLength
                0x0000000000000000        0x6 build/default/production/FreeRTOS/queue.o
 .text.xQueueIsQueueEmptyFromISR
                0x0000000000000000        0xc build/default/production/FreeRTOS/queue.o
 .text.xQueueIsQueueFullFromISR
                0x0000000000000000        0xe build/default/production/FreeRTOS/queue.o
 .debug_info    0x0000000000000000     0x1c21 build/default/production/FreeRTOS/queue.o
 .debug_abbrev  0x0000000000000000      0x281 build/default/production/FreeRTOS/queue.o
 .debug_loc     0x0000000000000000     0x1635 build/default/production/FreeRTOS/queue.o
 .debug_aranges
                0x0000000000000000       0xd0 build/default/production/FreeRTOS/queue.o
 .debug_ranges  0x0000000000000000      0x150 build/default/production/FreeRTOS/queue.o
 .debug_line    0x0000000000000000      0xb19 build/default/production/FreeRTOS/queue.o
 .debug_str     0x0000000000000000      0x28c build/default/production/FreeRTOS/queue.o
 .comment       0x0000000000000000       0x30 build/default/production/FreeRTOS/queue.o
 .debug_frame   0x0000000000000000      0x350 build/default/production/FreeRTOS/queue.o
 .text          0x0000000000000000        0x0 build/default/production/FreeRTOS/tasks.o
 .data          0x0000000000000000        0x0 build/default/production/FreeRTOS/tasks.o
 .bss           0x0000000000000000        0x0 build/default/production/FreeRTOS/tasks.o
 .text.vTaskDelete
                0x0000000000000000       0xba build/default/production/FreeRTOS/tasks.o
 .text.vTaskEndScheduler
                0x0000000000000000       0x1c build/default/production/FreeRTOS/tasks.o
 .text.xTaskGetTickCount
                0x0000000000000000       0x14 build/default/production/FreeRTOS/tasks.o
 .text.xTaskGetTickCountFromISR
                0x0000000000000000        0xa build/default/production/FreeRTOS/tasks.o
 .text.uxTaskGetNumberOfTasks
                0x0000000000000000        0x6 build/default/production/FreeRTOS/tasks.o
 .text.pcTaskGetName
                0x0000000000000000       0x10 build/default/production/FreeRTOS/tasks.o
 .text.xTaskDelayUntil
                0x0000000000000000       0x8e build/default/production/FreeRTOS/tasks.o
 .text.xTaskCatchUpTicks
                0x0000000000000000       0x32 build/default/production/FreeRTOS/tasks.o
 .text.vTaskPlaceOnEventList
                0x0000000000000000       0x24 build/default/production/FreeRTOS/tasks.o
 .text.vTaskPlaceOnUnorderedEventList
                0x0000000000000000       0x8c build/default/production/FreeRTOS/tasks.o
 .text.xTaskRemoveFromEventList
                0x0000000000000000      0x17c build/default/production/FreeRTOS/tasks.o
 .text.vTaskRemoveFromUnorderedEventList
                0x0000000000000000      0x14e build/default/production/FreeRTOS/tasks.o
 .text.vTaskSetTimeOutState
                0x0000000000000000       0x20 build/default/production/FreeRTOS/tasks.o
 .text.vTaskInternalSetTimeOutState
                0x0000000000000000       0x16 build/default/production/FreeRTOS/tasks.o
 .text.xTaskCheckForTimeOut
                0x0000000000000000       0x62 build/default/production/FreeRTOS/tasks.o
 .text.vTaskMissedYield
                0x0000000000000000        0x8 build/default/production/FreeRTOS/tasks.o
 .text.xTaskGetCurrentTaskHandle
                0x0000000000000000        0xa build/default/production/FreeRTOS/tasks.o
 .text.xTaskGetCurrentTaskHandleForCore
                0x0000000000000000       0x14 build/default/production/FreeRTOS/tasks.o
 .text.xTaskPriorityInherit
                0x0000000000000000      0x128 build/default/production/FreeRTOS/tasks.o
 .text.xTaskPriorityDisinherit
                0x0000000000000000       0xc6 build/default/production/FreeRTOS/tasks.o
 .text.vTaskPriorityDisinheritAfterTimeout
                0x0000000000000000       0xe6 build/default/production/FreeRTOS/tasks.o
 .text.uxTaskResetEventItemValue
                0x0000000000000000       0x2e build/default/production/FreeRTOS/tasks.o
 .text.pvTaskIncrementMutexHeldCount
                0x0000000000000000       0x16 build/default/production/FreeRTOS/tasks.o
 .text.ulTaskGenericNotifyTake
                0x0000000000000000      0x120 build/default/production/FreeRTOS/tasks.o
 .text.xTaskGenericNotifyWait
                0x0000000000000000      0x176 build/default/production/FreeRTOS/tasks.o
 .text.xTaskGenericNotify
                0x0000000000000000      0x204 build/default/production/FreeRTOS/tasks.o
 .text.xTaskGenericNotifyFromISR
                0x0000000000000000      0x258 build/default/production/FreeRTOS/tasks.o
 .text.vTaskGenericNotifyGiveFromISR
                0x0000000000000000      0x194 build/default/production/FreeRTOS/tasks.o
 .text.xTaskGenericNotifyStateClear
                0x0000000000000000       0x34 build/default/production/FreeRTOS/tasks.o
 .text.ulTaskGenericNotifyValueClear
                0x0000000000000000       0x68 build/default/production/FreeRTOS/tasks.o
 .text.vTaskResetState
                0x0000000000000000       0x42 build/default/production/FreeRTOS/tasks.o
 .text          0x0000000000000000        0x0 build/default/production/FreeRTOS/timers.o
 .data          0x0000000000000000        0x0 build/default/production/FreeRTOS/timers.o
 .bss           0x0000000000000000        0x0 build/default/production/FreeRTOS/timers.o
 .debug_info    0x0000000000000000      0x23a build/default/production/FreeRTOS/timers.o
 .debug_abbrev  0x0000000000000000       0x1b build/default/production/FreeRTOS/timers.o
 .debug_aranges
                0x0000000000000000       0x18 build/default/production/FreeRTOS/timers.o
 .debug_line    0x0000000000000000       0x1a build/default/production/FreeRTOS/timers.o
 .debug_str     0x0000000000000000        0x0 build/default/production/FreeRTOS/timers.o
 .comment       0x0000000000000000       0x30 build/default/production/FreeRTOS/timers.o
 .text          0x0000000000000000        0x0 build/default/production/FreeRTOS/portable/GCC/ATMega328/port.o
 .data          0x0000000000000000        0x0 build/default/production/FreeRTOS/portable/GCC/ATMega328/port.o
 .bss           0x0000000000000000        0x0 build/default/production/FreeRTOS/portable/GCC/ATMega328/port.o
 .text.vPortEndScheduler
                0x0000000000000000        0x2 build/default/production/FreeRTOS/portable/GCC/ATMega328/port.o
 .text          0x0000000000000000        0x0 build/default/production/FreeRTOS/portable/MemMang/heap_4.o
 .data          0x0000000000000000        0x0 build/default/production/FreeRTOS/portable/MemMang/heap_4.o
 .bss           0x0000000000000000        0x0 build/default/production/FreeRTOS/portable/MemMang/heap_4.o
 .text.xPortGetMinimumEverFreeHeapSize
                0x0000000000000000        0xa build/default/production/FreeRTOS/portable/MemMang/heap_4.o
 .text.vPortInitialiseBlocks
                0x0000000000000000        0x2 build/default/production/FreeRTOS/portable/MemMang/heap_4.o
 .text.pvPortCalloc
                0x0000000000000000       0x5c build/default/production/FreeRTOS/portable/MemMang/heap_4.o
 .text.vPortGetHeapStats
                0x0000000000000000       0xd8 build/default/production/FreeRTOS/portable/MemMang/heap_4.o
 .text.vPortHeapResetState
                0x0000000000000000       0x2a build/default/production/FreeRTOS/portable/MemMang/heap_4.o
 .text          0x0000000000000000        0x0 c:/program files/microchip/xc8/v2.50/avr/bin/../lib/gcc/avr/5.4.0/avr5\libgcc.a(_udivmodhi4.o)
 .data          0x0000000000000000        0x0 c:/program files/microchip/xc8/v2.50/avr/bin/../lib/gcc/avr/5.4.0/avr5\libgcc.a(_udivmodhi4.o)
 .bss           0x0000000000000000        0x0 c:/program files/microchip/xc8/v2.50/avr/bin/../lib/gcc/avr/5.4.0/avr5\libgcc.a(_udivmodhi4.o)
 .text.libgcc.mul
                0x0000000000000000        0x0 c:/program files/microchip/xc8/v2.50/avr/bin/../lib/gcc/avr/5.4.0/avr5\libgcc.a(_udivmodhi4.o)
 .text.libgcc.div
                0x0000000000000000       0x28 c:/program files/microchip/xc8/v2.50/avr/bin/../lib/gcc/avr/5.4.0/avr5\libgcc.a(_udivmodhi4.o)
 .stack.descriptors.hdr
                0x0000000000000000        0xe c:/program files/microchip/xc8/v2.50/avr/bin/../lib/gcc/avr/5.4.0/avr5\libgcc.a(_udivmodhi4.o)
 .stack.descriptors
                0x0000000000000000       0x1a c:/program files/microchip/xc8/v2.50/avr/bin/../lib/gcc/avr/5.4.0/avr5\libgcc.a(_udivmodhi4.o)
 .text.libgcc   0x0000000000000000        0x0 c:/program files/microchip/xc8/v2.50/avr/bin/../lib/gcc/avr/5.4.0/avr5\libgcc.a(_udivmodhi4.o)
 .text.libgcc.prologue
                0x0000000000000000        0x0 c:/program files/microchip/xc8/v2.50/avr/bin/../lib/gcc/avr/5.4.0/avr5\libgcc.a(_udivmodhi4.o)
 .text.libgcc.builtins
                0x0000000000000000        0x0 c:/program files/microchip/xc8/v2.50/avr/bin/../lib/gcc/avr/5.4.0/avr5\libgcc.a(_udivmodhi4.o)
 .text.libgcc.fmul
                0x0000000000000000        0x0 c:/program files/microchip/xc8/v2.50/avr/bin/../lib/gcc/avr/5.4.0/avr5\libgcc.a(_udivmodhi4.o)
 .text.libgcc.fixed
                0x0000000000000000        0x0 c:/program files/microchip/xc8/v2.50/avr/bin/../lib/gcc/avr/5.4.0/avr5\libgcc.a(_udivmodhi4.o)
 .text          0x0000000000000000        0x0 c:/program files/microchip/xc8/v2.50/avr/bin/../lib/gcc/avr/5.4.0/avr5\libgcc.a(_copy_data.o)
 .data          0x0000000000000000        0x0 c:/program files/microchip/xc8/v2.50/avr/bin/../lib/gcc/avr/5.4.0/avr5\libgcc.a(_copy_data.o)
 .bss           0x0000000000000000        0x0 c:/program files/microchip/xc8/v2.50/avr/bin/../lib/gcc/avr/5.4.0/avr5\libgcc.a(_copy_data.o)
 .text.libgcc.mul
                0x0000000000000000        0x0 c:/program files/microchip/xc8/v2.50/avr/bin/../lib/gcc/avr/5.4.0/avr5\libgcc.a(_copy_data.o)
 .text.libgcc.div
                0x0000000000000000        0x0 c:/program files/microchip/xc8/v2.50/avr/bin/../lib/gcc/avr/5.4.0/avr5\libgcc.a(_copy_data.o)
 .text.libgcc   0x0000000000000000        0x0 c:/program files/microchip/xc8/v2.50/avr/bin/../lib/gcc/avr/5.4.0/avr5\libgcc.a(_copy_data.o)
 .text.libgcc.prologue
                0x0000000000000000        0x0 c:/program files/microchip/xc8/v2.50/avr/bin/../lib/gcc/avr/5.4.0/avr5\libgcc.a(_copy_data.o)
 .text.libgcc.builtins
                0x0000000000000000        0x0 c:/program files/microchip/xc8/v2.50/avr/bin/../lib/gcc/avr/5.4.0/avr5\libgcc.a(_copy_data.o)
 .text.libgcc.fmul
                0x0000000000000000        0x0 c:/program files/microchip/xc8/v2.50/avr/bin/../lib/gcc/avr/5.4.0/avr5\libgcc.a(_copy_data.o)
 .text.libgcc.fixed
                0x0000000000000000        0x0 c:/program files/microchip/xc8/v2.50/avr/bin/../lib/gcc/avr/5.4.0/avr5\libgcc.a(_copy_data.o)
 .text          0x0000000000000000        0x0 c:/program files/microchip/xc8/v2.50/avr/bin/../lib/gcc/avr/5.4.0/avr5\libgcc.a(_umulhisi3.o)
 .data          0x0000000000000000        0x0 c:/program files/microchip/xc8/v2.50/avr/bin/../lib/gcc/avr/5.4.0/avr5\libgcc.a(_umulhisi3.o)
 .bss           0x0000000000000000        0x0 c:/program files/microchip/xc8/v2.50/avr/bin/../lib/gcc/avr/5.4.0/avr5\libgcc.a(_umulhisi3.o)
 .stack.descriptors
                0x0000000000000000       0x19 c:/program files/microchip/xc8/v2.50/avr/bin/../lib/gcc/avr/5.4.0/avr5\libgcc.a(_umulhisi3.o)
 .text.libgcc.div
                0x0000000000000000        0x0 c:/program files/microchip/xc8/v2.50/avr/bin/../lib/gcc/avr/5.4.0/avr5\libgcc.a(_umulhisi3.o)
 .text.libgcc   0x0000000000000000        0x0 c:/program files/microchip/xc8/v2.50/avr/bin/../lib/gcc/avr/5.4.0/avr5\libgcc.a(_umulhisi3.o)
 .text.libgcc.prologue
                0x0000000000000000        0x0 c:/program files/microchip/xc8/v2.50/avr/bin/../lib/gcc/avr/5.4.0/avr5\libgcc.a(_umulhisi3.o)
 .text.libgcc.builtins
                0x0000000000000000        0x0 c:/program files/microchip/xc8/v2.50/avr/bin/../lib/gcc/avr/5.4.0/avr5\libgcc.a(_umulhisi3.o)
 .text.libgcc.fmul
                0x0000000000000000        0x0 c:/program files/microchip/xc8/v2.50/avr/bin/../lib/gcc/avr/5.4.0/avr5\libgcc.a(_umulhisi3.o)
 .text.libgcc.fixed
                0x0000000000000000        0x0 c:/program files/microchip/xc8/v2.50/avr/bin/../lib/gcc/avr/5.4.0/avr5\libgcc.a(_umulhisi3.o)
 .text          0x0000000000000000        0x0 c:/program files/microchip/xc8/v2.50/avr/bin/../lib/gcc/avr/5.4.0/../../../../avr/lib/avr5\libc.a(exit.o)
 .data          0x0000000000000000        0x0 c:/program files/microchip/xc8/v2.50/avr/bin/../lib/gcc/avr/5.4.0/../../../../avr/lib/avr5\libc.a(exit.o)
 .bss           0x0000000000000000        0x0 c:/program files/microchip/xc8/v2.50/avr/bin/../lib/gcc/avr/5.4.0/../../../../avr/lib/avr5\libc.a(exit.o)
 .stack.descriptors
                0x0000000000000000       0x73 c:/program files/microchip/xc8/v2.50/avr/bin/../lib/gcc/avr/5.4.0/../../../../avr/lib/avr5\libc.a(exit.o)
 .text          0x0000000000000000        0x0 c:/program files/microchip/xc8/v2.50/avr/bin/../lib/gcc/avr/5.4.0/../../../../avr/lib/avr5\libc.a(memcpy.o)
 .data          0x0000000000000000        0x0 c:/program files/microchip/xc8/v2.50/avr/bin/../lib/gcc/avr/5.4.0/../../../../avr/lib/avr5\libc.a(memcpy.o)
 .bss           0x0000000000000000        0x0 c:/program files/microchip/xc8/v2.50/avr/bin/../lib/gcc/avr/5.4.0/../../../../avr/lib/avr5\libc.a(memcpy.o)
 .stack.descriptors
                0x0000000000000000       0x14 c:/program files/microchip/xc8/v2.50/avr/bin/../lib/gcc/avr/5.4.0/../../../../avr/lib/avr5\libc.a(memcpy.o)
 .text.memcpy   0x0000000000000000       0x16 c:/program files/microchip/xc8/v2.50/avr/bin/../lib/gcc/avr/5.4.0/../../../../avr/lib/avr5\libc.a(memcpy.o)
 .comment       0x0000000000000000       0x2d c:/program files/microchip/xc8/v2.50/avr/bin/../lib/gcc/avr/5.4.0/../../../../avr/lib/avr5\libc.a(memcpy.o)
 .stack.descriptors.hdr
                0x0000000000000000        0xe c:/program files/microchip/xc8/v2.50/avr/bin/../lib/gcc/avr/5.4.0/../../../../avr/lib/avr5\libc.a(memcpy.o)
 .note.GNU-stack
                0x0000000000000000        0x0 c:/program files/microchip/xc8/v2.50/avr/bin/../lib/gcc/avr/5.4.0/../../../../avr/lib/avr5\libc.a(memcpy.o)
 .text          0x0000000000000000        0x0 c:/program files/microchip/xc8/v2.50/avr/bin/../lib/gcc/avr/5.4.0/../../../../avr/lib/avr5\libc.a(memset.o)
 .data          0x0000000000000000        0x0 c:/program files/microchip/xc8/v2.50/avr/bin/../lib/gcc/avr/5.4.0/../../../../avr/lib/avr5\libc.a(memset.o)
 .bss           0x0000000000000000        0x0 c:/program files/microchip/xc8/v2.50/avr/bin/../lib/gcc/avr/5.4.0/../../../../avr/lib/avr5\libc.a(memset.o)
 .stack.descriptors
                0x0000000000000000       0x14 c:/program files/microchip/xc8/v2.50/avr/bin/../lib/gcc/avr/5.4.0/../../../../avr/lib/avr5\libc.a(memset.o)
 .text          0x0000000000000000        0x0 c:/program files/microchip/xc8/v2.50/avr/bin/../lib/gcc/avr/5.4.0/../../../../avr/lib/avr5\libc.a(strcmp.o)
 .data          0x0000000000000000        0x0 c:/program files/microchip/xc8/v2.50/avr/bin/../lib/gcc/avr/5.4.0/../../../../avr/lib/avr5\libc.a(strcmp.o)
 .bss           0x0000000000000000        0x0 c:/program files/microchip/xc8/v2.50/avr/bin/../lib/gcc/avr/5.4.0/../../../../avr/lib/avr5\libc.a(strcmp.o)
 .stack.descriptors
                0x0000000000000000       0x14 c:/program files/microchip/xc8/v2.50/avr/bin/../lib/gcc/avr/5.4.0/../../../../avr/lib/avr5\libc.a(strcmp.o)
 .text          0x0000000000000000        0x0 c:/program files/microchip/xc8/v2.50/avr/bin/../lib/gcc/avr/5.4.0/../../../../avr/lib/avr5\libc.a(strncmp.o)
 .data          0x0000000000000000        0x0 c:/program files/microchip/xc8/v2.50/avr/bin/../lib/gcc/avr/5.4.0/../../../../avr/lib/avr5\libc.a(strncmp.o)
 .bss           0x0000000000000000        0x0 c:/program files/microchip/xc8/v2.50/avr/bin/../lib/gcc/avr/5.4.0/../../../../avr/lib/avr5\libc.a(strncmp.o)
 .stack.descriptors
                0x0000000000000000       0x15 c:/program files/microchip/xc8/v2.50/avr/bin/../lib/gcc/avr/5.4.0/../../../../avr/lib/avr5\libc.a(strncmp.o)
 .text          0x0000000000000000        0x0 c:/program files/microchip/xc8/v2.50/avr/bin/../lib/gcc/avr/5.4.0/../../../../avr/lib/avr5\libc.a(_Exit.o)
 .data          0x0000000000000000        0x0 c:/program files/microchip/xc8/v2.50/avr/bin/../lib/gcc/avr/5.4.0/../../../../avr/lib/avr5\libc.a(_Exit.o)
 .bss           0x0000000000000000        0x0 c:/program files/microchip/xc8/v2.50/avr/bin/../lib/gcc/avr/5.4.0/../../../../avr/lib/avr5\libc.a(_Exit.o)
 .stack.descriptors
                0x0000000000000000       0x13 c:/program files/microchip/xc8/v2.50/avr/bin/../lib/gcc/avr/5.4.0/../../../../avr/lib/avr5\libc.a(_Exit.o)
 .text          0x0000000000000000        0x0 C:/Program Files/Microchip/MPLABX/v6.20/packs/Microchip/ATmega_DFP/3.1.264/xc8/avr/lib/avr5\libatmega328p.a(eerd_block.o)
 .data          0x0000000000000000        0x0 C:/Program Files/Microchip/MPLABX/v6.20/packs/Microchip/ATmega_DFP/3.1.264/xc8/avr/lib/avr5\libatmega328p.a(eerd_block.o)
 .bss           0x0000000000000000        0x0 C:/Program Files/Microchip/MPLABX/v6.20/packs/Microchip/ATmega_DFP/3.1.264/xc8/avr/lib/avr5\libatmega328p.a(eerd_block.o)
 .stack.descriptors
                0x0000000000000000       0x3e C:/Program Files/Microchip/MPLABX/v6.20/packs/Microchip/ATmega_DFP/3.1.264/xc8/avr/lib/avr5\libatmega328p.a(eerd_block.o)
 .text          0x0000000000000000        0x0 C:/Program Files/Microchip/MPLABX/v6.20/packs/Microchip/ATmega_DFP/3.1.264/xc8/avr/lib/avr5\libatmega328p.a(eeupd_block.o)
 .data          0x0000000000000000        0x0 C:/Program Files/Microchip/MPLABX/v6.20/packs/Microchip/ATmega_DFP/3.1.264/xc8/avr/lib/avr5\libatmega328p.a(eeupd_block.o)
 .bss           0x0000000000000000        0x0 C:/Program Files/Microchip/MPLABX/v6.20/packs/Microchip/ATmega_DFP/3.1.264/xc8/avr/lib/avr5\libatmega328p.a(eeupd_block.o)
 .stack.descriptors
                0x0000000000000000       0x21 C:/Program Files/Microchip/MPLABX/v6.20/packs/Microchip/ATmega_DFP/3.1.264/xc8/avr/lib/avr5\libatmega328p.a(eeupd_block.o)
 .text          0x0000000000000000        0x0 C:/Program Files/Microchip/MPLABX/v6.20/packs/Microchip/ATmega_DFP/3.1.264/xc8/avr/lib/avr5\libatmega328p.a(eeupd_byte.o)
 .data          0x0000000000000000        0x0 C:/Program Files/Microchip/MPLABX/v6.20/packs/Microchip/ATmega_DFP/3.1.264/xc8/avr/lib/avr5\libatmega328p.a(eeupd_byte.o)
 .bss           0x0000000000000000        0x0 C:/Program Files/Microchip/MPLABX/v6.20/packs/Microchip/ATmega_DFP/3.1.264/xc8/avr/lib/avr5\libatmega328p.a(eeupd_byte.o)
 .stack.descriptors
                0x0000000000000000       0x3f C:/Program Files/Microchip/MPLABX/v6.20/packs/Microchip/ATmega_DFP/3.1.264/xc8/avr/lib/avr5\libatmega328p.a(eeupd_byte.o)
 .text          0x0000000000000000        0x0 c:/program files/microchip/xc8/v2.50/avr/bin/../lib/gcc/avr/5.4.0/avr5\libgcc.a(_exit.o)
 .data          0x0000000000000000        0x0 c:/program files/microchip/xc8/v2.50/avr/bin/../lib/gcc/avr/5.4.0/avr5\libgcc.a(_exit.o)
 .bss           0x0000000000000000        0x0 c:/program files/microchip/xc8/v2.50/avr/bin/../lib/gcc/avr/5.4.0/avr5\libgcc.a(_exit.o)
 .text.libgcc.mul
                0x0000000000000000        0x0 c:/program files/microchip/xc8/v2.50/avr/bin/../lib/gcc/avr/5.4.0/avr5\libgcc.a(_exit.o)
 .text.libgcc.div
                0x0000000000000000        0x0 c:/program files/microchip/xc8/v2.50/avr/bin/../lib/gcc/avr/5.4.0/avr5\libgcc.a(_exit.o)
 .text.libgcc   0x0000000000000000        0x0 c:/program files/microchip/xc8/v2.50/avr/bin/../lib/gcc/avr/5.4.0/avr5\libgcc.a(_exit.o)
 .text.libgcc.prologue
                0x0000000000000000        0x0 c:/program files/microchip/xc8/v2.50/avr/bin/../lib/gcc/avr/5.4.0/avr5\libgcc.a(_exit.o)
 .stack.descriptors
                0x0000000000000000       0x13 c:/program files/microchip/xc8/v2.50/avr/bin/../lib/gcc/avr/5.4.0/avr5\libgcc.a(_exit.o)
 .text.libgcc.builtins
                0x0000000000000000        0x0 c:/program files/microchip/xc8/v2.50/avr/bin/../lib/gcc/avr/5.4.0/avr5\libgcc.a(_exit.o)
 .text.libgcc.fmul
                0x0000000000000000        0x0 c:/program files/microchip/xc8/v2.50/avr/bin/../lib/gcc/avr/5.4.0/avr5\libgcc.a(_exit.o)
 .text.libgcc.fixed
                0x0000000000000000        0x0 c:/program files/microchip/xc8/v2.50/avr/bin/../lib/gcc/avr/5.4.0/avr5\libgcc.a(_exit.o)

Memory Configuration

Name             Origin             Length             Attributes
text             0x0000000000000000 0x0000000000008000 xr
data             0x0000000000800100 0x0000000000000800 rw !x
eeprom           0x0000000000810000 0x0000000000000400 rw !x
fuse             0x0000000000820000 0x0000000000000003 rw !x
lock             0x0000000000830000 0x0000000000000400 rw !x
signature        0x0000000000840000 0x0000000000000400 rw !x
user_signatures  0x0000000000850000 0x0000000000000400 rw !x
bootrow          0x0000000000860000 0x0000000000000400 rw !x
*default*        0x0000000000000000 0xffffffffffffffff

Linker script and memory map

Address of section .data set to 0x800100
LOAD C:/Program Files/Microchip/MPLABX/v6.20/packs/Microchip/ATmega_DFP/3.1.264/xc8/avr/lib/avr5/crtatmega328p.o
                0x0000000000000001                __MPLAB_BUILD = 0x1
LOAD build/default/production/main.o
LOAD build/default/production/FreeRTOS/croutine.o
LOAD build/default/production/FreeRTOS/event_groups.o
LOAD build/default/production/FreeRTOS/list.o
LOAD build/default/production/FreeRTOS/queue.o
LOAD build/default/production/FreeRTOS/tasks.o
LOAD build/default/production/FreeRTOS/timers.o
LOAD build/default/production/FreeRTOS/portable/GCC/ATMega328/port.o
LOAD build/default/production/FreeRTOS/portable/MemMang/heap_4.o
START GROUP
LOAD c:/program files/microchip/xc8/v2.50/avr/bin/../lib/gcc/avr/5.4.0/../../../../avr/lib/avr5\libm.a
END GROUP
START GROUP
LOAD c:/program files/microchip/xc8/v2.50/avr/bin/../lib/gcc/avr/5.4.0/avr5\libgcc.a
LOAD c:/program files/microchip/xc8/v2.50/avr/bin/../lib/gcc/avr/5.4.0/../../../../avr/lib/avr5\libm.a
LOAD c:/program files/microchip/xc8/v2.50/avr/bin/../lib/gcc/avr/5.4.0/../../../../avr/lib/avr5\libc.a
LOAD C:/Program Files/Microchip/MPLABX/v6.20/packs/Microchip/ATmega_DFP/3.1.264/xc8/avr/lib/avr5\libatmega328p.a
END GROUP
                0x0000000000000000                __TEXT_REGION_ORIGIN__ = DEFINED (__TEXT_REGION_ORIGIN__)?__TEXT_REGION_ORIGIN__:0x0
                [0x0000000000800100]                __DATA_REGION_ORIGIN__ = DEFINED (__DATA_REGION_ORIGIN__)?__DATA_REGION_ORIGIN__:0x800060
                [0x0000000000008000]                __TEXT_REGION_LENGTH__ = DEFINED (__TEXT_REGION_LENGTH__)?__TEXT_REGION_LENGTH__:0x20000
                [0x0000000000000800]                __DATA_REGION_LENGTH__ = DEFINED (__DATA_REGION_LENGTH__)?__DATA_REGION_LENGTH__:0xffa0
                [0x0000000000000400]                __EEPROM_REGION_LENGTH__ = DEFINED (__EEPROM_REGION_LENGTH__)?__EEPROM_REGION_LENGTH__:0x10000
                [0x0000000000000003]                __FUSE_REGION_LENGTH__ = DEFINED (__FUSE_REGION_LENGTH__)?__FUSE_REGION_LENGTH__:0x400
                0x0000000000000400                __LOCK_REGION_LENGTH__ = DEFINED (__LOCK_REGION_LENGTH__)?__LOCK_REGION_LENGTH__:0x400
                0x0000000000000400                __SIGNATURE_REGION_LENGTH__ = DEFINED (__SIGNATURE_REGION_LENGTH__)?__SIGNATURE_REGION_LENGTH__:0x400
                0x0000000000000400                __USER_SIGNATURE_REGION_LENGTH__ = DEFINED (__USER_SIGNATURE_REGION_LENGTH__)?__USER_SIGNATURE_REGION_LENGTH__:0x400
                0x0000000000000400                __BOOTROW_REGION_LENGTH__ = DEFINED (__BOOTROW_REGION_LENGTH__)?__BOOTROW_REGION_LENGTH__:0x400

.hash
 *(.hash)

.dynsym
 *(.dynsym)

.dynstr
 *(.dynstr)

.gnu.version
 *(.gnu.version)

.gnu.version_d
 *(.gnu.version_d)

.gnu.version_r
 *(.gnu.version_r)

.rel.init
 *(.rel.init)

.rela.init
 *(.rela.init)

.rel.text
 *(.rel.text)
 *(.rel.text.*)
 *(.rel.gnu.linkonce.t*)

.rela.text
 *(.rela.text)
 *(.rela.text.*)
 *(.rela.gnu.linkonce.t*)

.rel.fini
 *(.rel.fini)

.rela.fini
 *(.rela.fini)

.rel.rodata
 *(.rel.rodata)
 *(.rel.rodata.*)
 *(.rel.gnu.linkonce.r*)

.rela.rodata
 *(.rela.rodata)
 *(.rela.rodata.*)
 *(.rela.gnu.linkonce.r*)

.rel.data
 *(.rel.data)
 *(.rel.data.*)
 *(.rel.gnu.linkonce.d*)

.rela.data
 *(.rela.data)
 *(.rela.data.*)
 *(.rela.gnu.linkonce.d*)

.rel.ctors
 *(.rel.ctors)

.rela.ctors
 *(.rela.ctors)

.rel.dtors
 *(.rel.dtors)

.rela.dtors
 *(.rela.dtors)

.rel.got
 *(.rel.got)

.rela.got
 *(.rela.got)

.rel.bss
 *(.rel.bss)

.rela.bss
 *(.rela.bss)

.rel.plt
 *(.rel.plt)

.rela.plt
 *(.rela.plt)

.text           0x0000000000000000       0xe6
 *(.vectors)
 .vectors       0x0000000000000000       0x68 C:/Program Files/Microchip/MPLABX/v6.20/packs/Microchip/ATmega_DFP/3.1.264/xc8/avr/lib/avr5/crtatmega328p.o
                0x0000000000000000                __vector_default
                0x0000000000000000                __vectors
 *(.vectors)
 *(.progmem.gcc*)
 *(.dinit)
 .dinit         0x0000000000000068       0x29 data_init
                0x0000000000000092                . = ALIGN (0x2)
 *fill*         0x0000000000000091        0x1 
                0x0000000000000092                __trampolines_start = .
 *(.trampolines)
 .trampolines   0x0000000000000092        0x0 linker stubs
 *(.trampolines*)
                0x0000000000000092                __trampolines_end = .
 *libprintf_flt.a:*(.progmem.data)
 *libc.a:*(.progmem.data)
                0x0000000000000092                . = ALIGN (0x2)
 *(.jumptables)
 *(.jumptables*)
 *(.lowtext)
 *(.lowtext*)
                0x0000000000000092                __ctors_start = .
 *(.ctors)
                0x0000000000000092                __ctors_end = .
                0x0000000000000092                __dtors_start = .
 *(.dtors)
                0x0000000000000092                __dtors_end = .
 SORT(*)(.ctors)
 SORT(*)(.dtors)
 *(.init0)
 .init0         0x0000000000000092        0x0 C:/Program Files/Microchip/MPLABX/v6.20/packs/Microchip/ATmega_DFP/3.1.264/xc8/avr/lib/avr5/crtatmega328p.o
                0x0000000000000092                __init
 *(.init0)
 *(.init1)
 *(.init1)
 *(.init2)
 .init2         0x0000000000000092        0xc C:/Program Files/Microchip/MPLABX/v6.20/packs/Microchip/ATmega_DFP/3.1.264/xc8/avr/lib/avr5/crtatmega328p.o
 *(.init2)
 *(.init3)
 *(.init3)
 *(.init4)
 .init4         0x000000000000009e       0x3c c:/program files/microchip/xc8/v2.50/avr/bin/../lib/gcc/avr/5.4.0/avr5\libgcc.a(_copy_data.o)
                0x000000000000009e                __do_copy_data
                0x00000000000000cc                __do_clear_bss
 *(.init4)
 *(.init5)
 *(.init5)
 *(.init6)
 *(.init6)
 *(.init7)
 *(.init7)
 *(.init8)
 *(.init8)
 *(.init9)
 .init9         0x00000000000000da        0x8 C:/Program Files/Microchip/MPLABX/v6.20/packs/Microchip/ATmega_DFP/3.1.264/xc8/avr/lib/avr5/crtatmega328p.o
 *(.init9)
                0x00000000000000e2                . = ALIGN (0x2)
 *(.fini9)
 .fini9         0x00000000000000e2        0x0 c:/program files/microchip/xc8/v2.50/avr/bin/../lib/gcc/avr/5.4.0/avr5\libgcc.a(_exit.o)
                0x00000000000000e2                _exit
 *(.fini9)
 *(.fini8)
 *(.fini8)
 *(.fini7)
 *(.fini7)
 *(.fini6)
 *(.fini6)
 *(.fini5)
 *(.fini5)
 *(.fini4)
 *(.fini4)
 *(.fini3)
 *(.fini3)
 *(.fini2)
 *(.fini2)
 *(.fini1)
 *(.fini1)
 *(.fini0)
 .fini0         0x00000000000000e2        0x4 c:/program files/microchip/xc8/v2.50/avr/bin/../lib/gcc/avr/5.4.0/avr5\libgcc.a(_exit.o)
 *(.fini0)
                0x00000000000000e6                _etext = .

.data           0x0000000000800100        0x0 load address 0x00000000000000e6
                [!provide]                        PROVIDE (__data_start, .)
 *(.gnu.linkonce.d*)
 *(.gnu.linkonce.r*)
                0x0000000000800100                . = ALIGN (0x2)
                0x0000000000800100                _edata = .
                [!provide]                        PROVIDE (__data_end, .)

.bss            0x0000000000800100        0x0
                [!provide]                        PROVIDE (__bss_start, .)
 *(COMMON)
                [!provide]                        PROVIDE (__bss_end, .)
                0x00000000000000e6                __data_load_start = LOADADDR (.data)
                0x00000000000000e6                __data_load_end = (__data_load_start + SIZEOF (.data))

.noinit         0x0000000000800100        0x0
                [!provide]                        PROVIDE (__noinit_start, .)
 *(.noinit*)
                [!provide]                        PROVIDE (__noinit_end, .)
                0x0000000000800100                _end = .

.eeprom         0x0000000000810000        0x0
 *(.eeprom*)
                0x0000000000810000                __eeprom_end = .

.fuse
 *(.fuse)
 *(.lfuse)
 *(.hfuse)
 *(.efuse)

.lock
 *(.lock*)

.signature
 *(.signature*)

.user_signatures
 *(.user_signatures*)

.bootrow
 *(.bootrow*)

.stab
 *(.stab)

.stabstr
 *(.stabstr)

.stab.excl
 *(.stab.excl)

.stab.exclstr
 *(.stab.exclstr)

.stab.index
 *(.stab.index)

.stab.indexstr
 *(.stab.indexstr)

.comment        0x0000000000000000       0x5b
 *(.comment)
 .comment       0x0000000000000000       0x2f build/default/production/main.o
                                         0x30 (size before relaxing)
 .comment       0x000000000000002f       0x30 build/default/production/FreeRTOS/list.o
 .comment       0x000000000000002f       0x30 build/default/production/FreeRTOS/tasks.o
 .comment       0x000000000000002f       0x30 build/default/production/FreeRTOS/portable/GCC/ATMega328/port.o
 .comment       0x000000000000002f       0x30 build/default/production/FreeRTOS/portable/MemMang/heap_4.o
 .comment       0x000000000000002f       0x2c c:/program files/microchip/xc8/v2.50/avr/bin/../lib/gcc/avr/5.4.0/../../../../avr/lib/avr5\libc.a(exit.o)
                                         0x2d (size before relaxing)
 .comment       0x000000000000005b       0x2d c:/program files/microchip/xc8/v2.50/avr/bin/../lib/gcc/avr/5.4.0/../../../../avr/lib/avr5\libc.a(memset.o)
 .comment       0x000000000000005b       0x2d c:/program files/microchip/xc8/v2.50/avr/bin/../lib/gcc/avr/5.4.0/../../../../avr/lib/avr5\libc.a(strcmp.o)
 .comment       0x000000000000005b       0x2d c:/program files/microchip/xc8/v2.50/avr/bin/../lib/gcc/avr/5.4.0/../../../../avr/lib/avr5\libc.a(strncmp.o)
 .comment       0x000000000000005b       0x2d c:/program files/microchip/xc8/v2.50/avr/bin/../lib/gcc/avr/5.4.0/../../../../avr/lib/avr5\libc.a(_Exit.o)

.stack.descriptors.hdr
                0x0000000000000000       0x8c
 .stack.descriptors.hdr
                0x0000000000000000        0xe c:/program files/microchip/xc8/v2.50/avr/bin/../lib/gcc/avr/5.4.0/avr5\libgcc.a(_umulhisi3.o)
 .stack.descriptors.hdr
                0x000000000000000e        0xe c:/program files/microchip/xc8/v2.50/avr/bin/../lib/gcc/avr/5.4.0/../../../../avr/lib/avr5\libc.a(exit.o)
 .stack.descriptors.hdr
                0x000000000000001c        0xe c:/program files/microchip/xc8/v2.50/avr/bin/../lib/gcc/avr/5.4.0/../../../../avr/lib/avr5\libc.a(memset.o)
 .stack.descriptors.hdr
                0x000000000000002a        0xe c:/program files/microchip/xc8/v2.50/avr/bin/../lib/gcc/avr/5.4.0/../../../../avr/lib/avr5\libc.a(strcmp.o)
 .stack.descriptors.hdr
                0x0000000000000038        0xe c:/program files/microchip/xc8/v2.50/avr/bin/../lib/gcc/avr/5.4.0/../../../../avr/lib/avr5\libc.a(strncmp.o)
 .stack.descriptors.hdr
                0x0000000000000046        0xe c:/program files/microchip/xc8/v2.50/avr/bin/../lib/gcc/avr/5.4.0/../../../../avr/lib/avr5\libc.a(_Exit.o)
 .stack.descriptors.hdr
                0x0000000000000054        0xe C:/Program Files/Microchip/MPLABX/v6.20/packs/Microchip/ATmega_DFP/3.1.264/xc8/avr/lib/avr5\libatmega328p.a(eerd_block.o)
 .stack.descriptors.hdr
                0x0000000000000062        0xe C:/Program Files/Microchip/MPLABX/v6.20/packs/Microchip/ATmega_DFP/3.1.264/xc8/avr/lib/avr5\libatmega328p.a(eeupd_block.o)
 .stack.descriptors.hdr
                0x0000000000000070        0xe C:/Program Files/Microchip/MPLABX/v6.20/packs/Microchip/ATmega_DFP/3.1.264/xc8/avr/lib/avr5\libatmega328p.a(eeupd_byte.o)
 .stack.descriptors.hdr
                0x000000000000007e        0xe c:/program files/microchip/xc8/v2.50/avr/bin/../lib/gcc/avr/5.4.0/avr5\libgcc.a(_exit.o)

.note.GNU-stack
                0x0000000000000000        0x0
 .note.GNU-stack
                0x0000000000000000        0x0 c:/program files/microchip/xc8/v2.50/avr/bin/../lib/gcc/avr/5.4.0/../../../../avr/lib/avr5\libc.a(exit.o)
 .note.GNU-stack
                0x0000000000000000        0x0 c:/program files/microchip/xc8/v2.50/avr/bin/../lib/gcc/avr/5.4.0/../../../../avr/lib/avr5\libc.a(memset.o)
 .note.GNU-stack
                0x0000000000000000        0x0 c:/program files/microchip/xc8/v2.50/avr/bin/../lib/gcc/avr/5.4.0/../../../../avr/lib/avr5\libc.a(strcmp.o)
 .note.GNU-stack
                0x0000000000000000        0x0 c:/program files/microchip/xc8/v2.50/avr/bin/../lib/gcc/avr/5.4.0/../../../../avr/lib/avr5\libc.a(strncmp.o)
 .note.GNU-stack
                0x0000000000000000        0x0 c:/program files/microchip/xc8/v2.50/avr/bin/../lib/gcc/avr/5.4.0/../../../../avr/lib/avr5\libc.a(_Exit.o)

.note.gnu.build-id
 *(.note.gnu.build-id)

.debug
 *(.debug)

.line
 *(.line)

.debug_srcinfo
 *(.debug_srcinfo)

.debug_sfnames
 *(.debug_sfnames)

.debug_aranges  0x0000000000000000      0x348
 *(.debug_aranges)
 .debug_aranges
                0x0000000000000000       0xa0 build/default/production/main.o
 .debug_aranges
                0x00000000000000a0       0x40 build/default/production/FreeRTOS/list.o
 .debug_aranges
                0x00000000000000e0      0x168 build/default/production/FreeRTOS/tasks.o
 .debug_aranges
                0x0000000000000248       0x48 build/default/production/FreeRTOS/portable/GCC/ATMega328/port.o
 .debug_aranges
                0x0000000000000290       0x58 build/default/production/FreeRTOS/portable/MemMang/heap_4.o
 .debug_aranges
                0x00000000000002e8       0x20 C:/Program Files/Microchip/MPLABX/v6.20/packs/Microchip/ATmega_DFP/3.1.264/xc8/avr/lib/avr5\libatmega328p.a(eerd_block.o)
 .debug_aranges
                0x0000000000000308       0x20 C:/Program Files/Microchip/MPLABX/v6.20/packs/Microchip/ATmega_DFP/3.1.264/xc8/avr/lib/avr5\libatmega328p.a(eeupd_block.o)
 .debug_aranges
                0x0000000000000328       0x20 C:/Program Files/Microchip/MPLABX/v6.20/packs/Microchip/ATmega_DFP/3.1.264/xc8/avr/lib/avr5\libatmega328p.a(eeupd_byte.o)

.debug_pubnames
 *(.debug_pubnames)

.debug_info     0x0000000000000000     0x5b2c
 *(.debug_info .gnu.linkonce.wi.*)
 .debug_info    0x0000000000000000      0x5f4 C:/Program Files/Microchip/MPLABX/v6.20/packs/Microchip/ATmega_DFP/3.1.264/xc8/avr/lib/avr5/crtatmega328p.o
 .debug_info    0x00000000000005f4     0x163f build/default/production/main.o
 .debug_info    0x0000000000001c33      0x54a build/default/production/FreeRTOS/list.o
 .debug_info    0x000000000000217d     0x297c build/default/production/FreeRTOS/tasks.o
 .debug_info    0x0000000000004af9      0x4ed build/default/production/FreeRTOS/portable/GCC/ATMega328/port.o
 .debug_info    0x0000000000004fe6      0x94a build/default/production/FreeRTOS/portable/MemMang/heap_4.o
 .debug_info    0x0000000000005930       0xa9 C:/Program Files/Microchip/MPLABX/v6.20/packs/Microchip/ATmega_DFP/3.1.264/xc8/avr/lib/avr5\libatmega328p.a(eerd_block.o)
 .debug_info    0x00000000000059d9       0xaa C:/Program Files/Microchip/MPLABX/v6.20/packs/Microchip/ATmega_DFP/3.1.264/xc8/avr/lib/avr5\libatmega328p.a(eeupd_block.o)
 .debug_info    0x0000000000005a83       0xa9 C:/Program Files/Microchip/MPLABX/v6.20/packs/Microchip/ATmega_DFP/3.1.264/xc8/avr/lib/avr5\libatmega328p.a(eeupd_byte.o)

.debug_abbrev   0x0000000000000000     0x10be
 *(.debug_abbrev)
 .debug_abbrev  0x0000000000000000      0x5a2 C:/Program Files/Microchip/MPLABX/v6.20/packs/Microchip/ATmega_DFP/3.1.264/xc8/avr/lib/avr5/crtatmega328p.o
 .debug_abbrev  0x00000000000005a2      0x2bc build/default/production/main.o
 .debug_abbrev  0x000000000000085e      0x10f build/default/production/FreeRTOS/list.o
 .debug_abbrev  0x000000000000096d      0x375 build/default/production/FreeRTOS/tasks.o
 .debug_abbrev  0x0000000000000ce2      0x157 build/default/production/FreeRTOS/portable/GCC/ATMega328/port.o
 .debug_abbrev  0x0000000000000e39      0x249 build/default/production/FreeRTOS/portable/MemMang/heap_4.o
 .debug_abbrev  0x0000000000001082       0x14 C:/Program Files/Microchip/MPLABX/v6.20/packs/Microchip/ATmega_DFP/3.1.264/xc8/avr/lib/avr5\libatmega328p.a(eerd_block.o)
 .debug_abbrev  0x0000000000001096       0x14 C:/Program Files/Microchip/MPLABX/v6.20/packs/Microchip/ATmega_DFP/3.1.264/xc8/avr/lib/avr5\libatmega328p.a(eeupd_block.o)
 .debug_abbrev  0x00000000000010aa       0x14 C:/Program Files/Microchip/MPLABX/v6.20/packs/Microchip/ATmega_DFP/3.1.264/xc8/avr/lib/avr5\libatmega328p.a(eeupd_byte.o)

.debug_line     0x0000000000000000     0x25c2
 *(.debug_line .debug_line.* .debug_line_end)
 .debug_line    0x0000000000000000      0x134 C:/Program Files/Microchip/MPLABX/v6.20/packs/Microchip/ATmega_DFP/3.1.264/xc8/avr/lib/avr5/crtatmega328p.o
 .debug_line    0x0000000000000134      0x838 build/default/production/main.o
 .debug_line    0x000000000000096c      0x1f4 build/default/production/FreeRTOS/list.o
 .debug_line    0x0000000000000b60     0x11be build/default/production/FreeRTOS/tasks.o
 .debug_line    0x0000000000001d1e      0x2c9 build/default/production/FreeRTOS/portable/GCC/ATMega328/port.o
 .debug_line    0x0000000000001fe7      0x3d5 build/default/production/FreeRTOS/portable/MemMang/heap_4.o
 .debug_line    0x00000000000023bc       0xab C:/Program Files/Microchip/MPLABX/v6.20/packs/Microchip/ATmega_DFP/3.1.264/xc8/avr/lib/avr5\libatmega328p.a(eerd_block.o)
 .debug_line    0x0000000000002467       0xa5 C:/Program Files/Microchip/MPLABX/v6.20/packs/Microchip/ATmega_DFP/3.1.264/xc8/avr/lib/avr5\libatmega328p.a(eeupd_block.o)
 .debug_line    0x000000000000250c       0xb6 C:/Program Files/Microchip/MPLABX/v6.20/packs/Microchip/ATmega_DFP/3.1.264/xc8/avr/lib/avr5\libatmega328p.a(eeupd_byte.o)

.debug_frame    0x0000000000000000      0x9c8
 *(.debug_frame)
 .debug_frame   0x0000000000000000      0x298 build/default/production/main.o
 .debug_frame   0x0000000000000298       0x88 build/default/production/FreeRTOS/list.o
 .debug_frame   0x0000000000000320      0x544 build/default/production/FreeRTOS/tasks.o
 .debug_frame   0x0000000000000864       0x74 build/default/production/FreeRTOS/portable/GCC/ATMega328/port.o
 .debug_frame   0x00000000000008d8       0xf0 build/default/production/FreeRTOS/portable/MemMang/heap_4.o

.debug_str      0x0000000000000000      0x618
 *(.debug_str)
 .debug_str     0x0000000000000000      0x208 C:/Program Files/Microchip/MPLABX/v6.20/packs/Microchip/ATmega_DFP/3.1.264/xc8/avr/lib/avr5/crtatmega328p.o
 .debug_str     0x0000000000000208       0xb3 build/default/production/main.o
 .debug_str     0x00000000000002bb       0x2b build/default/production/FreeRTOS/list.o
 .debug_str     0x00000000000002e6      0x296 build/default/production/FreeRTOS/tasks.o
 .debug_str     0x000000000000057c       0x26 build/default/production/FreeRTOS/portable/GCC/ATMega328/port.o
 .debug_str     0x00000000000005a2       0x76 build/default/production/FreeRTOS/portable/MemMang/heap_4.o

.debug_loc      0x0000000000000000     0x2b51
 *(.debug_loc)
 .debug_loc     0x0000000000000000      0x63f build/default/production/main.o
 .debug_loc     0x000000000000063f       0xb8 build/default/production/FreeRTOS/list.o
 .debug_loc     0x00000000000006f7     0x1cf3 build/default/production/FreeRTOS/tasks.o
 .debug_loc     0x00000000000023ea      0x293 build/default/production/FreeRTOS/portable/GCC/ATMega328/port.o
 .debug_loc     0x000000000000267d      0x4d4 build/default/production/FreeRTOS/portable/MemMang/heap_4.o

.debug_macinfo
 *(.debug_macinfo)

.debug_weaknames
 *(.debug_weaknames)

.debug_funcnames
 *(.debug_funcnames)

.debug_typenames
 *(.debug_typenames)

.debug_varnames
 *(.debug_varnames)

.debug_pubtypes
 *(.debug_pubtypes)

.debug_ranges   0x0000000000000000      0x330
 *(.debug_ranges)
 .debug_ranges  0x0000000000000000       0xa8 build/default/production/main.o
 .debug_ranges  0x00000000000000a8       0x30 build/default/production/FreeRTOS/list.o
 .debug_ranges  0x00000000000000d8      0x1d8 build/default/production/FreeRTOS/tasks.o
 .debug_ranges  0x00000000000002b0       0x38 build/default/production/FreeRTOS/portable/GCC/ATMega328/port.o
 .debug_ranges  0x00000000000002e8       0x48 build/default/production/FreeRTOS/portable/MemMang/heap_4.o

.debug_macro
 *(.debug_macro)
OUTPUT(dist/default/production/RTOS.X.production.elf elf32-avr)
LOAD linker stubs
LOAD data_init

.note.gnu.avr.deviceinfo
                0x0000000000000000       0x40
 .note.gnu.avr.deviceinfo
                0x0000000000000000       0x40 C:/Program Files/Microchip/MPLABX/v6.20/packs/Microchip/ATmega_DFP/3.1.264/xc8/avr/lib/avr5/crtatmega328p.o

.bss.uxSchedulerSuspended
                0x0000000000800803        0x1
 .bss.uxSchedulerSuspended
                0x0000000000800803        0x1 build/default/production/FreeRTOS/tasks.o

.bss.xIdleTaskHandles
                0x00000000008007eb        0x2
 .bss.xIdleTaskHandles
                0x00000000008007eb        0x2 build/default/production/FreeRTOS/tasks.o

.bss.xNextTaskUnblockTime
                0x00000000008007ed        0x2
 .bss.xNextTaskUnblockTime
                0x00000000008007ed        0x2 build/default/production/FreeRTOS/tasks.o

.bss.uxTaskNumber
                0x0000000000800805        0x1
 .bss.uxTaskNumber
                0x0000000000800805        0x1 build/default/production/FreeRTOS/tasks.o

.bss.xNumOfOverflows
                0x0000000000800806        0x1
 .bss.xNumOfOverflows
                0x0000000000800806        0x1 build/default/production/FreeRTOS/tasks.o

.bss.xYieldPendings
                0x0000000000800807        0x1
 .bss.xYieldPendings
                0x0000000000800807        0x1 build/default/production/FreeRTOS/tasks.o

.bss.xPendedTicks
                0x00000000008007ef        0x2
 .bss.xPendedTicks
                0x00000000008007ef        0x2 build/default/production/FreeRTOS/tasks.o

.bss.xSchedulerRunning
                0x0000000000800808        0x1
 .bss.xSchedulerRunning
                0x0000000000800808        0x1 build/default/production/FreeRTOS/tasks.o

.bss.uxTopReadyPriority
                0x0000000000800809        0x1
 .bss.uxTopReadyPriority
                0x0000000000800809        0x1 build/default/production/FreeRTOS/tasks.o

.bss.xTickCount
                0x00000000008007f1        0x2
 .bss.xTickCount
                0x00000000008007f1        0x2 build/default/production/FreeRTOS/tasks.o

.bss.uxCurrentNumberOfTasks
                0x000000000080080a        0x1
 .bss.uxCurrentNumberOfTasks
                0x000000000080080a        0x1 build/default/production/FreeRTOS/tasks.o

.bss.uxDeletedTasksWaitingCleanUp
                0x000000000080080b        0x1
 .bss.uxDeletedTasksWaitingCleanUp
                0x000000000080080b        0x1 build/default/production/FreeRTOS/tasks.o

.bss.xTasksWaitingTermination
                0x00000000008007be        0x9
 .bss.xTasksWaitingTermination
                0x00000000008007be        0x9 build/default/production/FreeRTOS/tasks.o

.bss.xPendingReadyList
                0x00000000008007c7        0x9
 .bss.xPendingReadyList
                0x00000000008007c7        0x9 build/default/production/FreeRTOS/tasks.o

.bss.pxOverflowDelayedTaskList
                0x00000000008007f3        0x2
 .bss.pxOverflowDelayedTaskList
                0x00000000008007f3        0x2 build/default/production/FreeRTOS/tasks.o

.bss.pxDelayedTaskList
                0x00000000008007f5        0x2
 .bss.pxDelayedTaskList
                0x00000000008007f5        0x2 build/default/production/FreeRTOS/tasks.o

.bss.xDelayedTaskList2
                0x00000000008007d0        0x9
 .bss.xDelayedTaskList2
                0x00000000008007d0        0x9 build/default/production/FreeRTOS/tasks.o

.bss.xDelayedTaskList1
                0x00000000008007d9        0x9
 .bss.xDelayedTaskList1
                0x00000000008007d9        0x9 build/default/production/FreeRTOS/tasks.o

.bss.pxReadyTasksLists
                0x000000000080079a       0x24
 .bss.pxReadyTasksLists
                0x000000000080079a       0x24 build/default/production/FreeRTOS/tasks.o

.bss.pxCurrentTCB
                0x00000000008007f7        0x2
 .bss.pxCurrentTCB
                0x00000000008007f7        0x2 build/default/production/FreeRTOS/tasks.o
                0x00000000008007f7                pxCurrentTCB

.bss.xNumberOfSuccessfulFrees
                0x00000000008007f9        0x2
 .bss.xNumberOfSuccessfulFrees
                0x00000000008007f9        0x2 build/default/production/FreeRTOS/portable/MemMang/heap_4.o

.bss.xNumberOfSuccessfulAllocations
                0x00000000008007fb        0x2
 .bss.xNumberOfSuccessfulAllocations
                0x00000000008007fb        0x2 build/default/production/FreeRTOS/portable/MemMang/heap_4.o

.bss.xMinimumEverFreeBytesRemaining
                0x00000000008007fd        0x2
 .bss.xMinimumEverFreeBytesRemaining
                0x00000000008007fd        0x2 build/default/production/FreeRTOS/portable/MemMang/heap_4.o

.bss.xFreeBytesRemaining
                0x00000000008007ff        0x2
 .bss.xFreeBytesRemaining
                0x00000000008007ff        0x2 build/default/production/FreeRTOS/portable/MemMang/heap_4.o

.bss.pxEnd      0x0000000000800801        0x2
 .bss.pxEnd     0x0000000000800801        0x2 build/default/production/FreeRTOS/portable/MemMang/heap_4.o

.bss.xStart     0x00000000008007e7        0x4
 .bss.xStart    0x00000000008007e7        0x4 build/default/production/FreeRTOS/portable/MemMang/heap_4.o

.bss.ucHeap     0x0000000000800100      0x400
 .bss.ucHeap    0x0000000000800100      0x400 build/default/production/FreeRTOS/portable/MemMang/heap_4.o

.text.xTaskCreate
                0x00000000000000e6      0x274
 .text.xTaskCreate
                0x00000000000000e6      0x274 build/default/production/FreeRTOS/tasks.o
                0x00000000000000e6                xTaskCreate

.text.xTaskIncrementTick
                0x000000000000035a      0x23e
 .text.xTaskIncrementTick
                0x000000000000035a      0x23e build/default/production/FreeRTOS/tasks.o
                0x000000000000035a                xTaskIncrementTick

.text.vTaskReceive
                0x0000000000000598      0x21e
 .text.vTaskReceive
                0x0000000000000598      0x21e build/default/production/main.o
                0x0000000000000598                vTaskReceive

.text.xTaskResumeAll
                0x00000000000007b6      0x1c4
 .text.xTaskResumeAll
                0x00000000000007b6      0x1c4 build/default/production/FreeRTOS/tasks.o
                0x00000000000007b6                xTaskResumeAll

.text.pvPortMalloc
                0x000000000000097a      0x17e
 .text.pvPortMalloc
                0x000000000000097a      0x17e build/default/production/FreeRTOS/portable/MemMang/heap_4.o
                0x000000000000097a                pvPortMalloc

.text.list_running_tasks
                0x0000000000000af8      0x170
 .text.list_running_tasks
                0x0000000000000af8      0x170 build/default/production/main.o
                0x0000000000000af8                list_running_tasks

.text.vTaskSwitchContext
                0x0000000000000c68      0x150
 .text.vTaskSwitchContext
                0x0000000000000c68      0x150 build/default/production/FreeRTOS/tasks.o
                0x0000000000000c68                vTaskSwitchContext

.text.store_task_eeprom
                0x0000000000000db8       0xf0
 .text.store_task_eeprom
                0x0000000000000db8       0xf0 build/default/production/main.o
                0x0000000000000db8                store_task_eeprom

.text.vPortFree
                0x0000000000000ea8       0xde
 .text.vPortFree
                0x0000000000000ea8       0xde build/default/production/FreeRTOS/portable/MemMang/heap_4.o
                0x0000000000000ea8                vPortFree

.text.pxPortInitialiseStack
                0x0000000000000f86       0xd8
 .text.pxPortInitialiseStack
                0x0000000000000f86       0xd8 build/default/production/FreeRTOS/portable/GCC/ATMega328/port.o
                0x0000000000000f86                pxPortInitialiseStack

.text.debug_eeprom_tasks
                0x000000000000105e       0xbe
 .text.debug_eeprom_tasks
                0x000000000000105e       0xbe build/default/production/main.o
                0x000000000000105e                debug_eeprom_tasks

.text.vPortYieldFromTick
                0x000000000000111c       0xb8
 .text.vPortYieldFromTick
                0x000000000000111c       0xb8 build/default/production/FreeRTOS/portable/GCC/ATMega328/port.o
                0x000000000000111c                vPortYieldFromTick

.text.uart_transmit_number
                0x00000000000011d4       0xb4
 .text.uart_transmit_number
                0x00000000000011d4       0xb4 build/default/production/main.o
                0x00000000000011d4                uart_transmit_number

.text.vPortYield
                0x0000000000001288       0xb2
 .text.vPortYield
                0x0000000000001288       0xb2 build/default/production/FreeRTOS/portable/GCC/ATMega328/port.o
                0x0000000000001288                vPortYield

.text.delete_task_eeprom
                0x000000000000133a       0xb0
 .text.delete_task_eeprom
                0x000000000000133a       0xb0 build/default/production/main.o
                0x000000000000133a                delete_task_eeprom

.text.vTaskStartScheduler
                0x00000000000013ea       0x9e
 .text.vTaskStartScheduler
                0x00000000000013ea       0x9e build/default/production/FreeRTOS/tasks.o
                0x00000000000013ea                vTaskStartScheduler

.text.prvAddCurrentTaskToDelayedList
                0x0000000000001488       0x9c
 .text.prvAddCurrentTaskToDelayedList
                0x0000000000001488       0x9c build/default/production/FreeRTOS/tasks.o

.text.delete_all_tasks
                0x0000000000001524       0x88
 .text.delete_all_tasks
                0x0000000000001524       0x88 build/default/production/main.o
                0x0000000000001524                delete_all_tasks

.text.xPortStartScheduler
                0x00000000000015ac       0x80
 .text.xPortStartScheduler
                0x00000000000015ac       0x80 build/default/production/FreeRTOS/portable/GCC/ATMega328/port.o
                0x00000000000015ac                xPortStartScheduler

.text.prvCheckTasksWaitingTermination
                0x000000000000162c       0x68
 .text.prvCheckTasksWaitingTermination
                0x000000000000162c       0x68 build/default/production/FreeRTOS/tasks.o

.text.vListInsert
                0x0000000000001694       0x62
 .text.vListInsert
                0x0000000000001694       0x62 build/default/production/FreeRTOS/list.o
                0x0000000000001694                vListInsert

.text.uxListRemove
                0x00000000000016f6       0x4c
 .text.uxListRemove
                0x00000000000016f6       0x4c build/default/production/FreeRTOS/list.o
                0x00000000000016f6                uxListRemove

.text.main      0x0000000000001742       0x48
 .text.main     0x0000000000001742       0x48 build/default/production/main.o
                0x0000000000001742                main

.text.uart_transmit_hex
                0x000000000000178a       0x40
 .text.uart_transmit_hex
                0x000000000000178a       0x40 build/default/production/main.o
                0x000000000000178a                uart_transmit_hex

.text.strncmp   0x00000000000017ca       0x3e
 .text.strncmp  0x00000000000017ca       0x3e c:/program files/microchip/xc8/v2.50/avr/bin/../lib/gcc/avr/5.4.0/../../../../avr/lib/avr5\libc.a(strncmp.o)
                0x00000000000017ca                strncmp

.text.prvResetNextTaskUnblockTime
                0x0000000000001808       0x38
 .text.prvResetNextTaskUnblockTime
                0x0000000000001808       0x38 build/default/production/FreeRTOS/tasks.o

.text.vTaskDelay
                0x0000000000001840       0x28
 .text.vTaskDelay
                0x0000000000001840       0x28 build/default/production/FreeRTOS/tasks.o
                0x0000000000001840                vTaskDelay

.text.avrlibc   0x0000000000001868       0x24
 .text.avrlibc  0x0000000000001868       0x24 C:/Program Files/Microchip/MPLABX/v6.20/packs/Microchip/ATmega_DFP/3.1.264/xc8/avr/lib/avr5\libatmega328p.a(eeupd_byte.o)
                0x0000000000001868                eeprom_update_byte
                0x000000000000186a                eeprom_update_r18

.text.avrlibc   0x000000000000188c       0x20
 .text.avrlibc  0x000000000000188c       0x20 C:/Program Files/Microchip/MPLABX/v6.20/packs/Microchip/ATmega_DFP/3.1.264/xc8/avr/lib/avr5\libatmega328p.a(eerd_block.o)
                0x000000000000188c                eeprom_read_block
                0x0000000000001890                eeprom_read_blraw

.text.avrlibc   0x00000000000018ac       0x20
 .text.avrlibc  0x00000000000018ac       0x20 C:/Program Files/Microchip/MPLABX/v6.20/packs/Microchip/ATmega_DFP/3.1.264/xc8/avr/lib/avr5\libatmega328p.a(eeupd_block.o)
                0x00000000000018ac                eeprom_update_block

.text.uart_transmit_string
                0x00000000000018cc       0x1e
 .text.uart_transmit_string
                0x00000000000018cc       0x1e build/default/production/main.o
                0x00000000000018cc                uart_transmit_string

.text.libgcc.mul
                0x00000000000018ea       0x1e
 .text.libgcc.mul
                0x00000000000018ea       0x1e c:/program files/microchip/xc8/v2.50/avr/bin/../lib/gcc/avr/5.4.0/avr5\libgcc.a(_umulhisi3.o)
                0x00000000000018ea                __umulhisi3

.text.vListInitialise
                0x0000000000001908       0x1c
 .text.vListInitialise
                0x0000000000001908       0x1c build/default/production/FreeRTOS/list.o
                0x0000000000001908                vListInitialise

.text.strcmp    0x0000000000001924       0x1c
 .text.strcmp   0x0000000000001924       0x1c c:/program files/microchip/xc8/v2.50/avr/bin/../lib/gcc/avr/5.4.0/../../../../avr/lib/avr5\libc.a(strcmp.o)
                0x0000000000001924                strcmp

.text.uart_init
                0x0000000000001940       0x18
 .text.uart_init
                0x0000000000001940       0x18 build/default/production/main.o
                0x0000000000001940                uart_init

.text.vApplicationStackOverflowHook
                0x0000000000001958       0x18
 .text.vApplicationStackOverflowHook
                0x0000000000001958       0x18 build/default/production/main.o
                0x0000000000001958                vApplicationStackOverflowHook

.text.prvIdleTask
                0x0000000000001970       0x18
 .text.prvIdleTask
                0x0000000000001970       0x18 build/default/production/FreeRTOS/tasks.o

.text.exit      0x0000000000001988       0x16
 .text.exit     0x0000000000001988       0x16 c:/program files/microchip/xc8/v2.50/avr/bin/../lib/gcc/avr/5.4.0/../../../../avr/lib/avr5\libc.a(exit.o)
                0x0000000000001988                exit

.text.memset    0x000000000000199e       0x12
 .text.memset   0x000000000000199e       0x12 c:/program files/microchip/xc8/v2.50/avr/bin/../lib/gcc/avr/5.4.0/../../../../avr/lib/avr5\libc.a(memset.o)
                0x000000000000199e                memset

.text.uart_transmit
                0x00000000000019b0       0x10
 .text.uart_transmit
                0x00000000000019b0       0x10 build/default/production/main.o
                0x00000000000019b0                uart_transmit

.text.uart_receive
                0x00000000000019c0       0x10
 .text.uart_receive
                0x00000000000019c0       0x10 build/default/production/main.o
                0x00000000000019c0                uart_receive

.text.vTaskSuspendAll
                0x00000000000019d0        0xc
 .text.vTaskSuspendAll
                0x00000000000019d0        0xc build/default/production/FreeRTOS/tasks.o
                0x00000000000019d0                vTaskSuspendAll

.text.xPortGetFreeHeapSize
                0x00000000000019dc        0xa
 .text.xPortGetFreeHeapSize
                0x00000000000019dc        0xa build/default/production/FreeRTOS/portable/MemMang/heap_4.o
                0x00000000000019dc                xPortGetFreeHeapSize

.text.vListInitialiseItem
                0x00000000000019e6        0x8
 .text.vListInitialiseItem
                0x00000000000019e6        0x8 build/default/production/FreeRTOS/list.o
                0x00000000000019e6                vListInitialiseItem

.text.__vector_11
                0x00000000000019ee        0x6
 .text.__vector_11
                0x00000000000019ee        0x6 build/default/production/FreeRTOS/portable/GCC/ATMega328/port.o
                0x00000000000019ee                __vector_11

.text           0x00000000000019f4        0x4
 .text          0x00000000000019f4        0x4 C:/Program Files/Microchip/MPLABX/v6.20/packs/Microchip/ATmega_DFP/3.1.264/xc8/avr/lib/avr5/crtatmega328p.o
                0x00000000000019f4                __vector_22
                0x00000000000019f4                __vector_1
                0x00000000000019f4                __vector_24
                0x00000000000019f4                __vector_12
                0x00000000000019f4                __bad_interrupt
                0x00000000000019f4                __vector_6
                0x00000000000019f4                __vector_3
                0x00000000000019f4                __vector_23
                0x00000000000019f4                __vector_25
                0x00000000000019f4                __vector_13
                0x00000000000019f4                __vector_17
                0x00000000000019f4                __vector_19
                0x00000000000019f4                __vector_7
                0x00000000000019f4                __vector_5
                0x00000000000019f4                __vector_4
                0x00000000000019f4                __vector_9
                0x00000000000019f4                __vector_2
                0x00000000000019f4                __vector_21
                0x00000000000019f4                __vector_15
                0x00000000000019f4                __vector_8
                0x00000000000019f4                __vector_14
                0x00000000000019f4                __vector_10
                0x00000000000019f4                __vector_16
                0x00000000000019f4                __vector_18
                0x00000000000019f4                __vector_20

.text._Exit     0x00000000000019f8        0x4
 .text._Exit    0x00000000000019f8        0x4 c:/program files/microchip/xc8/v2.50/avr/bin/../lib/gcc/avr/5.4.0/../../../../avr/lib/avr5\libc.a(_Exit.o)
                0x00000000000019f8                _Exit

.text.vApplicationIdleHook
                0x00000000000019fc        0x2
 .text.vApplicationIdleHook
                0x00000000000019fc        0x2 build/default/production/main.o
                0x00000000000019fc                vApplicationIdleHook

.text.__dummy_fini
                0x00000000000019fe        0x2
 .text.__dummy_fini
                0x00000000000019fe        0x2 c:/program files/microchip/xc8/v2.50/avr/bin/../lib/gcc/avr/5.4.0/../../../../avr/lib/avr5\libc.a(exit.o)
                0x00000000000019fe                _fini

.text.__dummy_funcs_on_exit
                0x0000000000001a00        0x2
 .text.__dummy_funcs_on_exit
                0x0000000000001a00        0x2 c:/program files/microchip/xc8/v2.50/avr/bin/../lib/gcc/avr/5.4.0/../../../../avr/lib/avr5\libc.a(exit.o)
                0x0000000000001a00                __funcs_on_exit

.text.__dummy_simulator_exit
                0x0000000000001a02        0x2
 .text.__dummy_simulator_exit
                0x0000000000001a02        0x2 c:/program files/microchip/xc8/v2.50/avr/bin/../lib/gcc/avr/5.4.0/../../../../avr/lib/avr5\libc.a(exit.o)
                0x0000000000001a02                __simulator_exit

.rodata         0x0000000000800500      0x29a load address 0x0000000000001a04
 .rodata        0x0000000000800500      0x29a build/default/production/main.o

.rodata         0x00000000008007e2        0x5 load address 0x0000000000001c9e
 .rodata        0x00000000008007e2        0x5 build/default/production/FreeRTOS/tasks.o

.data.uxTopUsedPriority
                0x0000000000800804        0x1 load address 0x0000000000001ca3
 .data.uxTopUsedPriority
                0x0000000000800804        0x1 build/default/production/FreeRTOS/tasks.o
