Archive member included to satisfy reference by file (symbol)

c:/program files/microchip/xc8/v2.50/avr/bin/../lib/gcc/avr/5.4.0/avr5\libgcc.a(_copy_data.o)
                              build/default/production/bootmain.o (__do_copy_data)
c:/program files/microchip/xc8/v2.50/avr/bin/../lib/gcc/avr/5.4.0/../../../../avr/lib/avr5\libc.a(exit.o)
                              C:/Users/Sirapob-ASUSTUF/.mchp_packs/Microchip/ATmega_DFP/3.3.279/xc8/avr/lib/avr5/crtatmega328p.o (exit)
c:/program files/microchip/xc8/v2.50/avr/bin/../lib/gcc/avr/5.4.0/../../../../avr/lib/avr5\libc.a(memcpy.o)
                              build/default/production/bootmain.o (memcpy)
c:/program files/microchip/xc8/v2.50/avr/bin/../lib/gcc/avr/5.4.0/../../../../avr/lib/avr5\libc.a(memset.o)
                              build/default/production/bootmain.o (memset)
c:/program files/microchip/xc8/v2.50/avr/bin/../lib/gcc/avr/5.4.0/../../../../avr/lib/avr5\libc.a(strcmp.o)
                              build/default/production/bootmain.o (strcmp)
c:/program files/microchip/xc8/v2.50/avr/bin/../lib/gcc/avr/5.4.0/../../../../avr/lib/avr5\libc.a(strncmp.o)
                              build/default/production/bootmain.o (strncmp)
c:/program files/microchip/xc8/v2.50/avr/bin/../lib/gcc/avr/5.4.0/../../../../avr/lib/avr5\libc.a(_Exit.o)
                              c:/program files/microchip/xc8/v2.50/avr/bin/../lib/gcc/avr/5.4.0/../../../../avr/lib/avr5\libc.a(exit.o) (_Exit)
c:/program files/microchip/xc8/v2.50/avr/bin/../lib/gcc/avr/5.4.0/avr5\libgcc.a(_exit.o)
                              c:/program files/microchip/xc8/v2.50/avr/bin/../lib/gcc/avr/5.4.0/../../../../avr/lib/avr5\libc.a(_Exit.o) (_exit)

Discarded input sections

 .data          0x0000000000000000        0x0 C:/Users/Sirapob-ASUSTUF/.mchp_packs/Microchip/ATmega_DFP/3.3.279/xc8/avr/lib/avr5/crtatmega328p.o
 .bss           0x0000000000000000        0x0 C:/Users/Sirapob-ASUSTUF/.mchp_packs/Microchip/ATmega_DFP/3.3.279/xc8/avr/lib/avr5/crtatmega328p.o
 .init2         0x0000000000000000        0xc C:/Users/Sirapob-ASUSTUF/.mchp_packs/Microchip/ATmega_DFP/3.3.279/xc8/avr/lib/avr5/crtatmega328p.o
 .init9         0x0000000000000000        0x8 C:/Users/Sirapob-ASUSTUF/.mchp_packs/Microchip/ATmega_DFP/3.3.279/xc8/avr/lib/avr5/crtatmega328p.o
 .text          0x0000000000000000        0x0 build/default/production/bootmain.o
 .data          0x0000000000000000        0x0 build/default/production/bootmain.o
 .bss           0x0000000000000000        0x0 build/default/production/bootmain.o
 .text          0x0000000000000000        0x0 c:/program files/microchip/xc8/v2.50/avr/bin/../lib/gcc/avr/5.4.0/avr5\libgcc.a(_copy_data.o)
 .data          0x0000000000000000        0x0 c:/program files/microchip/xc8/v2.50/avr/bin/../lib/gcc/avr/5.4.0/avr5\libgcc.a(_copy_data.o)
 .bss           0x0000000000000000        0x0 c:/program files/microchip/xc8/v2.50/avr/bin/../lib/gcc/avr/5.4.0/avr5\libgcc.a(_copy_data.o)
 .text.libgcc.mul
                0x0000000000000000        0x0 c:/program files/microchip/xc8/v2.50/avr/bin/../lib/gcc/avr/5.4.0/avr5\libgcc.a(_copy_data.o)
 .text.libgcc.div
                0x0000000000000000        0x0 c:/program files/microchip/xc8/v2.50/avr/bin/../lib/gcc/avr/5.4.0/avr5\libgcc.a(_copy_data.o)
 .text.libgcc   0x0000000000000000        0x0 c:/program files/microchip/xc8/v2.50/avr/bin/../lib/gcc/avr/5.4.0/avr5\libgcc.a(_copy_data.o)
 .text.libgcc.prologue
                0x0000000000000000        0x0 c:/program files/microchip/xc8/v2.50/avr/bin/../lib/gcc/avr/5.4.0/avr5\libgcc.a(_copy_data.o)
 .init4         0x0000000000000000       0x3c c:/program files/microchip/xc8/v2.50/avr/bin/../lib/gcc/avr/5.4.0/avr5\libgcc.a(_copy_data.o)
 .text.libgcc.builtins
                0x0000000000000000        0x0 c:/program files/microchip/xc8/v2.50/avr/bin/../lib/gcc/avr/5.4.0/avr5\libgcc.a(_copy_data.o)
 .text.libgcc.fmul
                0x0000000000000000        0x0 c:/program files/microchip/xc8/v2.50/avr/bin/../lib/gcc/avr/5.4.0/avr5\libgcc.a(_copy_data.o)
 .text.libgcc.fixed
                0x0000000000000000        0x0 c:/program files/microchip/xc8/v2.50/avr/bin/../lib/gcc/avr/5.4.0/avr5\libgcc.a(_copy_data.o)
 .text          0x0000000000000000        0x0 c:/program files/microchip/xc8/v2.50/avr/bin/../lib/gcc/avr/5.4.0/../../../../avr/lib/avr5\libc.a(exit.o)
 .data          0x0000000000000000        0x0 c:/program files/microchip/xc8/v2.50/avr/bin/../lib/gcc/avr/5.4.0/../../../../avr/lib/avr5\libc.a(exit.o)
 .bss           0x0000000000000000        0x0 c:/program files/microchip/xc8/v2.50/avr/bin/../lib/gcc/avr/5.4.0/../../../../avr/lib/avr5\libc.a(exit.o)
 .stack.descriptors
                0x0000000000000000       0x73 c:/program files/microchip/xc8/v2.50/avr/bin/../lib/gcc/avr/5.4.0/../../../../avr/lib/avr5\libc.a(exit.o)
 .text.__dummy_funcs_on_exit
                0x0000000000000000        0x2 c:/program files/microchip/xc8/v2.50/avr/bin/../lib/gcc/avr/5.4.0/../../../../avr/lib/avr5\libc.a(exit.o)
 .text.__dummy_simulator_exit
                0x0000000000000000        0x2 c:/program files/microchip/xc8/v2.50/avr/bin/../lib/gcc/avr/5.4.0/../../../../avr/lib/avr5\libc.a(exit.o)
 .text.exit     0x0000000000000000       0x16 c:/program files/microchip/xc8/v2.50/avr/bin/../lib/gcc/avr/5.4.0/../../../../avr/lib/avr5\libc.a(exit.o)
 .text          0x0000000000000000        0x0 c:/program files/microchip/xc8/v2.50/avr/bin/../lib/gcc/avr/5.4.0/../../../../avr/lib/avr5\libc.a(memcpy.o)
 .data          0x0000000000000000        0x0 c:/program files/microchip/xc8/v2.50/avr/bin/../lib/gcc/avr/5.4.0/../../../../avr/lib/avr5\libc.a(memcpy.o)
 .bss           0x0000000000000000        0x0 c:/program files/microchip/xc8/v2.50/avr/bin/../lib/gcc/avr/5.4.0/../../../../avr/lib/avr5\libc.a(memcpy.o)
 .stack.descriptors
                0x0000000000000000       0x14 c:/program files/microchip/xc8/v2.50/avr/bin/../lib/gcc/avr/5.4.0/../../../../avr/lib/avr5\libc.a(memcpy.o)
 .text          0x0000000000000000        0x0 c:/program files/microchip/xc8/v2.50/avr/bin/../lib/gcc/avr/5.4.0/../../../../avr/lib/avr5\libc.a(memset.o)
 .data          0x0000000000000000        0x0 c:/program files/microchip/xc8/v2.50/avr/bin/../lib/gcc/avr/5.4.0/../../../../avr/lib/avr5\libc.a(memset.o)
 .bss           0x0000000000000000        0x0 c:/program files/microchip/xc8/v2.50/avr/bin/../lib/gcc/avr/5.4.0/../../../../avr/lib/avr5\libc.a(memset.o)
 .stack.descriptors
                0x0000000000000000       0x14 c:/program files/microchip/xc8/v2.50/avr/bin/../lib/gcc/avr/5.4.0/../../../../avr/lib/avr5\libc.a(memset.o)
 .text          0x0000000000000000        0x0 c:/program files/microchip/xc8/v2.50/avr/bin/../lib/gcc/avr/5.4.0/../../../../avr/lib/avr5\libc.a(strcmp.o)
 .data          0x0000000000000000        0x0 c:/program files/microchip/xc8/v2.50/avr/bin/../lib/gcc/avr/5.4.0/../../../../avr/lib/avr5\libc.a(strcmp.o)
 .bss           0x0000000000000000        0x0 c:/program files/microchip/xc8/v2.50/avr/bin/../lib/gcc/avr/5.4.0/../../../../avr/lib/avr5\libc.a(strcmp.o)
 .stack.descriptors
                0x0000000000000000       0x14 c:/program files/microchip/xc8/v2.50/avr/bin/../lib/gcc/avr/5.4.0/../../../../avr/lib/avr5\libc.a(strcmp.o)
 .text          0x0000000000000000        0x0 c:/program files/microchip/xc8/v2.50/avr/bin/../lib/gcc/avr/5.4.0/../../../../avr/lib/avr5\libc.a(strncmp.o)
 .data          0x0000000000000000        0x0 c:/program files/microchip/xc8/v2.50/avr/bin/../lib/gcc/avr/5.4.0/../../../../avr/lib/avr5\libc.a(strncmp.o)
 .bss           0x0000000000000000        0x0 c:/program files/microchip/xc8/v2.50/avr/bin/../lib/gcc/avr/5.4.0/../../../../avr/lib/avr5\libc.a(strncmp.o)
 .stack.descriptors
                0x0000000000000000       0x15 c:/program files/microchip/xc8/v2.50/avr/bin/../lib/gcc/avr/5.4.0/../../../../avr/lib/avr5\libc.a(strncmp.o)
 .text          0x0000000000000000        0x0 c:/program files/microchip/xc8/v2.50/avr/bin/../lib/gcc/avr/5.4.0/../../../../avr/lib/avr5\libc.a(_Exit.o)
 .data          0x0000000000000000        0x0 c:/program files/microchip/xc8/v2.50/avr/bin/../lib/gcc/avr/5.4.0/../../../../avr/lib/avr5\libc.a(_Exit.o)
 .bss           0x0000000000000000        0x0 c:/program files/microchip/xc8/v2.50/avr/bin/../lib/gcc/avr/5.4.0/../../../../avr/lib/avr5\libc.a(_Exit.o)
 .stack.descriptors
                0x0000000000000000       0x13 c:/program files/microchip/xc8/v2.50/avr/bin/../lib/gcc/avr/5.4.0/../../../../avr/lib/avr5\libc.a(_Exit.o)
 .text._Exit    0x0000000000000000        0x4 c:/program files/microchip/xc8/v2.50/avr/bin/../lib/gcc/avr/5.4.0/../../../../avr/lib/avr5\libc.a(_Exit.o)
 .comment       0x0000000000000000       0x2d c:/program files/microchip/xc8/v2.50/avr/bin/../lib/gcc/avr/5.4.0/../../../../avr/lib/avr5\libc.a(_Exit.o)
 .stack.descriptors.hdr
                0x0000000000000000        0xe c:/program files/microchip/xc8/v2.50/avr/bin/../lib/gcc/avr/5.4.0/../../../../avr/lib/avr5\libc.a(_Exit.o)
 .note.GNU-stack
                0x0000000000000000        0x0 c:/program files/microchip/xc8/v2.50/avr/bin/../lib/gcc/avr/5.4.0/../../../../avr/lib/avr5\libc.a(_Exit.o)
 .text          0x0000000000000000        0x0 c:/program files/microchip/xc8/v2.50/avr/bin/../lib/gcc/avr/5.4.0/avr5\libgcc.a(_exit.o)
 .data          0x0000000000000000        0x0 c:/program files/microchip/xc8/v2.50/avr/bin/../lib/gcc/avr/5.4.0/avr5\libgcc.a(_exit.o)
 .bss           0x0000000000000000        0x0 c:/program files/microchip/xc8/v2.50/avr/bin/../lib/gcc/avr/5.4.0/avr5\libgcc.a(_exit.o)
 .text.libgcc.mul
                0x0000000000000000        0x0 c:/program files/microchip/xc8/v2.50/avr/bin/../lib/gcc/avr/5.4.0/avr5\libgcc.a(_exit.o)
 .text.libgcc.div
                0x0000000000000000        0x0 c:/program files/microchip/xc8/v2.50/avr/bin/../lib/gcc/avr/5.4.0/avr5\libgcc.a(_exit.o)
 .text.libgcc   0x0000000000000000        0x0 c:/program files/microchip/xc8/v2.50/avr/bin/../lib/gcc/avr/5.4.0/avr5\libgcc.a(_exit.o)
 .text.libgcc.prologue
                0x0000000000000000        0x0 c:/program files/microchip/xc8/v2.50/avr/bin/../lib/gcc/avr/5.4.0/avr5\libgcc.a(_exit.o)
 .fini9         0x0000000000000000        0x0 c:/program files/microchip/xc8/v2.50/avr/bin/../lib/gcc/avr/5.4.0/avr5\libgcc.a(_exit.o)
 .fini0         0x0000000000000000        0x4 c:/program files/microchip/xc8/v2.50/avr/bin/../lib/gcc/avr/5.4.0/avr5\libgcc.a(_exit.o)
 .stack.descriptors.hdr
                0x0000000000000000        0xe c:/program files/microchip/xc8/v2.50/avr/bin/../lib/gcc/avr/5.4.0/avr5\libgcc.a(_exit.o)
 .stack.descriptors
                0x0000000000000000       0x13 c:/program files/microchip/xc8/v2.50/avr/bin/../lib/gcc/avr/5.4.0/avr5\libgcc.a(_exit.o)
 .text.libgcc.builtins
                0x0000000000000000        0x0 c:/program files/microchip/xc8/v2.50/avr/bin/../lib/gcc/avr/5.4.0/avr5\libgcc.a(_exit.o)
 .text.libgcc.fmul
                0x0000000000000000        0x0 c:/program files/microchip/xc8/v2.50/avr/bin/../lib/gcc/avr/5.4.0/avr5\libgcc.a(_exit.o)
 .text.libgcc.fixed
                0x0000000000000000        0x0 c:/program files/microchip/xc8/v2.50/avr/bin/../lib/gcc/avr/5.4.0/avr5\libgcc.a(_exit.o)

Memory Configuration

Name             Origin             Length             Attributes
text             0x0000000000007000 0x0000000000000800 xr
data             0x0000000000800100 0x0000000000000200 rw !x
*default*        0x0000000000000000 0xffffffffffffffff

Linker script and memory map

Address of section .data set to 0x800100
LOAD C:/Users/Sirapob-ASUSTUF/.mchp_packs/Microchip/ATmega_DFP/3.3.279/xc8/avr/lib/avr5/crtatmega328p.o
                0x0000000000000001                __MPLAB_BUILD = 0x1

.vectors        0x0000000000007000       0x6c
 *(.init0)
 .init0         0x0000000000007000        0x0 C:/Users/Sirapob-ASUSTUF/.mchp_packs/Microchip/ATmega_DFP/3.3.279/xc8/avr/lib/avr5/crtatmega328p.o
                0x0000000000007000                __init
 .init0         0x0000000000007000        0x4 build/default/production/bootmain.o
                0x0000000000007000                _start
 *(.vectors)
 .vectors       0x0000000000007004       0x68 C:/Users/Sirapob-ASUSTUF/.mchp_packs/Microchip/ATmega_DFP/3.3.279/xc8/avr/lib/avr5/crtatmega328p.o
                0x0000000000007004                __vector_default
                0x0000000000007004                __vectors

.text           0x000000000000706c      0x644
 *(.text)
 .text          0x000000000000706c        0x4 C:/Users/Sirapob-ASUSTUF/.mchp_packs/Microchip/ATmega_DFP/3.3.279/xc8/avr/lib/avr5/crtatmega328p.o
                0x000000000000706c                __vector_22
                0x000000000000706c                __vector_1
                0x000000000000706c                __vector_24
                0x000000000000706c                __vector_12
                0x000000000000706c                __bad_interrupt
                0x000000000000706c                __vector_6
                0x000000000000706c                __vector_3
                0x000000000000706c                __vector_23
                0x000000000000706c                __vector_25
                0x000000000000706c                __vector_11
                0x000000000000706c                __vector_13
                0x000000000000706c                __vector_17
                0x000000000000706c                __vector_19
                0x000000000000706c                __vector_7
                0x000000000000706c                __vector_5
                0x000000000000706c                __vector_4
                0x000000000000706c                __vector_9
                0x000000000000706c                __vector_2
                0x000000000000706c                __vector_21
                0x000000000000706c                __vector_15
                0x000000000000706c                __vector_8
                0x000000000000706c                __vector_14
                0x000000000000706c                __vector_10
                0x000000000000706c                __vector_16
                0x000000000000706c                __vector_18
                0x000000000000706c                __vector_20
 *(.text*)
 .text.uart_init
                0x0000000000007070       0x18 build/default/production/bootmain.o
                0x0000000000007070                uart_init
 .text.uart_transmit
                0x0000000000007088       0x10 build/default/production/bootmain.o
                0x0000000000007088                uart_transmit
 .text.uart_transmit_string
                0x0000000000007098       0x24 build/default/production/bootmain.o
                0x0000000000007098                uart_transmit_string
 .text.uart_transmit_string_R
                0x00000000000070bc       0x1e build/default/production/bootmain.o
                0x00000000000070bc                uart_transmit_string_R
 .text.uart_receive
                0x00000000000070da       0x10 build/default/production/bootmain.o
                0x00000000000070da                uart_receive
 .text.uart_receive_timeout
                0x00000000000070ea       0x32 build/default/production/bootmain.o
                0x00000000000070ea                uart_receive_timeout
 .text.send_flash_address
                0x000000000000711c       0x82 build/default/production/bootmain.o
                0x000000000000711c                send_flash_address
 .text.jump_to_rtos
                0x000000000000719e       0x10 build/default/production/bootmain.o
                0x000000000000719e                jump_to_rtos
 .text.write_flash_page
                0x00000000000071ae       0x86 build/default/production/bootmain.o
                0x00000000000071ae                write_flash_page
 .text.process_task
                0x0000000000007234       0xea build/default/production/bootmain.o
                0x0000000000007234                process_task
 .text.blink_light
                0x000000000000731e       0x1c build/default/production/bootmain.o
                0x000000000000731e                blink_light
 .text.read_packet
                0x000000000000733a      0x2a6 build/default/production/bootmain.o
                0x000000000000733a                read_packet
 .text.main     0x00000000000075e0       0x16 build/default/production/bootmain.o
                0x00000000000075e0                main
 .text.__dummy_fini
                0x00000000000075f6        0x2 c:/program files/microchip/xc8/v2.50/avr/bin/../lib/gcc/avr/5.4.0/../../../../avr/lib/avr5\libc.a(exit.o)
                0x00000000000075f6                _fini
 .text.memcpy   0x00000000000075f8       0x16 c:/program files/microchip/xc8/v2.50/avr/bin/../lib/gcc/avr/5.4.0/../../../../avr/lib/avr5\libc.a(memcpy.o)
                0x00000000000075f8                memcpy
 .text.memset   0x000000000000760e       0x12 c:/program files/microchip/xc8/v2.50/avr/bin/../lib/gcc/avr/5.4.0/../../../../avr/lib/avr5\libc.a(memset.o)
                0x000000000000760e                memset
 .text.strcmp   0x0000000000007620       0x1c c:/program files/microchip/xc8/v2.50/avr/bin/../lib/gcc/avr/5.4.0/../../../../avr/lib/avr5\libc.a(strcmp.o)
                0x0000000000007620                strcmp
 .text.strncmp  0x000000000000763c       0x3e c:/program files/microchip/xc8/v2.50/avr/bin/../lib/gcc/avr/5.4.0/../../../../avr/lib/avr5\libc.a(strncmp.o)
                0x000000000000763c                strncmp
 *(.rodata*)
 .rodata        0x000000000000767a       0x36 build/default/production/bootmain.o

.data           0x0000000000800100        0x0
 *(.data)
 *(.data*)

.bss            0x0000000000800100       0x84
                0x0000000000800100                __bss_start = .
 *(.bss*)
 .bss.buffer.2363
                0x0000000000800100       0x80 build/default/production/bootmain.o
 .bss.currentFlashAddress
                0x0000000000800180        0x4 build/default/production/bootmain.o
                0x0000000000800180                currentFlashAddress
 *(COMMON)
                0x0000000000800184                __bss_end = .
LOAD build/default/production/bootmain.o
START GROUP
LOAD c:/program files/microchip/xc8/v2.50/avr/bin/../lib/gcc/avr/5.4.0/../../../../avr/lib/avr5\libm.a
END GROUP
START GROUP
LOAD c:/program files/microchip/xc8/v2.50/avr/bin/../lib/gcc/avr/5.4.0/avr5\libgcc.a
LOAD c:/program files/microchip/xc8/v2.50/avr/bin/../lib/gcc/avr/5.4.0/../../../../avr/lib/avr5\libm.a
LOAD c:/program files/microchip/xc8/v2.50/avr/bin/../lib/gcc/avr/5.4.0/../../../../avr/lib/avr5\libc.a
LOAD C:/Users/Sirapob-ASUSTUF/.mchp_packs/Microchip/ATmega_DFP/3.3.279/xc8/avr/lib/avr5\libatmega328p.a
END GROUP
OUTPUT(dist/default/production/Bootloader.X.production.elf elf32-avr)
LOAD linker stubs
LOAD data_init

.trampolines    0x0000000000007000        0x0
 .trampolines   0x0000000000007000        0x0 linker stubs

.debug_abbrev   0x0000000000000000      0x7ea
 .debug_abbrev  0x0000000000000000      0x5a2 C:/Users/Sirapob-ASUSTUF/.mchp_packs/Microchip/ATmega_DFP/3.3.279/xc8/avr/lib/avr5/crtatmega328p.o
 .debug_abbrev  0x00000000000005a2      0x248 build/default/production/bootmain.o

.debug_info     0x0000000000000000     0x11ee
 .debug_info    0x0000000000000000      0x5f4 C:/Users/Sirapob-ASUSTUF/.mchp_packs/Microchip/ATmega_DFP/3.3.279/xc8/avr/lib/avr5/crtatmega328p.o
 .debug_info    0x00000000000005f4      0xbfa build/default/production/bootmain.o

.debug_line     0x0000000000000000      0x6be
 .debug_line    0x0000000000000000      0x134 C:/Users/Sirapob-ASUSTUF/.mchp_packs/Microchip/ATmega_DFP/3.3.279/xc8/avr/lib/avr5/crtatmega328p.o
 .debug_line    0x0000000000000134      0x58a build/default/production/bootmain.o

.debug_str      0x0000000000000000      0x208
 .debug_str     0x0000000000000000      0x208 C:/Users/Sirapob-ASUSTUF/.mchp_packs/Microchip/ATmega_DFP/3.3.279/xc8/avr/lib/avr5/crtatmega328p.o
 .debug_str     0x0000000000000208        0x0 build/default/production/bootmain.o

.note.gnu.avr.deviceinfo
                0x0000000000000000       0x40
 .note.gnu.avr.deviceinfo
                0x0000000000000000       0x40 C:/Users/Sirapob-ASUSTUF/.mchp_packs/Microchip/ATmega_DFP/3.3.279/xc8/avr/lib/avr5/crtatmega328p.o

.debug_loc      0x0000000000000000      0x5a7
 .debug_loc     0x0000000000000000      0x5a7 build/default/production/bootmain.o

.debug_aranges  0x0000000000000000       0x88
 .debug_aranges
                0x0000000000000000       0x88 build/default/production/bootmain.o

.debug_ranges   0x0000000000000000       0x90
 .debug_ranges  0x0000000000000000       0x90 build/default/production/bootmain.o

.comment        0x0000000000000000       0x5b
 .comment       0x0000000000000000       0x2f build/default/production/bootmain.o
                                         0x30 (size before relaxing)
 .comment       0x000000000000002f       0x2c c:/program files/microchip/xc8/v2.50/avr/bin/../lib/gcc/avr/5.4.0/../../../../avr/lib/avr5\libc.a(exit.o)
                                         0x2d (size before relaxing)
 .comment       0x000000000000005b       0x2d c:/program files/microchip/xc8/v2.50/avr/bin/../lib/gcc/avr/5.4.0/../../../../avr/lib/avr5\libc.a(memcpy.o)
 .comment       0x000000000000005b       0x2d c:/program files/microchip/xc8/v2.50/avr/bin/../lib/gcc/avr/5.4.0/../../../../avr/lib/avr5\libc.a(memset.o)
 .comment       0x000000000000005b       0x2d c:/program files/microchip/xc8/v2.50/avr/bin/../lib/gcc/avr/5.4.0/../../../../avr/lib/avr5\libc.a(strcmp.o)
 .comment       0x000000000000005b       0x2d c:/program files/microchip/xc8/v2.50/avr/bin/../lib/gcc/avr/5.4.0/../../../../avr/lib/avr5\libc.a(strncmp.o)

.stack.descriptors.hdr
                0x0000000000000000       0x46
 .stack.descriptors.hdr
                0x0000000000000000        0xe c:/program files/microchip/xc8/v2.50/avr/bin/../lib/gcc/avr/5.4.0/../../../../avr/lib/avr5\libc.a(exit.o)
 .stack.descriptors.hdr
                0x000000000000000e        0xe c:/program files/microchip/xc8/v2.50/avr/bin/../lib/gcc/avr/5.4.0/../../../../avr/lib/avr5\libc.a(memcpy.o)
 .stack.descriptors.hdr
                0x000000000000001c        0xe c:/program files/microchip/xc8/v2.50/avr/bin/../lib/gcc/avr/5.4.0/../../../../avr/lib/avr5\libc.a(memset.o)
 .stack.descriptors.hdr
                0x000000000000002a        0xe c:/program files/microchip/xc8/v2.50/avr/bin/../lib/gcc/avr/5.4.0/../../../../avr/lib/avr5\libc.a(strcmp.o)
 .stack.descriptors.hdr
                0x0000000000000038        0xe c:/program files/microchip/xc8/v2.50/avr/bin/../lib/gcc/avr/5.4.0/../../../../avr/lib/avr5\libc.a(strncmp.o)

.note.GNU-stack
                0x0000000000000000        0x0
 .note.GNU-stack
                0x0000000000000000        0x0 c:/program files/microchip/xc8/v2.50/avr/bin/../lib/gcc/avr/5.4.0/../../../../avr/lib/avr5\libc.a(exit.o)
 .note.GNU-stack
                0x0000000000000000        0x0 c:/program files/microchip/xc8/v2.50/avr/bin/../lib/gcc/avr/5.4.0/../../../../avr/lib/avr5\libc.a(memcpy.o)
 .note.GNU-stack
                0x0000000000000000        0x0 c:/program files/microchip/xc8/v2.50/avr/bin/../lib/gcc/avr/5.4.0/../../../../avr/lib/avr5\libc.a(memset.o)
 .note.GNU-stack
                0x0000000000000000        0x0 c:/program files/microchip/xc8/v2.50/avr/bin/../lib/gcc/avr/5.4.0/../../../../avr/lib/avr5\libc.a(strcmp.o)
 .note.GNU-stack
                0x0000000000000000        0x0 c:/program files/microchip/xc8/v2.50/avr/bin/../lib/gcc/avr/5.4.0/../../../../avr/lib/avr5\libc.a(strncmp.o)

.debug_frame    0x0000000000000000      0x1e8
 .debug_frame   0x0000000000000000      0x1e8 build/default/production/bootmain.o

progmem.data.__c.2406
                0x00000000000076b0       0x14
 progmem.data.__c.2406
                0x00000000000076b0       0x14 build/default/production/bootmain.o

progmem.data.__c.2401
                0x00000000000076c4       0x14
 progmem.data.__c.2401
                0x00000000000076c4       0x14 build/default/production/bootmain.o

progmem.data.__c.2372
                0x00000000000076d8       0x14
 progmem.data.__c.2372
                0x00000000000076d8       0x14 build/default/production/bootmain.o

progmem.data.__c.2416
                0x00000000000076ec       0x12
 progmem.data.__c.2416
                0x00000000000076ec       0x12 build/default/production/bootmain.o

progmem.data.__c.2408
                0x00000000000076fe       0x11
 progmem.data.__c.2408
                0x00000000000076fe       0x11 build/default/production/bootmain.o

progmem.data.__c.2404
                0x000000000000770f       0x11
 progmem.data.__c.2404
                0x000000000000770f       0x11 build/default/production/bootmain.o

progmem.data.__c.2367
                0x0000000000007720       0x11
 progmem.data.__c.2367
                0x0000000000007720       0x11 build/default/production/bootmain.o

.dinit          0x0000000000007732        0x5
 .dinit         0x0000000000007732        0x5 data_init

progmem.data.__c.2393
                0x0000000000007737        0x8
 progmem.data.__c.2393
                0x0000000000007737        0x8 build/default/production/bootmain.o

progmem.data.__c.2395
                0x000000000000773f        0x6
 progmem.data.__c.2395
                0x000000000000773f        0x6 build/default/production/bootmain.o

progmem.data.__c.2391
                0x0000000000007745        0x6
 progmem.data.__c.2391
                0x0000000000007745        0x6 build/default/production/bootmain.o
