Archive member included to satisfy reference by file (symbol)

c:/program files/microchip/xc8/v2.50/avr/bin/../lib/gcc/avr/5.4.0/avr5\libgcc.a(_copy_data.o)
                              build/default/production/main.o (__do_copy_data)
c:/program files/microchip/xc8/v2.50/avr/bin/../lib/gcc/avr/5.4.0/../../../../avr/lib/avr5\libc.a(exit.o)
                              C:/Users/Sirapob-ASUSTUF/.mchp_packs/Microchip/ATmega_DFP/3.3.279/xc8/avr/lib/avr5/crtatmega328p.o (exit)
c:/program files/microchip/xc8/v2.50/avr/bin/../lib/gcc/avr/5.4.0/../../../../avr/lib/avr5\libc.a(memcpy.o)
                              build/default/production/Source/queue.o (memcpy)
c:/program files/microchip/xc8/v2.50/avr/bin/../lib/gcc/avr/5.4.0/../../../../avr/lib/avr5\libc.a(_Exit.o)
                              c:/program files/microchip/xc8/v2.50/avr/bin/../lib/gcc/avr/5.4.0/../../../../avr/lib/avr5\libc.a(exit.o) (_Exit)
c:/program files/microchip/xc8/v2.50/avr/bin/../lib/gcc/avr/5.4.0/avr5\libgcc.a(_exit.o)
                              c:/program files/microchip/xc8/v2.50/avr/bin/../lib/gcc/avr/5.4.0/../../../../avr/lib/avr5\libc.a(_Exit.o) (_exit)

Discarded input sections

 .data          0x0000000000000000        0x0 C:/Users/Sirapob-ASUSTUF/.mchp_packs/Microchip/ATmega_DFP/3.3.279/xc8/avr/lib/avr5/crtatmega328p.o
 .bss           0x0000000000000000        0x0 C:/Users/Sirapob-ASUSTUF/.mchp_packs/Microchip/ATmega_DFP/3.3.279/xc8/avr/lib/avr5/crtatmega328p.o
 .text          0x0000000000000000        0x0 build/default/production/apptasks.o
 .data          0x0000000000000000        0x0 build/default/production/apptasks.o
 .bss           0x0000000000000000        0x0 build/default/production/apptasks.o
 .text          0x0000000000000000        0x0 build/default/production/main.o
 .data          0x0000000000000000        0x0 build/default/production/main.o
 .bss           0x0000000000000000        0x0 build/default/production/main.o
 .text          0x0000000000000000        0x0 build/default/production/Source/croutine.o
 .data          0x0000000000000000        0x0 build/default/production/Source/croutine.o
 .bss           0x0000000000000000        0x0 build/default/production/Source/croutine.o
 .text.xCoRoutineCreate
                0x0000000000000000       0xf0 build/default/production/Source/croutine.o
 .text.vCoRoutineAddToDelayedList
                0x0000000000000000       0x86 build/default/production/Source/croutine.o
 .text.vCoRoutineSchedule
                0x0000000000000000      0x274 build/default/production/Source/croutine.o
 .text.xCoRoutineRemoveFromEventList
                0x0000000000000000       0x4a build/default/production/Source/croutine.o
 .bss.xPassedTicks
                0x0000000000000000        0x2 build/default/production/Source/croutine.o
 .bss.xLastTickCount
                0x0000000000000000        0x2 build/default/production/Source/croutine.o
 .bss.xCoRoutineTickCount
                0x0000000000000000        0x2 build/default/production/Source/croutine.o
 .bss.uxTopCoRoutineReadyPriority
                0x0000000000000000        0x1 build/default/production/Source/croutine.o
 .bss.pxCurrentCoRoutine
                0x0000000000000000        0x2 build/default/production/Source/croutine.o
 .bss.xPendingReadyCoRoutineList
                0x0000000000000000        0x9 build/default/production/Source/croutine.o
 .bss.pxOverflowDelayedCoRoutineList
                0x0000000000000000        0x2 build/default/production/Source/croutine.o
 .bss.pxDelayedCoRoutineList
                0x0000000000000000        0x2 build/default/production/Source/croutine.o
 .bss.xDelayedCoRoutineList2
                0x0000000000000000        0x9 build/default/production/Source/croutine.o
 .bss.xDelayedCoRoutineList1
                0x0000000000000000        0x9 build/default/production/Source/croutine.o
 .bss.pxReadyCoRoutineLists
                0x0000000000000000       0x12 build/default/production/Source/croutine.o
 .debug_info    0x0000000000000000      0xb88 build/default/production/Source/croutine.o
 .debug_abbrev  0x0000000000000000      0x25a build/default/production/Source/croutine.o
 .debug_loc     0x0000000000000000      0x286 build/default/production/Source/croutine.o
 .debug_aranges
                0x0000000000000000       0x38 build/default/production/Source/croutine.o
 .debug_ranges  0x0000000000000000       0x28 build/default/production/Source/croutine.o
 .debug_line    0x0000000000000000      0x324 build/default/production/Source/croutine.o
 .debug_str     0x0000000000000000       0xa8 build/default/production/Source/croutine.o
 .comment       0x0000000000000000       0x30 build/default/production/Source/croutine.o
 .debug_frame   0x0000000000000000       0xc0 build/default/production/Source/croutine.o
 .text          0x0000000000000000        0x0 build/default/production/Source/event_groups.o
 .data          0x0000000000000000        0x0 build/default/production/Source/event_groups.o
 .bss           0x0000000000000000        0x0 build/default/production/Source/event_groups.o
 .text.xEventGroupCreate
                0x0000000000000000       0x26 build/default/production/Source/event_groups.o
 .text.xEventGroupWaitBits
                0x0000000000000000      0x110 build/default/production/Source/event_groups.o
 .text.xEventGroupClearBits
                0x0000000000000000       0x1e build/default/production/Source/event_groups.o
 .text.xEventGroupGetBitsFromISR
                0x0000000000000000        0x8 build/default/production/Source/event_groups.o
 .text.xEventGroupSetBits
                0x0000000000000000       0xdc build/default/production/Source/event_groups.o
 .text.xEventGroupSync
                0x0000000000000000       0xd2 build/default/production/Source/event_groups.o
 .text.vEventGroupDelete
                0x0000000000000000       0x32 build/default/production/Source/event_groups.o
 .text.vEventGroupSetBitsCallback
                0x0000000000000000        0x8 build/default/production/Source/event_groups.o
 .text.vEventGroupClearBitsCallback
                0x0000000000000000        0x8 build/default/production/Source/event_groups.o
 .debug_info    0x0000000000000000      0xc72 build/default/production/Source/event_groups.o
 .debug_abbrev  0x0000000000000000      0x21c build/default/production/Source/event_groups.o
 .debug_loc     0x0000000000000000      0x91d build/default/production/Source/event_groups.o
 .debug_aranges
                0x0000000000000000       0x60 build/default/production/Source/event_groups.o
 .debug_ranges  0x0000000000000000       0x68 build/default/production/Source/event_groups.o
 .debug_line    0x0000000000000000      0x3af build/default/production/Source/event_groups.o
 .debug_str     0x0000000000000000      0x192 build/default/production/Source/event_groups.o
 .comment       0x0000000000000000       0x30 build/default/production/Source/event_groups.o
 .debug_frame   0x0000000000000000      0x158 build/default/production/Source/event_groups.o
 .text          0x0000000000000000        0x0 build/default/production/Source/list.o
 .data          0x0000000000000000        0x0 build/default/production/Source/list.o
 .bss           0x0000000000000000        0x0 build/default/production/Source/list.o
 .text          0x0000000000000000        0x0 build/default/production/Source/queue.o
 .data          0x0000000000000000        0x0 build/default/production/Source/queue.o
 .bss           0x0000000000000000        0x0 build/default/production/Source/queue.o
 .text.prvCopyDataToQueue
                0x0000000000000000       0x96 build/default/production/Source/queue.o
 .text.prvCopyDataFromQueue
                0x0000000000000000       0x34 build/default/production/Source/queue.o
 .text.prvUnlockQueue
                0x0000000000000000       0x98 build/default/production/Source/queue.o
 .text.xQueueGenericReset
                0x0000000000000000       0x7a build/default/production/Source/queue.o
 .text.xQueueGenericCreate
                0x0000000000000000       0x58 build/default/production/Source/queue.o
 .text.xQueueGenericSend
                0x0000000000000000      0x142 build/default/production/Source/queue.o
 .text.xQueueGenericSendFromISR
                0x0000000000000000       0x70 build/default/production/Source/queue.o
 .text.xQueueGiveFromISR
                0x0000000000000000       0x56 build/default/production/Source/queue.o
 .text.xQueueGenericReceive
                0x0000000000000000      0x158 build/default/production/Source/queue.o
 .text.xQueueReceiveFromISR
                0x0000000000000000       0x66 build/default/production/Source/queue.o
 .text.xQueuePeekFromISR
                0x0000000000000000       0x2e build/default/production/Source/queue.o
 .text.uxQueueMessagesWaiting
                0x0000000000000000       0x10 build/default/production/Source/queue.o
 .text.uxQueueSpacesAvailable
                0x0000000000000000       0x14 build/default/production/Source/queue.o
 .text.uxQueueMessagesWaitingFromISR
                0x0000000000000000        0x6 build/default/production/Source/queue.o
 .text.vQueueDelete
                0x0000000000000000        0x6 build/default/production/Source/queue.o
 .text.xQueueIsQueueEmptyFromISR
                0x0000000000000000        0xc build/default/production/Source/queue.o
 .text.xQueueIsQueueFullFromISR
                0x0000000000000000        0xe build/default/production/Source/queue.o
 .debug_info    0x0000000000000000     0x132e build/default/production/Source/queue.o
 .debug_abbrev  0x0000000000000000      0x214 build/default/production/Source/queue.o
 .debug_loc     0x0000000000000000      0xe3e build/default/production/Source/queue.o
 .debug_aranges
                0x0000000000000000       0xa0 build/default/production/Source/queue.o
 .debug_ranges  0x0000000000000000       0x90 build/default/production/Source/queue.o
 .debug_line    0x0000000000000000      0x754 build/default/production/Source/queue.o
 .debug_str     0x0000000000000000      0x18d build/default/production/Source/queue.o
 .comment       0x0000000000000000       0x30 build/default/production/Source/queue.o
 .debug_frame   0x0000000000000000      0x230 build/default/production/Source/queue.o
 .text          0x0000000000000000        0x0 build/default/production/Source/tasks.o
 .data          0x0000000000000000        0x0 build/default/production/Source/tasks.o
 .bss           0x0000000000000000        0x0 build/default/production/Source/tasks.o
 .text.vTaskDelete
                0x0000000000000000       0x8e build/default/production/Source/tasks.o
 .text.vTaskEndScheduler
                0x0000000000000000        0xc build/default/production/Source/tasks.o
 .text.xTaskGetTickCountFromISR
                0x0000000000000000        0xa build/default/production/Source/tasks.o
 .text.uxTaskGetNumberOfTasks
                0x0000000000000000        0x6 build/default/production/Source/tasks.o
 .text.vTaskDelay
                0x0000000000000000       0x40 build/default/production/Source/tasks.o
 .text.vTaskPlaceOnEventList
                0x0000000000000000       0x3a build/default/production/Source/tasks.o
 .text.vTaskPlaceOnUnorderedEventList
                0x0000000000000000       0x48 build/default/production/Source/tasks.o
 .text.xTaskRemoveFromEventList
                0x0000000000000000       0x90 build/default/production/Source/tasks.o
 .text.xTaskRemoveFromUnorderedEventList
                0x0000000000000000       0x74 build/default/production/Source/tasks.o
 .text.vTaskSetTimeOutState
                0x0000000000000000       0x16 build/default/production/Source/tasks.o
 .text.xTaskCheckForTimeOut
                0x0000000000000000       0x64 build/default/production/Source/tasks.o
 .text.vTaskMissedYield
                0x0000000000000000        0x8 build/default/production/Source/tasks.o
 .text.uxTaskResetEventItemValue
                0x0000000000000000       0x2e build/default/production/Source/tasks.o
 .text.ulTaskNotifyTake
                0x0000000000000000       0xce build/default/production/Source/tasks.o
 .text.xTaskNotifyWait
                0x0000000000000000      0x11e build/default/production/Source/tasks.o
 .text.xTaskNotify
                0x0000000000000000       0xe4 build/default/production/Source/tasks.o
 .text.xTaskNotifyFromISR
                0x0000000000000000      0x110 build/default/production/Source/tasks.o
 .text.vTaskNotifyGiveFromISR
                0x0000000000000000       0xae build/default/production/Source/tasks.o
 .text          0x0000000000000000        0x0 build/default/production/Source/timers.o
 .data          0x0000000000000000        0x0 build/default/production/Source/timers.o
 .bss           0x0000000000000000        0x0 build/default/production/Source/timers.o
 .debug_info    0x0000000000000000      0x236 build/default/production/Source/timers.o
 .debug_abbrev  0x0000000000000000       0x1b build/default/production/Source/timers.o
 .debug_aranges
                0x0000000000000000       0x18 build/default/production/Source/timers.o
 .debug_line    0x0000000000000000       0x1a build/default/production/Source/timers.o
 .debug_str     0x0000000000000000        0x0 build/default/production/Source/timers.o
 .comment       0x0000000000000000       0x30 build/default/production/Source/timers.o
 .text          0x0000000000000000        0x0 build/default/production/Source/portable/MemMang/heap_1.o
 .data          0x0000000000000000        0x0 build/default/production/Source/portable/MemMang/heap_1.o
 .bss           0x0000000000000000        0x0 build/default/production/Source/portable/MemMang/heap_1.o
 .text.vPortInitialiseBlocks
                0x0000000000000000        0xa build/default/production/Source/portable/MemMang/heap_1.o
 .text.xPortGetFreeHeapSize
                0x0000000000000000       0x12 build/default/production/Source/portable/MemMang/heap_1.o
 .text          0x0000000000000000        0x0 build/default/production/Source/portable/GCC/ATMega328/port.o
 .data          0x0000000000000000        0x0 build/default/production/Source/portable/GCC/ATMega328/port.o
 .bss           0x0000000000000000        0x0 build/default/production/Source/portable/GCC/ATMega328/port.o
 .text.vPortEndScheduler
                0x0000000000000000        0x2 build/default/production/Source/portable/GCC/ATMega328/port.o
 .text          0x0000000000000000        0x0 build/default/production/Drivers/led.o
 .data          0x0000000000000000        0x0 build/default/production/Drivers/led.o
 .bss           0x0000000000000000        0x0 build/default/production/Drivers/led.o
 .text          0x0000000000000000        0x0 c:/program files/microchip/xc8/v2.50/avr/bin/../lib/gcc/avr/5.4.0/avr5\libgcc.a(_copy_data.o)
 .data          0x0000000000000000        0x0 c:/program files/microchip/xc8/v2.50/avr/bin/../lib/gcc/avr/5.4.0/avr5\libgcc.a(_copy_data.o)
 .bss           0x0000000000000000        0x0 c:/program files/microchip/xc8/v2.50/avr/bin/../lib/gcc/avr/5.4.0/avr5\libgcc.a(_copy_data.o)
 .text.libgcc.mul
                0x0000000000000000        0x0 c:/program files/microchip/xc8/v2.50/avr/bin/../lib/gcc/avr/5.4.0/avr5\libgcc.a(_copy_data.o)
 .text.libgcc.div
                0x0000000000000000        0x0 c:/program files/microchip/xc8/v2.50/avr/bin/../lib/gcc/avr/5.4.0/avr5\libgcc.a(_copy_data.o)
 .text.libgcc   0x0000000000000000        0x0 c:/program files/microchip/xc8/v2.50/avr/bin/../lib/gcc/avr/5.4.0/avr5\libgcc.a(_copy_data.o)
 .text.libgcc.prologue
                0x0000000000000000        0x0 c:/program files/microchip/xc8/v2.50/avr/bin/../lib/gcc/avr/5.4.0/avr5\libgcc.a(_copy_data.o)
 .text.libgcc.builtins
                0x0000000000000000        0x0 c:/program files/microchip/xc8/v2.50/avr/bin/../lib/gcc/avr/5.4.0/avr5\libgcc.a(_copy_data.o)
 .text.libgcc.fmul
                0x0000000000000000        0x0 c:/program files/microchip/xc8/v2.50/avr/bin/../lib/gcc/avr/5.4.0/avr5\libgcc.a(_copy_data.o)
 .text.libgcc.fixed
                0x0000000000000000        0x0 c:/program files/microchip/xc8/v2.50/avr/bin/../lib/gcc/avr/5.4.0/avr5\libgcc.a(_copy_data.o)
 .text          0x0000000000000000        0x0 c:/program files/microchip/xc8/v2.50/avr/bin/../lib/gcc/avr/5.4.0/../../../../avr/lib/avr5\libc.a(exit.o)
 .data          0x0000000000000000        0x0 c:/program files/microchip/xc8/v2.50/avr/bin/../lib/gcc/avr/5.4.0/../../../../avr/lib/avr5\libc.a(exit.o)
 .bss           0x0000000000000000        0x0 c:/program files/microchip/xc8/v2.50/avr/bin/../lib/gcc/avr/5.4.0/../../../../avr/lib/avr5\libc.a(exit.o)
 .stack.descriptors
                0x0000000000000000       0x73 c:/program files/microchip/xc8/v2.50/avr/bin/../lib/gcc/avr/5.4.0/../../../../avr/lib/avr5\libc.a(exit.o)
 .text          0x0000000000000000        0x0 c:/program files/microchip/xc8/v2.50/avr/bin/../lib/gcc/avr/5.4.0/../../../../avr/lib/avr5\libc.a(memcpy.o)
 .data          0x0000000000000000        0x0 c:/program files/microchip/xc8/v2.50/avr/bin/../lib/gcc/avr/5.4.0/../../../../avr/lib/avr5\libc.a(memcpy.o)
 .bss           0x0000000000000000        0x0 c:/program files/microchip/xc8/v2.50/avr/bin/../lib/gcc/avr/5.4.0/../../../../avr/lib/avr5\libc.a(memcpy.o)
 .stack.descriptors
                0x0000000000000000       0x14 c:/program files/microchip/xc8/v2.50/avr/bin/../lib/gcc/avr/5.4.0/../../../../avr/lib/avr5\libc.a(memcpy.o)
 .text.memcpy   0x0000000000000000       0x16 c:/program files/microchip/xc8/v2.50/avr/bin/../lib/gcc/avr/5.4.0/../../../../avr/lib/avr5\libc.a(memcpy.o)
 .comment       0x0000000000000000       0x2d c:/program files/microchip/xc8/v2.50/avr/bin/../lib/gcc/avr/5.4.0/../../../../avr/lib/avr5\libc.a(memcpy.o)
 .stack.descriptors.hdr
                0x0000000000000000        0xe c:/program files/microchip/xc8/v2.50/avr/bin/../lib/gcc/avr/5.4.0/../../../../avr/lib/avr5\libc.a(memcpy.o)
 .note.GNU-stack
                0x0000000000000000        0x0 c:/program files/microchip/xc8/v2.50/avr/bin/../lib/gcc/avr/5.4.0/../../../../avr/lib/avr5\libc.a(memcpy.o)
 .text          0x0000000000000000        0x0 c:/program files/microchip/xc8/v2.50/avr/bin/../lib/gcc/avr/5.4.0/../../../../avr/lib/avr5\libc.a(_Exit.o)
 .data          0x0000000000000000        0x0 c:/program files/microchip/xc8/v2.50/avr/bin/../lib/gcc/avr/5.4.0/../../../../avr/lib/avr5\libc.a(_Exit.o)
 .bss           0x0000000000000000        0x0 c:/program files/microchip/xc8/v2.50/avr/bin/../lib/gcc/avr/5.4.0/../../../../avr/lib/avr5\libc.a(_Exit.o)
 .stack.descriptors
                0x0000000000000000       0x13 c:/program files/microchip/xc8/v2.50/avr/bin/../lib/gcc/avr/5.4.0/../../../../avr/lib/avr5\libc.a(_Exit.o)
 .text          0x0000000000000000        0x0 c:/program files/microchip/xc8/v2.50/avr/bin/../lib/gcc/avr/5.4.0/avr5\libgcc.a(_exit.o)
 .data          0x0000000000000000        0x0 c:/program files/microchip/xc8/v2.50/avr/bin/../lib/gcc/avr/5.4.0/avr5\libgcc.a(_exit.o)
 .bss           0x0000000000000000        0x0 c:/program files/microchip/xc8/v2.50/avr/bin/../lib/gcc/avr/5.4.0/avr5\libgcc.a(_exit.o)
 .text.libgcc.mul
                0x0000000000000000        0x0 c:/program files/microchip/xc8/v2.50/avr/bin/../lib/gcc/avr/5.4.0/avr5\libgcc.a(_exit.o)
 .text.libgcc.div
                0x0000000000000000        0x0 c:/program files/microchip/xc8/v2.50/avr/bin/../lib/gcc/avr/5.4.0/avr5\libgcc.a(_exit.o)
 .text.libgcc   0x0000000000000000        0x0 c:/program files/microchip/xc8/v2.50/avr/bin/../lib/gcc/avr/5.4.0/avr5\libgcc.a(_exit.o)
 .text.libgcc.prologue
                0x0000000000000000        0x0 c:/program files/microchip/xc8/v2.50/avr/bin/../lib/gcc/avr/5.4.0/avr5\libgcc.a(_exit.o)
 .stack.descriptors
                0x0000000000000000       0x13 c:/program files/microchip/xc8/v2.50/avr/bin/../lib/gcc/avr/5.4.0/avr5\libgcc.a(_exit.o)
 .text.libgcc.builtins
                0x0000000000000000        0x0 c:/program files/microchip/xc8/v2.50/avr/bin/../lib/gcc/avr/5.4.0/avr5\libgcc.a(_exit.o)
 .text.libgcc.fmul
                0x0000000000000000        0x0 c:/program files/microchip/xc8/v2.50/avr/bin/../lib/gcc/avr/5.4.0/avr5\libgcc.a(_exit.o)
 .text.libgcc.fixed
                0x0000000000000000        0x0 c:/program files/microchip/xc8/v2.50/avr/bin/../lib/gcc/avr/5.4.0/avr5\libgcc.a(_exit.o)

Memory Configuration

Name             Origin             Length             Attributes
text             0x0000000000000000 0x0000000000008000 xr
data             0x0000000000800100 0x0000000000000800 rw !x
eeprom           0x0000000000810000 0x0000000000000400 rw !x
fuse             0x0000000000820000 0x0000000000000003 rw !x
lock             0x0000000000830000 0x0000000000000400 rw !x
signature        0x0000000000840000 0x0000000000000400 rw !x
user_signatures  0x0000000000850000 0x0000000000000400 rw !x
bootrow          0x0000000000860000 0x0000000000000400 rw !x
*default*        0x0000000000000000 0xffffffffffffffff

Linker script and memory map

Address of section .data set to 0x800100
LOAD C:/Users/Sirapob-ASUSTUF/.mchp_packs/Microchip/ATmega_DFP/3.3.279/xc8/avr/lib/avr5/crtatmega328p.o
                0x0000000000000001                __MPLAB_BUILD = 0x1
LOAD build/default/production/apptasks.o
LOAD build/default/production/main.o
LOAD build/default/production/Source/croutine.o
LOAD build/default/production/Source/event_groups.o
LOAD build/default/production/Source/list.o
LOAD build/default/production/Source/queue.o
LOAD build/default/production/Source/tasks.o
LOAD build/default/production/Source/timers.o
LOAD build/default/production/Source/portable/MemMang/heap_1.o
LOAD build/default/production/Source/portable/GCC/ATMega328/port.o
LOAD build/default/production/Drivers/led.o
START GROUP
LOAD c:/program files/microchip/xc8/v2.50/avr/bin/../lib/gcc/avr/5.4.0/../../../../avr/lib/avr5\libm.a
END GROUP
START GROUP
LOAD c:/program files/microchip/xc8/v2.50/avr/bin/../lib/gcc/avr/5.4.0/avr5\libgcc.a
LOAD c:/program files/microchip/xc8/v2.50/avr/bin/../lib/gcc/avr/5.4.0/../../../../avr/lib/avr5\libm.a
LOAD c:/program files/microchip/xc8/v2.50/avr/bin/../lib/gcc/avr/5.4.0/../../../../avr/lib/avr5\libc.a
LOAD C:/Users/Sirapob-ASUSTUF/.mchp_packs/Microchip/ATmega_DFP/3.3.279/xc8/avr/lib/avr5\libatmega328p.a
END GROUP
                0x0000000000000000                __TEXT_REGION_ORIGIN__ = DEFINED (__TEXT_REGION_ORIGIN__)?__TEXT_REGION_ORIGIN__:0x0
                [0x0000000000800100]                __DATA_REGION_ORIGIN__ = DEFINED (__DATA_REGION_ORIGIN__)?__DATA_REGION_ORIGIN__:0x800060
                [0x0000000000008000]                __TEXT_REGION_LENGTH__ = DEFINED (__TEXT_REGION_LENGTH__)?__TEXT_REGION_LENGTH__:0x20000
                [0x0000000000000800]                __DATA_REGION_LENGTH__ = DEFINED (__DATA_REGION_LENGTH__)?__DATA_REGION_LENGTH__:0xffa0
                [0x0000000000000400]                __EEPROM_REGION_LENGTH__ = DEFINED (__EEPROM_REGION_LENGTH__)?__EEPROM_REGION_LENGTH__:0x10000
                [0x0000000000000003]                __FUSE_REGION_LENGTH__ = DEFINED (__FUSE_REGION_LENGTH__)?__FUSE_REGION_LENGTH__:0x400
                0x0000000000000400                __LOCK_REGION_LENGTH__ = DEFINED (__LOCK_REGION_LENGTH__)?__LOCK_REGION_LENGTH__:0x400
                0x0000000000000400                __SIGNATURE_REGION_LENGTH__ = DEFINED (__SIGNATURE_REGION_LENGTH__)?__SIGNATURE_REGION_LENGTH__:0x400
                0x0000000000000400                __USER_SIGNATURE_REGION_LENGTH__ = DEFINED (__USER_SIGNATURE_REGION_LENGTH__)?__USER_SIGNATURE_REGION_LENGTH__:0x400
                0x0000000000000400                __BOOTROW_REGION_LENGTH__ = DEFINED (__BOOTROW_REGION_LENGTH__)?__BOOTROW_REGION_LENGTH__:0x400

.hash
 *(.hash)

.dynsym
 *(.dynsym)

.dynstr
 *(.dynstr)

.gnu.version
 *(.gnu.version)

.gnu.version_d
 *(.gnu.version_d)

.gnu.version_r
 *(.gnu.version_r)

.rel.init
 *(.rel.init)

.rela.init
 *(.rela.init)

.rel.text
 *(.rel.text)
 *(.rel.text.*)
 *(.rel.gnu.linkonce.t*)

.rela.text
 *(.rela.text)
 *(.rela.text.*)
 *(.rela.gnu.linkonce.t*)

.rel.fini
 *(.rel.fini)

.rela.fini
 *(.rela.fini)

.rel.rodata
 *(.rel.rodata)
 *(.rel.rodata.*)
 *(.rel.gnu.linkonce.r*)

.rela.rodata
 *(.rela.rodata)
 *(.rela.rodata.*)
 *(.rela.gnu.linkonce.r*)

.rel.data
 *(.rel.data)
 *(.rel.data.*)
 *(.rel.gnu.linkonce.d*)

.rela.data
 *(.rela.data)
 *(.rela.data.*)
 *(.rela.gnu.linkonce.d*)

.rel.ctors
 *(.rel.ctors)

.rela.ctors
 *(.rela.ctors)

.rel.dtors
 *(.rel.dtors)

.rela.dtors
 *(.rela.dtors)

.rel.got
 *(.rel.got)

.rela.got
 *(.rela.got)

.rel.bss
 *(.rel.bss)

.rela.bss
 *(.rela.bss)

.rel.plt
 *(.rel.plt)

.rela.plt
 *(.rela.plt)

.text           0x0000000000000000       0xce
 *(.vectors)
 .vectors       0x0000000000000000       0x68 C:/Users/Sirapob-ASUSTUF/.mchp_packs/Microchip/ATmega_DFP/3.3.279/xc8/avr/lib/avr5/crtatmega328p.o
                0x0000000000000000                __vector_default
                0x0000000000000000                __vectors
 *(.vectors)
 *(.progmem.gcc*)
 *(.dinit)
 .dinit         0x0000000000000068       0x11 data_init
                0x000000000000007a                . = ALIGN (0x2)
 *fill*         0x0000000000000079        0x1 
                0x000000000000007a                __trampolines_start = .
 *(.trampolines)
 .trampolines   0x000000000000007a        0x0 linker stubs
 *(.trampolines*)
                0x000000000000007a                __trampolines_end = .
 *libprintf_flt.a:*(.progmem.data)
 *libc.a:*(.progmem.data)
                0x000000000000007a                . = ALIGN (0x2)
 *(.jumptables)
 *(.jumptables*)
 *(.lowtext)
 *(.lowtext*)
                0x000000000000007a                __ctors_start = .
 *(.ctors)
                0x000000000000007a                __ctors_end = .
                0x000000000000007a                __dtors_start = .
 *(.dtors)
                0x000000000000007a                __dtors_end = .
 SORT(*)(.ctors)
 SORT(*)(.dtors)
 *(.init0)
 .init0         0x000000000000007a        0x0 C:/Users/Sirapob-ASUSTUF/.mchp_packs/Microchip/ATmega_DFP/3.3.279/xc8/avr/lib/avr5/crtatmega328p.o
                0x000000000000007a                __init
 *(.init0)
 *(.init1)
 *(.init1)
 *(.init2)
 .init2         0x000000000000007a        0xc C:/Users/Sirapob-ASUSTUF/.mchp_packs/Microchip/ATmega_DFP/3.3.279/xc8/avr/lib/avr5/crtatmega328p.o
 *(.init2)
 *(.init3)
 *(.init3)
 *(.init4)
 .init4         0x0000000000000086       0x3c c:/program files/microchip/xc8/v2.50/avr/bin/../lib/gcc/avr/5.4.0/avr5\libgcc.a(_copy_data.o)
                0x0000000000000086                __do_copy_data
                0x00000000000000b4                __do_clear_bss
 *(.init4)
 *(.init5)
 *(.init5)
 *(.init6)
 *(.init6)
 *(.init7)
 *(.init7)
 *(.init8)
 *(.init8)
 *(.init9)
 .init9         0x00000000000000c2        0x8 C:/Users/Sirapob-ASUSTUF/.mchp_packs/Microchip/ATmega_DFP/3.3.279/xc8/avr/lib/avr5/crtatmega328p.o
 *(.init9)
                0x00000000000000ca                . = ALIGN (0x2)
 *(.fini9)
 .fini9         0x00000000000000ca        0x0 c:/program files/microchip/xc8/v2.50/avr/bin/../lib/gcc/avr/5.4.0/avr5\libgcc.a(_exit.o)
                0x00000000000000ca                _exit
 *(.fini9)
 *(.fini8)
 *(.fini8)
 *(.fini7)
 *(.fini7)
 *(.fini6)
 *(.fini6)
 *(.fini5)
 *(.fini5)
 *(.fini4)
 *(.fini4)
 *(.fini3)
 *(.fini3)
 *(.fini2)
 *(.fini2)
 *(.fini1)
 *(.fini1)
 *(.fini0)
 .fini0         0x00000000000000ca        0x4 c:/program files/microchip/xc8/v2.50/avr/bin/../lib/gcc/avr/5.4.0/avr5\libgcc.a(_exit.o)
 *(.fini0)
                0x00000000000000ce                _etext = .

.data           0x0000000000800100        0x0 load address 0x00000000000000ce
                [!provide]                        PROVIDE (__data_start, .)
 *(.gnu.linkonce.d*)
 *(.gnu.linkonce.r*)
                0x0000000000800100                . = ALIGN (0x2)
                0x0000000000800100                _edata = .
                [!provide]                        PROVIDE (__data_end, .)

.bss            0x0000000000800100        0x0
                [!provide]                        PROVIDE (__bss_start, .)
 *(COMMON)
                [!provide]                        PROVIDE (__bss_end, .)
                0x00000000000000ce                __data_load_start = LOADADDR (.data)
                0x00000000000000ce                __data_load_end = (__data_load_start + SIZEOF (.data))

.noinit         0x0000000000800100        0x0
                [!provide]                        PROVIDE (__noinit_start, .)
 *(.noinit*)
                [!provide]                        PROVIDE (__noinit_end, .)
                0x0000000000800100                _end = .

.eeprom         0x0000000000810000        0x0
 *(.eeprom*)
                0x0000000000810000                __eeprom_end = .

.fuse
 *(.fuse)
 *(.lfuse)
 *(.hfuse)
 *(.efuse)

.lock
 *(.lock*)

.signature
 *(.signature*)

.user_signatures
 *(.user_signatures*)

.bootrow
 *(.bootrow*)

.stab
 *(.stab)

.stabstr
 *(.stabstr)

.stab.excl
 *(.stab.excl)

.stab.exclstr
 *(.stab.exclstr)

.stab.index
 *(.stab.index)

.stab.indexstr
 *(.stab.indexstr)

.comment        0x0000000000000000       0x5b
 *(.comment)
 .comment       0x0000000000000000       0x2f build/default/production/apptasks.o
                                         0x30 (size before relaxing)
 .comment       0x000000000000002f       0x30 build/default/production/main.o
 .comment       0x000000000000002f       0x30 build/default/production/Source/list.o
 .comment       0x000000000000002f       0x30 build/default/production/Source/tasks.o
 .comment       0x000000000000002f       0x30 build/default/production/Source/portable/MemMang/heap_1.o
 .comment       0x000000000000002f       0x30 build/default/production/Source/portable/GCC/ATMega328/port.o
 .comment       0x000000000000002f       0x30 build/default/production/Drivers/led.o
 .comment       0x000000000000002f       0x2c c:/program files/microchip/xc8/v2.50/avr/bin/../lib/gcc/avr/5.4.0/../../../../avr/lib/avr5\libc.a(exit.o)
                                         0x2d (size before relaxing)
 .comment       0x000000000000005b       0x2d c:/program files/microchip/xc8/v2.50/avr/bin/../lib/gcc/avr/5.4.0/../../../../avr/lib/avr5\libc.a(_Exit.o)

.stack.descriptors.hdr
                0x0000000000000000       0x2a
 .stack.descriptors.hdr
                0x0000000000000000        0xe c:/program files/microchip/xc8/v2.50/avr/bin/../lib/gcc/avr/5.4.0/../../../../avr/lib/avr5\libc.a(exit.o)
 .stack.descriptors.hdr
                0x000000000000000e        0xe c:/program files/microchip/xc8/v2.50/avr/bin/../lib/gcc/avr/5.4.0/../../../../avr/lib/avr5\libc.a(_Exit.o)
 .stack.descriptors.hdr
                0x000000000000001c        0xe c:/program files/microchip/xc8/v2.50/avr/bin/../lib/gcc/avr/5.4.0/avr5\libgcc.a(_exit.o)

.note.GNU-stack
                0x0000000000000000        0x0
 .note.GNU-stack
                0x0000000000000000        0x0 c:/program files/microchip/xc8/v2.50/avr/bin/../lib/gcc/avr/5.4.0/../../../../avr/lib/avr5\libc.a(exit.o)
 .note.GNU-stack
                0x0000000000000000        0x0 c:/program files/microchip/xc8/v2.50/avr/bin/../lib/gcc/avr/5.4.0/../../../../avr/lib/avr5\libc.a(_Exit.o)

.note.gnu.build-id
 *(.note.gnu.build-id)

.debug
 *(.debug)

.line
 *(.line)

.debug_srcinfo
 *(.debug_srcinfo)

.debug_sfnames
 *(.debug_sfnames)

.debug_aranges  0x0000000000000000      0x230
 *(.debug_aranges)
 .debug_aranges
                0x0000000000000000       0x20 build/default/production/apptasks.o
 .debug_aranges
                0x0000000000000020       0x28 build/default/production/main.o
 .debug_aranges
                0x0000000000000048       0x40 build/default/production/Source/list.o
 .debug_aranges
                0x0000000000000088      0x100 build/default/production/Source/tasks.o
 .debug_aranges
                0x0000000000000188       0x38 build/default/production/Source/portable/MemMang/heap_1.o
 .debug_aranges
                0x00000000000001c0       0x48 build/default/production/Source/portable/GCC/ATMega328/port.o
 .debug_aranges
                0x0000000000000208       0x28 build/default/production/Drivers/led.o

.debug_pubnames
 *(.debug_pubnames)

.debug_info     0x0000000000000000     0x3b74
 *(.debug_info .gnu.linkonce.wi.*)
 .debug_info    0x0000000000000000      0x5f4 C:/Users/Sirapob-ASUSTUF/.mchp_packs/Microchip/ATmega_DFP/3.3.279/xc8/avr/lib/avr5/crtatmega328p.o
 .debug_info    0x00000000000005f4      0x33b build/default/production/apptasks.o
 .debug_info    0x000000000000092f      0x31b build/default/production/main.o
 .debug_info    0x0000000000000c4a      0x534 build/default/production/Source/list.o
 .debug_info    0x000000000000117e     0x1eb2 build/default/production/Source/tasks.o
 .debug_info    0x0000000000003030      0x3e3 build/default/production/Source/portable/MemMang/heap_1.o
 .debug_info    0x0000000000003413      0x501 build/default/production/Source/portable/GCC/ATMega328/port.o
 .debug_info    0x0000000000003914      0x260 build/default/production/Drivers/led.o

.debug_abbrev   0x0000000000000000      0xde3
 *(.debug_abbrev)
 .debug_abbrev  0x0000000000000000      0x5a2 C:/Users/Sirapob-ASUSTUF/.mchp_packs/Microchip/ATmega_DFP/3.3.279/xc8/avr/lib/avr5/crtatmega328p.o
 .debug_abbrev  0x00000000000005a2       0xcc build/default/production/apptasks.o
 .debug_abbrev  0x000000000000066e       0x98 build/default/production/main.o
 .debug_abbrev  0x0000000000000706      0x10f build/default/production/Source/list.o
 .debug_abbrev  0x0000000000000815      0x30c build/default/production/Source/tasks.o
 .debug_abbrev  0x0000000000000b21      0x11e build/default/production/Source/portable/MemMang/heap_1.o
 .debug_abbrev  0x0000000000000c3f      0x15e build/default/production/Source/portable/GCC/ATMega328/port.o
 .debug_abbrev  0x0000000000000d9d       0x46 build/default/production/Drivers/led.o

.debug_line     0x0000000000000000     0x1568
 *(.debug_line .debug_line.* .debug_line_end)
 .debug_line    0x0000000000000000      0x134 C:/Users/Sirapob-ASUSTUF/.mchp_packs/Microchip/ATmega_DFP/3.3.279/xc8/avr/lib/avr5/crtatmega328p.o
 .debug_line    0x0000000000000134       0xfb build/default/production/apptasks.o
 .debug_line    0x000000000000022f       0xe8 build/default/production/main.o
 .debug_line    0x0000000000000317      0x1e4 build/default/production/Source/list.o
 .debug_line    0x00000000000004fb      0xbdd build/default/production/Source/tasks.o
 .debug_line    0x00000000000010d8      0x139 build/default/production/Source/portable/MemMang/heap_1.o
 .debug_line    0x0000000000001211      0x2b8 build/default/production/Source/portable/GCC/ATMega328/port.o
 .debug_line    0x00000000000014c9       0x9f build/default/production/Drivers/led.o

.debug_frame    0x0000000000000000      0x5f8
 *(.debug_frame)
 .debug_frame   0x0000000000000000       0x34 build/default/production/apptasks.o
 .debug_frame   0x0000000000000034       0x58 build/default/production/main.o
 .debug_frame   0x000000000000008c       0x88 build/default/production/Source/list.o
 .debug_frame   0x0000000000000114      0x3dc build/default/production/Source/tasks.o
 .debug_frame   0x00000000000004f0       0x60 build/default/production/Source/portable/MemMang/heap_1.o
 .debug_frame   0x0000000000000550       0x74 build/default/production/Source/portable/GCC/ATMega328/port.o
 .debug_frame   0x00000000000005c4       0x34 build/default/production/Drivers/led.o

.debug_str      0x0000000000000000      0x4bd
 *(.debug_str)
 .debug_str     0x0000000000000000      0x208 C:/Users/Sirapob-ASUSTUF/.mchp_packs/Microchip/ATmega_DFP/3.3.279/xc8/avr/lib/avr5/crtatmega328p.o
 .debug_str     0x0000000000000208       0x36 build/default/production/apptasks.o
 .debug_str     0x000000000000023e       0x27 build/default/production/main.o
 .debug_str     0x0000000000000265       0x2b build/default/production/Source/list.o
 .debug_str     0x0000000000000290      0x1e8 build/default/production/Source/tasks.o
 .debug_str     0x0000000000000478       0x1f build/default/production/Source/portable/MemMang/heap_1.o
 .debug_str     0x0000000000000497       0x26 build/default/production/Source/portable/GCC/ATMega328/port.o
 .debug_str     0x00000000000004bd        0x0 build/default/production/Drivers/led.o

.debug_loc      0x0000000000000000     0x15bd
 *(.debug_loc)
 .debug_loc     0x0000000000000000       0x26 build/default/production/apptasks.o
 .debug_loc     0x0000000000000026       0xb8 build/default/production/Source/list.o
 .debug_loc     0x00000000000000de     0x118a build/default/production/Source/tasks.o
 .debug_loc     0x0000000000001268       0xc2 build/default/production/Source/portable/MemMang/heap_1.o
 .debug_loc     0x000000000000132a      0x293 build/default/production/Source/portable/GCC/ATMega328/port.o

.debug_macinfo
 *(.debug_macinfo)

.debug_weaknames
 *(.debug_weaknames)

.debug_funcnames
 *(.debug_funcnames)

.debug_typenames
 *(.debug_typenames)

.debug_varnames
 *(.debug_varnames)

.debug_pubtypes
 *(.debug_pubtypes)

.debug_ranges   0x0000000000000000      0x238
 *(.debug_ranges)
 .debug_ranges  0x0000000000000000       0x10 build/default/production/apptasks.o
 .debug_ranges  0x0000000000000010       0x18 build/default/production/main.o
 .debug_ranges  0x0000000000000028       0x30 build/default/production/Source/list.o
 .debug_ranges  0x0000000000000058      0x168 build/default/production/Source/tasks.o
 .debug_ranges  0x00000000000001c0       0x28 build/default/production/Source/portable/MemMang/heap_1.o
 .debug_ranges  0x00000000000001e8       0x38 build/default/production/Source/portable/GCC/ATMega328/port.o
 .debug_ranges  0x0000000000000220       0x18 build/default/production/Drivers/led.o

.debug_macro
 *(.debug_macro)
OUTPUT(dist/default/production/RTOS_v8.2.0.X.production.elf elf32-avr)
LOAD linker stubs
LOAD data_init

.note.gnu.avr.deviceinfo
                0x0000000000000000       0x40
 .note.gnu.avr.deviceinfo
                0x0000000000000000       0x40 C:/Users/Sirapob-ASUSTUF/.mchp_packs/Microchip/ATmega_DFP/3.3.279/xc8/avr/lib/avr5/crtatmega328p.o

.bss.uxSchedulerSuspended
                0x000000000080073b        0x1
 .bss.uxSchedulerSuspended
                0x000000000080073b        0x1 build/default/production/Source/tasks.o

.bss.uxTaskNumber
                0x000000000080073c        0x1
 .bss.uxTaskNumber
                0x000000000080073c        0x1 build/default/production/Source/tasks.o

.bss.xNumOfOverflows
                0x000000000080073d        0x1
 .bss.xNumOfOverflows
                0x000000000080073d        0x1 build/default/production/Source/tasks.o

.bss.xYieldPending
                0x000000000080073e        0x1
 .bss.xYieldPending
                0x000000000080073e        0x1 build/default/production/Source/tasks.o

.bss.uxPendedTicks
                0x000000000080073f        0x1
 .bss.uxPendedTicks
                0x000000000080073f        0x1 build/default/production/Source/tasks.o

.bss.xSchedulerRunning
                0x0000000000800740        0x1
 .bss.xSchedulerRunning
                0x0000000000800740        0x1 build/default/production/Source/tasks.o

.bss.uxTopReadyPriority
                0x0000000000800741        0x1
 .bss.uxTopReadyPriority
                0x0000000000800741        0x1 build/default/production/Source/tasks.o

.bss.xTickCount
                0x000000000080072f        0x2
 .bss.xTickCount
                0x000000000080072f        0x2 build/default/production/Source/tasks.o

.bss.uxCurrentNumberOfTasks
                0x0000000000800742        0x1
 .bss.uxCurrentNumberOfTasks
                0x0000000000800742        0x1 build/default/production/Source/tasks.o

.bss.uxTasksDeleted
                0x0000000000800743        0x1
 .bss.uxTasksDeleted
                0x0000000000800743        0x1 build/default/production/Source/tasks.o

.bss.xTasksWaitingTermination
                0x0000000000800700        0x9
 .bss.xTasksWaitingTermination
                0x0000000000800700        0x9 build/default/production/Source/tasks.o

.bss.xPendingReadyList
                0x0000000000800709        0x9
 .bss.xPendingReadyList
                0x0000000000800709        0x9 build/default/production/Source/tasks.o

.bss.pxOverflowDelayedTaskList
                0x0000000000800731        0x2
 .bss.pxOverflowDelayedTaskList
                0x0000000000800731        0x2 build/default/production/Source/tasks.o

.bss.pxDelayedTaskList
                0x0000000000800733        0x2
 .bss.pxDelayedTaskList
                0x0000000000800733        0x2 build/default/production/Source/tasks.o

.bss.xDelayedTaskList2
                0x0000000000800712        0x9
 .bss.xDelayedTaskList2
                0x0000000000800712        0x9 build/default/production/Source/tasks.o

.bss.xDelayedTaskList1
                0x000000000080071b        0x9
 .bss.xDelayedTaskList1
                0x000000000080071b        0x9 build/default/production/Source/tasks.o

.bss.pxReadyTasksLists
                0x00000000008006dc       0x24
 .bss.pxReadyTasksLists
                0x00000000008006dc       0x24 build/default/production/Source/tasks.o

.bss.pxCurrentTCB
                0x0000000000800735        0x2
 .bss.pxCurrentTCB
                0x0000000000800735        0x2 build/default/production/Source/tasks.o
                0x0000000000800735                pxCurrentTCB

.bss.pucAlignedHeap.1991
                0x0000000000800737        0x2
 .bss.pucAlignedHeap.1991
                0x0000000000800737        0x2 build/default/production/Source/portable/MemMang/heap_1.o

.bss.xNextFreeByte
                0x0000000000800739        0x2
 .bss.xNextFreeByte
                0x0000000000800739        0x2 build/default/production/Source/portable/MemMang/heap_1.o

.bss.ucHeap     0x0000000000800100      0x5dc
 .bss.ucHeap    0x0000000000800100      0x5dc build/default/production/Source/portable/MemMang/heap_1.o

.text.xTaskGenericCreate
                0x00000000000000ce      0x218
 .text.xTaskGenericCreate
                0x00000000000000ce      0x218 build/default/production/Source/tasks.o
                0x00000000000000ce                xTaskGenericCreate

.text.xTaskIncrementTick
                0x00000000000002e6      0x17a
 .text.xTaskIncrementTick
                0x00000000000002e6      0x17a build/default/production/Source/tasks.o
                0x00000000000002e6                xTaskIncrementTick

.text.xTaskResumeAll
                0x0000000000000460      0x104
 .text.xTaskResumeAll
                0x0000000000000460      0x104 build/default/production/Source/tasks.o
                0x0000000000000460                xTaskResumeAll

.text.vTaskSwitchContext
                0x0000000000000564       0xda
 .text.vTaskSwitchContext
                0x0000000000000564       0xda build/default/production/Source/tasks.o
                0x0000000000000564                vTaskSwitchContext

.text.pxPortInitialiseStack
                0x000000000000063e       0xd8
 .text.pxPortInitialiseStack
                0x000000000000063e       0xd8 build/default/production/Source/portable/GCC/ATMega328/port.o
                0x000000000000063e                pxPortInitialiseStack

.text.vPortYieldFromTick
                0x0000000000000716       0xb8
 .text.vPortYieldFromTick
                0x0000000000000716       0xb8 build/default/production/Source/portable/GCC/ATMega328/port.o
                0x0000000000000716                vPortYieldFromTick

.text.vPortYield
                0x00000000000007ce       0xb2
 .text.vPortYield
                0x00000000000007ce       0xb2 build/default/production/Source/portable/GCC/ATMega328/port.o
                0x00000000000007ce                vPortYield

.text.vTaskDelayUntil
                0x0000000000000880       0x84
 .text.vTaskDelayUntil
                0x0000000000000880       0x84 build/default/production/Source/tasks.o
                0x0000000000000880                vTaskDelayUntil

.text.xPortStartScheduler
                0x0000000000000904       0x80
 .text.xPortStartScheduler
                0x0000000000000904       0x80 build/default/production/Source/portable/GCC/ATMega328/port.o
                0x0000000000000904                xPortStartScheduler

.text.prvIdleTask
                0x0000000000000984       0x7e
 .text.prvIdleTask
                0x0000000000000984       0x7e build/default/production/Source/tasks.o

.text.prvAddCurrentTaskToDelayedList
                0x0000000000000a02       0x6e
 .text.prvAddCurrentTaskToDelayedList
                0x0000000000000a02       0x6e build/default/production/Source/tasks.o

.text.pvPortMalloc
                0x0000000000000a70       0x6a
 .text.pvPortMalloc
                0x0000000000000a70       0x6a build/default/production/Source/portable/MemMang/heap_1.o
                0x0000000000000a70                pvPortMalloc

.text.vListInsert
                0x0000000000000ada       0x62
 .text.vListInsert
                0x0000000000000ada       0x62 build/default/production/Source/list.o
                0x0000000000000ada                vListInsert

.text.vTaskStartScheduler
                0x0000000000000b3c       0x56
 .text.vTaskStartScheduler
                0x0000000000000b3c       0x56 build/default/production/Source/tasks.o
                0x0000000000000b3c                vTaskStartScheduler

.text.uxListRemove
                0x0000000000000b92       0x4c
 .text.uxListRemove
                0x0000000000000b92       0x4c build/default/production/Source/list.o
                0x0000000000000b92                uxListRemove

.text.main      0x0000000000000bde       0x48
 .text.main     0x0000000000000bde       0x48 build/default/production/main.o
                0x0000000000000bde                main

.text.vListInsertEnd
                0x0000000000000c26       0x42
 .text.vListInsertEnd
                0x0000000000000c26       0x42 build/default/production/Source/list.o
                0x0000000000000c26                vListInsertEnd

.text.prvResetNextTaskUnblockTime
                0x0000000000000c68       0x3e
 .text.prvResetNextTaskUnblockTime
                0x0000000000000c68       0x3e build/default/production/Source/tasks.o

.text.vLEDFlashTask
                0x0000000000000ca6       0x28
 .text.vLEDFlashTask
                0x0000000000000ca6       0x28 build/default/production/apptasks.o
                0x0000000000000ca6                vLEDFlashTask

.text.vListInitialise
                0x0000000000000cce       0x1c
 .text.vListInitialise
                0x0000000000000cce       0x1c build/default/production/Source/list.o
                0x0000000000000cce                vListInitialise

.text.exit      0x0000000000000cea       0x16
 .text.exit     0x0000000000000cea       0x16 c:/program files/microchip/xc8/v2.50/avr/bin/../lib/gcc/avr/5.4.0/../../../../avr/lib/avr5\libc.a(exit.o)
                0x0000000000000cea                exit

.text.xTaskGetTickCount
                0x0000000000000d00       0x14
 .text.xTaskGetTickCount
                0x0000000000000d00       0x14 build/default/production/Source/tasks.o
                0x0000000000000d00                xTaskGetTickCount

.text.vTaskSuspendAll
                0x0000000000000d14        0xc
 .text.vTaskSuspendAll
                0x0000000000000d14        0xc build/default/production/Source/tasks.o
                0x0000000000000d14                vTaskSuspendAll

.text.vLEDToggle
                0x0000000000000d20        0xa
 .text.vLEDToggle
                0x0000000000000d20        0xa build/default/production/Drivers/led.o
                0x0000000000000d20                vLEDToggle

.text.vListInitialiseItem
                0x0000000000000d2a        0x8
 .text.vListInitialiseItem
                0x0000000000000d2a        0x8 build/default/production/Source/list.o
                0x0000000000000d2a                vListInitialiseItem

.text.__vector_11
                0x0000000000000d32        0x6
 .text.__vector_11
                0x0000000000000d32        0x6 build/default/production/Source/portable/GCC/ATMega328/port.o
                0x0000000000000d32                __vector_11

.text           0x0000000000000d38        0x4
 .text          0x0000000000000d38        0x4 C:/Users/Sirapob-ASUSTUF/.mchp_packs/Microchip/ATmega_DFP/3.3.279/xc8/avr/lib/avr5/crtatmega328p.o
                0x0000000000000d38                __vector_22
                0x0000000000000d38                __vector_1
                0x0000000000000d38                __vector_24
                0x0000000000000d38                __vector_12
                0x0000000000000d38                __bad_interrupt
                0x0000000000000d38                __vector_6
                0x0000000000000d38                __vector_3
                0x0000000000000d38                __vector_23
                0x0000000000000d38                __vector_25
                0x0000000000000d38                __vector_13
                0x0000000000000d38                __vector_17
                0x0000000000000d38                __vector_19
                0x0000000000000d38                __vector_7
                0x0000000000000d38                __vector_5
                0x0000000000000d38                __vector_4
                0x0000000000000d38                __vector_9
                0x0000000000000d38                __vector_2
                0x0000000000000d38                __vector_21
                0x0000000000000d38                __vector_15
                0x0000000000000d38                __vector_8
                0x0000000000000d38                __vector_14
                0x0000000000000d38                __vector_10
                0x0000000000000d38                __vector_16
                0x0000000000000d38                __vector_18
                0x0000000000000d38                __vector_20

.text.vLEDInit  0x0000000000000d3c        0x4
 .text.vLEDInit
                0x0000000000000d3c        0x4 build/default/production/Drivers/led.o
                0x0000000000000d3c                vLEDInit

.text._Exit     0x0000000000000d40        0x4
 .text._Exit    0x0000000000000d40        0x4 c:/program files/microchip/xc8/v2.50/avr/bin/../lib/gcc/avr/5.4.0/../../../../avr/lib/avr5\libc.a(_Exit.o)
                0x0000000000000d40                _Exit

.text.vApplicationIdleHook
                0x0000000000000d44        0x2
 .text.vApplicationIdleHook
                0x0000000000000d44        0x2 build/default/production/main.o
                0x0000000000000d44                vApplicationIdleHook

.text.vPortFree
                0x0000000000000d46        0x2
 .text.vPortFree
                0x0000000000000d46        0x2 build/default/production/Source/portable/MemMang/heap_1.o
                0x0000000000000d46                vPortFree

.text.__dummy_fini
                0x0000000000000d48        0x2
 .text.__dummy_fini
                0x0000000000000d48        0x2 c:/program files/microchip/xc8/v2.50/avr/bin/../lib/gcc/avr/5.4.0/../../../../avr/lib/avr5\libc.a(exit.o)
                0x0000000000000d48                _fini

.text.__dummy_funcs_on_exit
                0x0000000000000d4a        0x2
 .text.__dummy_funcs_on_exit
                0x0000000000000d4a        0x2 c:/program files/microchip/xc8/v2.50/avr/bin/../lib/gcc/avr/5.4.0/../../../../avr/lib/avr5\libc.a(exit.o)
                0x0000000000000d4a                __funcs_on_exit

.text.__dummy_simulator_exit
                0x0000000000000d4c        0x2
 .text.__dummy_simulator_exit
                0x0000000000000d4c        0x2 c:/program files/microchip/xc8/v2.50/avr/bin/../lib/gcc/avr/5.4.0/../../../../avr/lib/avr5\libc.a(exit.o)
                0x0000000000000d4c                __simulator_exit

.rodata         0x0000000000800724        0x5 load address 0x0000000000000d4e
 .rodata        0x0000000000800724        0x5 build/default/production/Source/tasks.o

.rodata         0x0000000000800729        0x4 load address 0x0000000000000d53
 .rodata        0x0000000000800729        0x4 build/default/production/main.o

.data.xNextTaskUnblockTime
                0x000000000080072d        0x2 load address 0x0000000000000d57
 .data.xNextTaskUnblockTime
                0x000000000080072d        0x2 build/default/production/Source/tasks.o
