Archive member included to satisfy reference by file (symbol)

c:/program files/microchip/xc8/v2.50/avr/bin/../lib/gcc/avr/5.4.0/avr5\libgcc.a(_udivmodhi4.o)
                              build/default/production/FreeRTOS/queue.o (__udivmodhi4)
c:/program files/microchip/xc8/v2.50/avr/bin/../lib/gcc/avr/5.4.0/avr5\libgcc.a(_copy_data.o)
                              build/default/production/Task/numpad.o (__do_copy_data)
c:/program files/microchip/xc8/v2.50/avr/bin/../lib/gcc/avr/5.4.0/avr5\libgcc.a(_umulhisi3.o)
                              build/default/production/main.o (__umulhisi3)
c:/program files/microchip/xc8/v2.50/avr/bin/../lib/gcc/avr/5.4.0/../../../../avr/lib/avr5\libc.a(exit.o)
                              C:/Program Files/Microchip/MPLABX/v6.20/packs/Microchip/ATmega_DFP/3.1.264/xc8/avr/lib/avr5/crtatmega328p.o (exit)
c:/program files/microchip/xc8/v2.50/avr/bin/../lib/gcc/avr/5.4.0/../../../../avr/lib/avr5\libc.a(memcpy.o)
                              build/default/production/FreeRTOS/queue.o (memcpy)
c:/program files/microchip/xc8/v2.50/avr/bin/../lib/gcc/avr/5.4.0/../../../../avr/lib/avr5\libc.a(memset.o)
                              build/default/production/FreeRTOS/tasks.o (memset)
c:/program files/microchip/xc8/v2.50/avr/bin/../lib/gcc/avr/5.4.0/../../../../avr/lib/avr5\libc.a(_Exit.o)
                              c:/program files/microchip/xc8/v2.50/avr/bin/../lib/gcc/avr/5.4.0/../../../../avr/lib/avr5\libc.a(exit.o) (_Exit)
c:/program files/microchip/xc8/v2.50/avr/bin/../lib/gcc/avr/5.4.0/avr5\libgcc.a(_exit.o)
                              c:/program files/microchip/xc8/v2.50/avr/bin/../lib/gcc/avr/5.4.0/../../../../avr/lib/avr5\libc.a(_Exit.o) (_exit)

Discarded input sections

 .data          0x0000000000000000        0x0 C:/Program Files/Microchip/MPLABX/v6.20/packs/Microchip/ATmega_DFP/3.1.264/xc8/avr/lib/avr5/crtatmega328p.o
 .bss           0x0000000000000000        0x0 C:/Program Files/Microchip/MPLABX/v6.20/packs/Microchip/ATmega_DFP/3.1.264/xc8/avr/lib/avr5/crtatmega328p.o
 .text          0x0000000000000000        0x0 build/default/production/Task/blink.o
 .data          0x0000000000000000        0x0 build/default/production/Task/blink.o
 .bss           0x0000000000000000        0x0 build/default/production/Task/blink.o
 .text          0x0000000000000000        0x0 build/default/production/Task/numpad.o
 .data          0x0000000000000000        0x0 build/default/production/Task/numpad.o
 .bss           0x0000000000000000        0x0 build/default/production/Task/numpad.o
 .rodata.morse_table_size
                0x0000000000000000        0x1 build/default/production/Task/numpad.o
 .text          0x0000000000000000        0x0 build/default/production/Task/pwm.o
 .data          0x0000000000000000        0x0 build/default/production/Task/pwm.o
 .bss           0x0000000000000000        0x0 build/default/production/Task/pwm.o
 .text          0x0000000000000000        0x0 build/default/production/main.o
 .data          0x0000000000000000        0x0 build/default/production/main.o
 .bss           0x0000000000000000        0x0 build/default/production/main.o
 .text.uart_receive
                0x0000000000000000       0x10 build/default/production/main.o
 .text.uart_transmit_hex
                0x0000000000000000       0x40 build/default/production/main.o
 .text.uart_transmit_number
                0x0000000000000000       0xb4 build/default/production/main.o
 .text          0x0000000000000000        0x0 build/default/production/FreeRTOS/croutine.o
 .data          0x0000000000000000        0x0 build/default/production/FreeRTOS/croutine.o
 .bss           0x0000000000000000        0x0 build/default/production/FreeRTOS/croutine.o
 .debug_info    0x0000000000000000      0x245 build/default/production/FreeRTOS/croutine.o
 .debug_abbrev  0x0000000000000000       0x1b build/default/production/FreeRTOS/croutine.o
 .debug_aranges
                0x0000000000000000       0x18 build/default/production/FreeRTOS/croutine.o
 .debug_line    0x0000000000000000       0x1a build/default/production/FreeRTOS/croutine.o
 .debug_str     0x0000000000000000        0x0 build/default/production/FreeRTOS/croutine.o
 .comment       0x0000000000000000       0x30 build/default/production/FreeRTOS/croutine.o
 .text          0x0000000000000000        0x0 build/default/production/FreeRTOS/event_groups.o
 .data          0x0000000000000000        0x0 build/default/production/FreeRTOS/event_groups.o
 .bss           0x0000000000000000        0x0 build/default/production/FreeRTOS/event_groups.o
 .text.xEventGroupCreate
                0x0000000000000000       0x26 build/default/production/FreeRTOS/event_groups.o
 .text.xEventGroupWaitBits
                0x0000000000000000      0x110 build/default/production/FreeRTOS/event_groups.o
 .text.xEventGroupClearBits
                0x0000000000000000       0x1e build/default/production/FreeRTOS/event_groups.o
 .text.xEventGroupGetBitsFromISR
                0x0000000000000000        0x8 build/default/production/FreeRTOS/event_groups.o
 .text.xEventGroupSetBits
                0x0000000000000000       0xdc build/default/production/FreeRTOS/event_groups.o
 .text.xEventGroupSync
                0x0000000000000000       0xd2 build/default/production/FreeRTOS/event_groups.o
 .text.vEventGroupDelete
                0x0000000000000000       0x32 build/default/production/FreeRTOS/event_groups.o
 .text.vEventGroupSetBitsCallback
                0x0000000000000000        0x8 build/default/production/FreeRTOS/event_groups.o
 .text.vEventGroupClearBitsCallback
                0x0000000000000000        0x8 build/default/production/FreeRTOS/event_groups.o
 .debug_info    0x0000000000000000      0xc89 build/default/production/FreeRTOS/event_groups.o
 .debug_abbrev  0x0000000000000000      0x20d build/default/production/FreeRTOS/event_groups.o
 .debug_loc     0x0000000000000000      0x955 build/default/production/FreeRTOS/event_groups.o
 .debug_aranges
                0x0000000000000000       0x60 build/default/production/FreeRTOS/event_groups.o
 .debug_ranges  0x0000000000000000       0x68 build/default/production/FreeRTOS/event_groups.o
 .debug_line    0x0000000000000000      0x3c1 build/default/production/FreeRTOS/event_groups.o
 .debug_str     0x0000000000000000      0x192 build/default/production/FreeRTOS/event_groups.o
 .comment       0x0000000000000000       0x30 build/default/production/FreeRTOS/event_groups.o
 .debug_frame   0x0000000000000000      0x158 build/default/production/FreeRTOS/event_groups.o
 .text          0x0000000000000000        0x0 build/default/production/FreeRTOS/list.o
 .data          0x0000000000000000        0x0 build/default/production/FreeRTOS/list.o
 .bss           0x0000000000000000        0x0 build/default/production/FreeRTOS/list.o
 .text.vListInsertEnd
                0x0000000000000000       0x42 build/default/production/FreeRTOS/list.o
 .text          0x0000000000000000        0x0 build/default/production/FreeRTOS/queue.o
 .data          0x0000000000000000        0x0 build/default/production/FreeRTOS/queue.o
 .bss           0x0000000000000000        0x0 build/default/production/FreeRTOS/queue.o
 .text.xQueueCreateMutex
                0x0000000000000000       0x34 build/default/production/FreeRTOS/queue.o
 .text.xQueueGenericSendFromISR
                0x0000000000000000       0x84 build/default/production/FreeRTOS/queue.o
 .text.xQueueGiveFromISR
                0x0000000000000000       0x70 build/default/production/FreeRTOS/queue.o
 .text.xQueueSemaphoreTake
                0x0000000000000000      0x19a build/default/production/FreeRTOS/queue.o
 .text.xQueuePeek
                0x0000000000000000      0x132 build/default/production/FreeRTOS/queue.o
 .text.xQueueReceiveFromISR
                0x0000000000000000       0x7a build/default/production/FreeRTOS/queue.o
 .text.xQueuePeekFromISR
                0x0000000000000000       0x2e build/default/production/FreeRTOS/queue.o
 .text.uxQueueMessagesWaiting
                0x0000000000000000       0x10 build/default/production/FreeRTOS/queue.o
 .text.uxQueueSpacesAvailable
                0x0000000000000000       0x14 build/default/production/FreeRTOS/queue.o
 .text.uxQueueMessagesWaitingFromISR
                0x0000000000000000        0x6 build/default/production/FreeRTOS/queue.o
 .text.vQueueDelete
                0x0000000000000000        0x6 build/default/production/FreeRTOS/queue.o
 .text.uxQueueGetQueueItemSize
                0x0000000000000000        0x6 build/default/production/FreeRTOS/queue.o
 .text.uxQueueGetQueueLength
                0x0000000000000000        0x6 build/default/production/FreeRTOS/queue.o
 .text.xQueueIsQueueEmptyFromISR
                0x0000000000000000        0xc build/default/production/FreeRTOS/queue.o
 .text.xQueueIsQueueFullFromISR
                0x0000000000000000        0xe build/default/production/FreeRTOS/queue.o
 .text          0x0000000000000000        0x0 build/default/production/FreeRTOS/tasks.o
 .data          0x0000000000000000        0x0 build/default/production/FreeRTOS/tasks.o
 .bss           0x0000000000000000        0x0 build/default/production/FreeRTOS/tasks.o
 .text.vTaskDelete
                0x0000000000000000       0xba build/default/production/FreeRTOS/tasks.o
 .text.vTaskEndScheduler
                0x0000000000000000       0x1c build/default/production/FreeRTOS/tasks.o
 .text.xTaskGetTickCount
                0x0000000000000000       0x14 build/default/production/FreeRTOS/tasks.o
 .text.xTaskGetTickCountFromISR
                0x0000000000000000        0xa build/default/production/FreeRTOS/tasks.o
 .text.uxTaskGetNumberOfTasks
                0x0000000000000000        0x6 build/default/production/FreeRTOS/tasks.o
 .text.pcTaskGetName
                0x0000000000000000       0x10 build/default/production/FreeRTOS/tasks.o
 .text.xTaskDelayUntil
                0x0000000000000000       0x8e build/default/production/FreeRTOS/tasks.o
 .text.xTaskCatchUpTicks
                0x0000000000000000       0x32 build/default/production/FreeRTOS/tasks.o
 .text.vTaskPlaceOnUnorderedEventList
                0x0000000000000000       0x8c build/default/production/FreeRTOS/tasks.o
 .text.vTaskRemoveFromUnorderedEventList
                0x0000000000000000      0x14e build/default/production/FreeRTOS/tasks.o
 .text.vTaskSetTimeOutState
                0x0000000000000000       0x20 build/default/production/FreeRTOS/tasks.o
 .text.xTaskGetCurrentTaskHandle
                0x0000000000000000        0xa build/default/production/FreeRTOS/tasks.o
 .text.xTaskGetCurrentTaskHandleForCore
                0x0000000000000000       0x14 build/default/production/FreeRTOS/tasks.o
 .text.xTaskPriorityInherit
                0x0000000000000000      0x128 build/default/production/FreeRTOS/tasks.o
 .text.vTaskPriorityDisinheritAfterTimeout
                0x0000000000000000       0xe6 build/default/production/FreeRTOS/tasks.o
 .text.uxTaskResetEventItemValue
                0x0000000000000000       0x2e build/default/production/FreeRTOS/tasks.o
 .text.pvTaskIncrementMutexHeldCount
                0x0000000000000000       0x16 build/default/production/FreeRTOS/tasks.o
 .text.ulTaskGenericNotifyTake
                0x0000000000000000      0x120 build/default/production/FreeRTOS/tasks.o
 .text.xTaskGenericNotifyWait
                0x0000000000000000      0x176 build/default/production/FreeRTOS/tasks.o
 .text.xTaskGenericNotify
                0x0000000000000000      0x204 build/default/production/FreeRTOS/tasks.o
 .text.xTaskGenericNotifyFromISR
                0x0000000000000000      0x258 build/default/production/FreeRTOS/tasks.o
 .text.vTaskGenericNotifyGiveFromISR
                0x0000000000000000      0x194 build/default/production/FreeRTOS/tasks.o
 .text.xTaskGenericNotifyStateClear
                0x0000000000000000       0x34 build/default/production/FreeRTOS/tasks.o
 .text.ulTaskGenericNotifyValueClear
                0x0000000000000000       0x68 build/default/production/FreeRTOS/tasks.o
 .text.vTaskResetState
                0x0000000000000000       0x42 build/default/production/FreeRTOS/tasks.o
 .text          0x0000000000000000        0x0 build/default/production/FreeRTOS/timers.o
 .data          0x0000000000000000        0x0 build/default/production/FreeRTOS/timers.o
 .bss           0x0000000000000000        0x0 build/default/production/FreeRTOS/timers.o
 .debug_info    0x0000000000000000      0x243 build/default/production/FreeRTOS/timers.o
 .debug_abbrev  0x0000000000000000       0x1b build/default/production/FreeRTOS/timers.o
 .debug_aranges
                0x0000000000000000       0x18 build/default/production/FreeRTOS/timers.o
 .debug_line    0x0000000000000000       0x1a build/default/production/FreeRTOS/timers.o
 .debug_str     0x0000000000000000        0x0 build/default/production/FreeRTOS/timers.o
 .comment       0x0000000000000000       0x30 build/default/production/FreeRTOS/timers.o
 .text          0x0000000000000000        0x0 build/default/production/FreeRTOS/portable/GCC/ATMega328/port.o
 .data          0x0000000000000000        0x0 build/default/production/FreeRTOS/portable/GCC/ATMega328/port.o
 .bss           0x0000000000000000        0x0 build/default/production/FreeRTOS/portable/GCC/ATMega328/port.o
 .text.vPortEndScheduler
                0x0000000000000000        0x2 build/default/production/FreeRTOS/portable/GCC/ATMega328/port.o
 .text          0x0000000000000000        0x0 build/default/production/FreeRTOS/portable/MemMang/heap_4.o
 .data          0x0000000000000000        0x0 build/default/production/FreeRTOS/portable/MemMang/heap_4.o
 .bss           0x0000000000000000        0x0 build/default/production/FreeRTOS/portable/MemMang/heap_4.o
 .text.xPortGetFreeHeapSize
                0x0000000000000000        0xa build/default/production/FreeRTOS/portable/MemMang/heap_4.o
 .text.xPortGetMinimumEverFreeHeapSize
                0x0000000000000000        0xa build/default/production/FreeRTOS/portable/MemMang/heap_4.o
 .text.vPortInitialiseBlocks
                0x0000000000000000        0x2 build/default/production/FreeRTOS/portable/MemMang/heap_4.o
 .text.pvPortCalloc
                0x0000000000000000       0x5c build/default/production/FreeRTOS/portable/MemMang/heap_4.o
 .text.vPortGetHeapStats
                0x0000000000000000       0xd8 build/default/production/FreeRTOS/portable/MemMang/heap_4.o
 .text.vPortHeapResetState
                0x0000000000000000       0x2a build/default/production/FreeRTOS/portable/MemMang/heap_4.o
 .text          0x0000000000000000        0x0 c:/program files/microchip/xc8/v2.50/avr/bin/../lib/gcc/avr/5.4.0/avr5\libgcc.a(_udivmodhi4.o)
 .data          0x0000000000000000        0x0 c:/program files/microchip/xc8/v2.50/avr/bin/../lib/gcc/avr/5.4.0/avr5\libgcc.a(_udivmodhi4.o)
 .bss           0x0000000000000000        0x0 c:/program files/microchip/xc8/v2.50/avr/bin/../lib/gcc/avr/5.4.0/avr5\libgcc.a(_udivmodhi4.o)
 .text.libgcc.mul
                0x0000000000000000        0x0 c:/program files/microchip/xc8/v2.50/avr/bin/../lib/gcc/avr/5.4.0/avr5\libgcc.a(_udivmodhi4.o)
 .stack.descriptors
                0x0000000000000000       0x1a c:/program files/microchip/xc8/v2.50/avr/bin/../lib/gcc/avr/5.4.0/avr5\libgcc.a(_udivmodhi4.o)
 .text.libgcc   0x0000000000000000        0x0 c:/program files/microchip/xc8/v2.50/avr/bin/../lib/gcc/avr/5.4.0/avr5\libgcc.a(_udivmodhi4.o)
 .text.libgcc.prologue
                0x0000000000000000        0x0 c:/program files/microchip/xc8/v2.50/avr/bin/../lib/gcc/avr/5.4.0/avr5\libgcc.a(_udivmodhi4.o)
 .text.libgcc.builtins
                0x0000000000000000        0x0 c:/program files/microchip/xc8/v2.50/avr/bin/../lib/gcc/avr/5.4.0/avr5\libgcc.a(_udivmodhi4.o)
 .text.libgcc.fmul
                0x0000000000000000        0x0 c:/program files/microchip/xc8/v2.50/avr/bin/../lib/gcc/avr/5.4.0/avr5\libgcc.a(_udivmodhi4.o)
 .text.libgcc.fixed
                0x0000000000000000        0x0 c:/program files/microchip/xc8/v2.50/avr/bin/../lib/gcc/avr/5.4.0/avr5\libgcc.a(_udivmodhi4.o)
 .text          0x0000000000000000        0x0 c:/program files/microchip/xc8/v2.50/avr/bin/../lib/gcc/avr/5.4.0/avr5\libgcc.a(_copy_data.o)
 .data          0x0000000000000000        0x0 c:/program files/microchip/xc8/v2.50/avr/bin/../lib/gcc/avr/5.4.0/avr5\libgcc.a(_copy_data.o)
 .bss           0x0000000000000000        0x0 c:/program files/microchip/xc8/v2.50/avr/bin/../lib/gcc/avr/5.4.0/avr5\libgcc.a(_copy_data.o)
 .text.libgcc.mul
                0x0000000000000000        0x0 c:/program files/microchip/xc8/v2.50/avr/bin/../lib/gcc/avr/5.4.0/avr5\libgcc.a(_copy_data.o)
 .text.libgcc.div
                0x0000000000000000        0x0 c:/program files/microchip/xc8/v2.50/avr/bin/../lib/gcc/avr/5.4.0/avr5\libgcc.a(_copy_data.o)
 .text.libgcc   0x0000000000000000        0x0 c:/program files/microchip/xc8/v2.50/avr/bin/../lib/gcc/avr/5.4.0/avr5\libgcc.a(_copy_data.o)
 .text.libgcc.prologue
                0x0000000000000000        0x0 c:/program files/microchip/xc8/v2.50/avr/bin/../lib/gcc/avr/5.4.0/avr5\libgcc.a(_copy_data.o)
 .text.libgcc.builtins
                0x0000000000000000        0x0 c:/program files/microchip/xc8/v2.50/avr/bin/../lib/gcc/avr/5.4.0/avr5\libgcc.a(_copy_data.o)
 .text.libgcc.fmul
                0x0000000000000000        0x0 c:/program files/microchip/xc8/v2.50/avr/bin/../lib/gcc/avr/5.4.0/avr5\libgcc.a(_copy_data.o)
 .text.libgcc.fixed
                0x0000000000000000        0x0 c:/program files/microchip/xc8/v2.50/avr/bin/../lib/gcc/avr/5.4.0/avr5\libgcc.a(_copy_data.o)
 .text          0x0000000000000000        0x0 c:/program files/microchip/xc8/v2.50/avr/bin/../lib/gcc/avr/5.4.0/avr5\libgcc.a(_umulhisi3.o)
 .data          0x0000000000000000        0x0 c:/program files/microchip/xc8/v2.50/avr/bin/../lib/gcc/avr/5.4.0/avr5\libgcc.a(_umulhisi3.o)
 .bss           0x0000000000000000        0x0 c:/program files/microchip/xc8/v2.50/avr/bin/../lib/gcc/avr/5.4.0/avr5\libgcc.a(_umulhisi3.o)
 .text.libgcc.mul
                0x0000000000000000       0x1e c:/program files/microchip/xc8/v2.50/avr/bin/../lib/gcc/avr/5.4.0/avr5\libgcc.a(_umulhisi3.o)
 .stack.descriptors.hdr
                0x0000000000000000        0xe c:/program files/microchip/xc8/v2.50/avr/bin/../lib/gcc/avr/5.4.0/avr5\libgcc.a(_umulhisi3.o)
 .stack.descriptors
                0x0000000000000000       0x19 c:/program files/microchip/xc8/v2.50/avr/bin/../lib/gcc/avr/5.4.0/avr5\libgcc.a(_umulhisi3.o)
 .text.libgcc.div
                0x0000000000000000        0x0 c:/program files/microchip/xc8/v2.50/avr/bin/../lib/gcc/avr/5.4.0/avr5\libgcc.a(_umulhisi3.o)
 .text.libgcc   0x0000000000000000        0x0 c:/program files/microchip/xc8/v2.50/avr/bin/../lib/gcc/avr/5.4.0/avr5\libgcc.a(_umulhisi3.o)
 .text.libgcc.prologue
                0x0000000000000000        0x0 c:/program files/microchip/xc8/v2.50/avr/bin/../lib/gcc/avr/5.4.0/avr5\libgcc.a(_umulhisi3.o)
 .text.libgcc.builtins
                0x0000000000000000        0x0 c:/program files/microchip/xc8/v2.50/avr/bin/../lib/gcc/avr/5.4.0/avr5\libgcc.a(_umulhisi3.o)
 .text.libgcc.fmul
                0x0000000000000000        0x0 c:/program files/microchip/xc8/v2.50/avr/bin/../lib/gcc/avr/5.4.0/avr5\libgcc.a(_umulhisi3.o)
 .text.libgcc.fixed
                0x0000000000000000        0x0 c:/program files/microchip/xc8/v2.50/avr/bin/../lib/gcc/avr/5.4.0/avr5\libgcc.a(_umulhisi3.o)
 .text          0x0000000000000000        0x0 c:/program files/microchip/xc8/v2.50/avr/bin/../lib/gcc/avr/5.4.0/../../../../avr/lib/avr5\libc.a(exit.o)
 .data          0x0000000000000000        0x0 c:/program files/microchip/xc8/v2.50/avr/bin/../lib/gcc/avr/5.4.0/../../../../avr/lib/avr5\libc.a(exit.o)
 .bss           0x0000000000000000        0x0 c:/program files/microchip/xc8/v2.50/avr/bin/../lib/gcc/avr/5.4.0/../../../../avr/lib/avr5\libc.a(exit.o)
 .stack.descriptors
                0x0000000000000000       0x73 c:/program files/microchip/xc8/v2.50/avr/bin/../lib/gcc/avr/5.4.0/../../../../avr/lib/avr5\libc.a(exit.o)
 .text          0x0000000000000000        0x0 c:/program files/microchip/xc8/v2.50/avr/bin/../lib/gcc/avr/5.4.0/../../../../avr/lib/avr5\libc.a(memcpy.o)
 .data          0x0000000000000000        0x0 c:/program files/microchip/xc8/v2.50/avr/bin/../lib/gcc/avr/5.4.0/../../../../avr/lib/avr5\libc.a(memcpy.o)
 .bss           0x0000000000000000        0x0 c:/program files/microchip/xc8/v2.50/avr/bin/../lib/gcc/avr/5.4.0/../../../../avr/lib/avr5\libc.a(memcpy.o)
 .stack.descriptors
                0x0000000000000000       0x14 c:/program files/microchip/xc8/v2.50/avr/bin/../lib/gcc/avr/5.4.0/../../../../avr/lib/avr5\libc.a(memcpy.o)
 .text          0x0000000000000000        0x0 c:/program files/microchip/xc8/v2.50/avr/bin/../lib/gcc/avr/5.4.0/../../../../avr/lib/avr5\libc.a(memset.o)
 .data          0x0000000000000000        0x0 c:/program files/microchip/xc8/v2.50/avr/bin/../lib/gcc/avr/5.4.0/../../../../avr/lib/avr5\libc.a(memset.o)
 .bss           0x0000000000000000        0x0 c:/program files/microchip/xc8/v2.50/avr/bin/../lib/gcc/avr/5.4.0/../../../../avr/lib/avr5\libc.a(memset.o)
 .stack.descriptors
                0x0000000000000000       0x14 c:/program files/microchip/xc8/v2.50/avr/bin/../lib/gcc/avr/5.4.0/../../../../avr/lib/avr5\libc.a(memset.o)
 .text          0x0000000000000000        0x0 c:/program files/microchip/xc8/v2.50/avr/bin/../lib/gcc/avr/5.4.0/../../../../avr/lib/avr5\libc.a(_Exit.o)
 .data          0x0000000000000000        0x0 c:/program files/microchip/xc8/v2.50/avr/bin/../lib/gcc/avr/5.4.0/../../../../avr/lib/avr5\libc.a(_Exit.o)
 .bss           0x0000000000000000        0x0 c:/program files/microchip/xc8/v2.50/avr/bin/../lib/gcc/avr/5.4.0/../../../../avr/lib/avr5\libc.a(_Exit.o)
 .stack.descriptors
                0x0000000000000000       0x13 c:/program files/microchip/xc8/v2.50/avr/bin/../lib/gcc/avr/5.4.0/../../../../avr/lib/avr5\libc.a(_Exit.o)
 .text          0x0000000000000000        0x0 c:/program files/microchip/xc8/v2.50/avr/bin/../lib/gcc/avr/5.4.0/avr5\libgcc.a(_exit.o)
 .data          0x0000000000000000        0x0 c:/program files/microchip/xc8/v2.50/avr/bin/../lib/gcc/avr/5.4.0/avr5\libgcc.a(_exit.o)
 .bss           0x0000000000000000        0x0 c:/program files/microchip/xc8/v2.50/avr/bin/../lib/gcc/avr/5.4.0/avr5\libgcc.a(_exit.o)
 .text.libgcc.mul
                0x0000000000000000        0x0 c:/program files/microchip/xc8/v2.50/avr/bin/../lib/gcc/avr/5.4.0/avr5\libgcc.a(_exit.o)
 .text.libgcc.div
                0x0000000000000000        0x0 c:/program files/microchip/xc8/v2.50/avr/bin/../lib/gcc/avr/5.4.0/avr5\libgcc.a(_exit.o)
 .text.libgcc   0x0000000000000000        0x0 c:/program files/microchip/xc8/v2.50/avr/bin/../lib/gcc/avr/5.4.0/avr5\libgcc.a(_exit.o)
 .text.libgcc.prologue
                0x0000000000000000        0x0 c:/program files/microchip/xc8/v2.50/avr/bin/../lib/gcc/avr/5.4.0/avr5\libgcc.a(_exit.o)
 .stack.descriptors
                0x0000000000000000       0x13 c:/program files/microchip/xc8/v2.50/avr/bin/../lib/gcc/avr/5.4.0/avr5\libgcc.a(_exit.o)
 .text.libgcc.builtins
                0x0000000000000000        0x0 c:/program files/microchip/xc8/v2.50/avr/bin/../lib/gcc/avr/5.4.0/avr5\libgcc.a(_exit.o)
 .text.libgcc.fmul
                0x0000000000000000        0x0 c:/program files/microchip/xc8/v2.50/avr/bin/../lib/gcc/avr/5.4.0/avr5\libgcc.a(_exit.o)
 .text.libgcc.fixed
                0x0000000000000000        0x0 c:/program files/microchip/xc8/v2.50/avr/bin/../lib/gcc/avr/5.4.0/avr5\libgcc.a(_exit.o)

Memory Configuration

Name             Origin             Length             Attributes
text             0x0000000000000000 0x0000000000008000 xr
data             0x0000000000800100 0x0000000000000800 rw !x
eeprom           0x0000000000810000 0x0000000000000400 rw !x
fuse             0x0000000000820000 0x0000000000000003 rw !x
lock             0x0000000000830000 0x0000000000000400 rw !x
signature        0x0000000000840000 0x0000000000000400 rw !x
user_signatures  0x0000000000850000 0x0000000000000400 rw !x
bootrow          0x0000000000860000 0x0000000000000400 rw !x
*default*        0x0000000000000000 0xffffffffffffffff

Linker script and memory map

Address of section .data set to 0x800100
LOAD C:/Program Files/Microchip/MPLABX/v6.20/packs/Microchip/ATmega_DFP/3.1.264/xc8/avr/lib/avr5/crtatmega328p.o
                0x0000000000000001                __MPLAB_BUILD = 0x1
LOAD build/default/production/Task/blink.o
LOAD build/default/production/Task/numpad.o
LOAD build/default/production/Task/pwm.o
LOAD build/default/production/main.o
LOAD build/default/production/FreeRTOS/croutine.o
LOAD build/default/production/FreeRTOS/event_groups.o
LOAD build/default/production/FreeRTOS/list.o
LOAD build/default/production/FreeRTOS/queue.o
LOAD build/default/production/FreeRTOS/tasks.o
LOAD build/default/production/FreeRTOS/timers.o
LOAD build/default/production/FreeRTOS/portable/GCC/ATMega328/port.o
LOAD build/default/production/FreeRTOS/portable/MemMang/heap_4.o
START GROUP
LOAD c:/program files/microchip/xc8/v2.50/avr/bin/../lib/gcc/avr/5.4.0/../../../../avr/lib/avr5\libm.a
END GROUP
START GROUP
LOAD c:/program files/microchip/xc8/v2.50/avr/bin/../lib/gcc/avr/5.4.0/avr5\libgcc.a
LOAD c:/program files/microchip/xc8/v2.50/avr/bin/../lib/gcc/avr/5.4.0/../../../../avr/lib/avr5\libm.a
LOAD c:/program files/microchip/xc8/v2.50/avr/bin/../lib/gcc/avr/5.4.0/../../../../avr/lib/avr5\libc.a
LOAD C:/Program Files/Microchip/MPLABX/v6.20/packs/Microchip/ATmega_DFP/3.1.264/xc8/avr/lib/avr5\libatmega328p.a
END GROUP
                0x0000000000000000                __TEXT_REGION_ORIGIN__ = DEFINED (__TEXT_REGION_ORIGIN__)?__TEXT_REGION_ORIGIN__:0x0
                [0x0000000000800100]                __DATA_REGION_ORIGIN__ = DEFINED (__DATA_REGION_ORIGIN__)?__DATA_REGION_ORIGIN__:0x800060
                [0x0000000000008000]                __TEXT_REGION_LENGTH__ = DEFINED (__TEXT_REGION_LENGTH__)?__TEXT_REGION_LENGTH__:0x20000
                [0x0000000000000800]                __DATA_REGION_LENGTH__ = DEFINED (__DATA_REGION_LENGTH__)?__DATA_REGION_LENGTH__:0xffa0
                [0x0000000000000400]                __EEPROM_REGION_LENGTH__ = DEFINED (__EEPROM_REGION_LENGTH__)?__EEPROM_REGION_LENGTH__:0x10000
                [0x0000000000000003]                __FUSE_REGION_LENGTH__ = DEFINED (__FUSE_REGION_LENGTH__)?__FUSE_REGION_LENGTH__:0x400
                0x0000000000000400                __LOCK_REGION_LENGTH__ = DEFINED (__LOCK_REGION_LENGTH__)?__LOCK_REGION_LENGTH__:0x400
                0x0000000000000400                __SIGNATURE_REGION_LENGTH__ = DEFINED (__SIGNATURE_REGION_LENGTH__)?__SIGNATURE_REGION_LENGTH__:0x400
                0x0000000000000400                __USER_SIGNATURE_REGION_LENGTH__ = DEFINED (__USER_SIGNATURE_REGION_LENGTH__)?__USER_SIGNATURE_REGION_LENGTH__:0x400
                0x0000000000000400                __BOOTROW_REGION_LENGTH__ = DEFINED (__BOOTROW_REGION_LENGTH__)?__BOOTROW_REGION_LENGTH__:0x400

.hash
 *(.hash)

.dynsym
 *(.dynsym)

.dynstr
 *(.dynstr)

.gnu.version
 *(.gnu.version)

.gnu.version_d
 *(.gnu.version_d)

.gnu.version_r
 *(.gnu.version_r)

.rel.init
 *(.rel.init)

.rela.init
 *(.rela.init)

.rel.text
 *(.rel.text)
 *(.rel.text.*)
 *(.rel.gnu.linkonce.t*)

.rela.text
 *(.rela.text)
 *(.rela.text.*)
 *(.rela.gnu.linkonce.t*)

.rel.fini
 *(.rel.fini)

.rela.fini
 *(.rela.fini)

.rel.rodata
 *(.rel.rodata)
 *(.rel.rodata.*)
 *(.rel.gnu.linkonce.r*)

.rela.rodata
 *(.rela.rodata)
 *(.rela.rodata.*)
 *(.rela.gnu.linkonce.r*)

.rel.data
 *(.rel.data)
 *(.rel.data.*)
 *(.rel.gnu.linkonce.d*)

.rela.data
 *(.rela.data)
 *(.rela.data.*)
 *(.rela.gnu.linkonce.d*)

.rel.ctors
 *(.rel.ctors)

.rela.ctors
 *(.rela.ctors)

.rel.dtors
 *(.rel.dtors)

.rela.dtors
 *(.rela.dtors)

.rel.got
 *(.rel.got)

.rela.got
 *(.rela.got)

.rel.bss
 *(.rel.bss)

.rela.bss
 *(.rela.bss)

.rel.plt
 *(.rel.plt)

.rela.plt
 *(.rela.plt)

.text           0x0000000000000000       0xe6
 *(.vectors)
 .vectors       0x0000000000000000       0x68 C:/Program Files/Microchip/MPLABX/v6.20/packs/Microchip/ATmega_DFP/3.1.264/xc8/avr/lib/avr5/crtatmega328p.o
                0x0000000000000000                __vector_default
                0x0000000000000000                __vectors
 *(.vectors)
 *(.progmem.gcc*)
 *(.dinit)
 .dinit         0x0000000000000068       0x29 data_init
                0x0000000000000092                . = ALIGN (0x2)
 *fill*         0x0000000000000091        0x1 
                0x0000000000000092                __trampolines_start = .
 *(.trampolines)
 .trampolines   0x0000000000000092        0x0 linker stubs
 *(.trampolines*)
                0x0000000000000092                __trampolines_end = .
 *libprintf_flt.a:*(.progmem.data)
 *libc.a:*(.progmem.data)
                0x0000000000000092                . = ALIGN (0x2)
 *(.jumptables)
 *(.jumptables*)
 *(.lowtext)
 *(.lowtext*)
                0x0000000000000092                __ctors_start = .
 *(.ctors)
                0x0000000000000092                __ctors_end = .
                0x0000000000000092                __dtors_start = .
 *(.dtors)
                0x0000000000000092                __dtors_end = .
 SORT(*)(.ctors)
 SORT(*)(.dtors)
 *(.init0)
 .init0         0x0000000000000092        0x0 C:/Program Files/Microchip/MPLABX/v6.20/packs/Microchip/ATmega_DFP/3.1.264/xc8/avr/lib/avr5/crtatmega328p.o
                0x0000000000000092                __init
 *(.init0)
 *(.init1)
 *(.init1)
 *(.init2)
 .init2         0x0000000000000092        0xc C:/Program Files/Microchip/MPLABX/v6.20/packs/Microchip/ATmega_DFP/3.1.264/xc8/avr/lib/avr5/crtatmega328p.o
 *(.init2)
 *(.init3)
 *(.init3)
 *(.init4)
 .init4         0x000000000000009e       0x3c c:/program files/microchip/xc8/v2.50/avr/bin/../lib/gcc/avr/5.4.0/avr5\libgcc.a(_copy_data.o)
                0x000000000000009e                __do_copy_data
                0x00000000000000cc                __do_clear_bss
 *(.init4)
 *(.init5)
 *(.init5)
 *(.init6)
 *(.init6)
 *(.init7)
 *(.init7)
 *(.init8)
 *(.init8)
 *(.init9)
 .init9         0x00000000000000da        0x8 C:/Program Files/Microchip/MPLABX/v6.20/packs/Microchip/ATmega_DFP/3.1.264/xc8/avr/lib/avr5/crtatmega328p.o
 *(.init9)
                0x00000000000000e2                . = ALIGN (0x2)
 *(.fini9)
 .fini9         0x00000000000000e2        0x0 c:/program files/microchip/xc8/v2.50/avr/bin/../lib/gcc/avr/5.4.0/avr5\libgcc.a(_exit.o)
                0x00000000000000e2                _exit
 *(.fini9)
 *(.fini8)
 *(.fini8)
 *(.fini7)
 *(.fini7)
 *(.fini6)
 *(.fini6)
 *(.fini5)
 *(.fini5)
 *(.fini4)
 *(.fini4)
 *(.fini3)
 *(.fini3)
 *(.fini2)
 *(.fini2)
 *(.fini1)
 *(.fini1)
 *(.fini0)
 .fini0         0x00000000000000e2        0x4 c:/program files/microchip/xc8/v2.50/avr/bin/../lib/gcc/avr/5.4.0/avr5\libgcc.a(_exit.o)
 *(.fini0)
                0x00000000000000e6                _etext = .

.data           0x0000000000800100        0x0 load address 0x00000000000000e6
                [!provide]                        PROVIDE (__data_start, .)
 *(.gnu.linkonce.d*)
 *(.gnu.linkonce.r*)
                0x0000000000800100                . = ALIGN (0x2)
                0x0000000000800100                _edata = .
                [!provide]                        PROVIDE (__data_end, .)

.bss            0x0000000000800100        0x0
                [!provide]                        PROVIDE (__bss_start, .)
 *(COMMON)
                [!provide]                        PROVIDE (__bss_end, .)
                0x00000000000000e6                __data_load_start = LOADADDR (.data)
                0x00000000000000e6                __data_load_end = (__data_load_start + SIZEOF (.data))

.noinit         0x0000000000800100        0x0
                [!provide]                        PROVIDE (__noinit_start, .)
 *(.noinit*)
                [!provide]                        PROVIDE (__noinit_end, .)
                0x0000000000800100                _end = .

.eeprom         0x0000000000810000        0x0
 *(.eeprom*)
                0x0000000000810000                __eeprom_end = .

.fuse
 *(.fuse)
 *(.lfuse)
 *(.hfuse)
 *(.efuse)

.lock
 *(.lock*)

.signature
 *(.signature*)

.user_signatures
 *(.user_signatures*)

.bootrow
 *(.bootrow*)

.stab
 *(.stab)

.stabstr
 *(.stabstr)

.stab.excl
 *(.stab.excl)

.stab.exclstr
 *(.stab.exclstr)

.stab.index
 *(.stab.index)

.stab.indexstr
 *(.stab.indexstr)

.comment        0x0000000000000000       0x5b
 *(.comment)
 .comment       0x0000000000000000       0x2f build/default/production/Task/blink.o
                                         0x30 (size before relaxing)
 .comment       0x000000000000002f       0x30 build/default/production/Task/numpad.o
 .comment       0x000000000000002f       0x30 build/default/production/Task/pwm.o
 .comment       0x000000000000002f       0x30 build/default/production/main.o
 .comment       0x000000000000002f       0x30 build/default/production/FreeRTOS/list.o
 .comment       0x000000000000002f       0x30 build/default/production/FreeRTOS/queue.o
 .comment       0x000000000000002f       0x30 build/default/production/FreeRTOS/tasks.o
 .comment       0x000000000000002f       0x30 build/default/production/FreeRTOS/portable/GCC/ATMega328/port.o
 .comment       0x000000000000002f       0x30 build/default/production/FreeRTOS/portable/MemMang/heap_4.o
 .comment       0x000000000000002f       0x2c c:/program files/microchip/xc8/v2.50/avr/bin/../lib/gcc/avr/5.4.0/../../../../avr/lib/avr5\libc.a(exit.o)
                                         0x2d (size before relaxing)
 .comment       0x000000000000005b       0x2d c:/program files/microchip/xc8/v2.50/avr/bin/../lib/gcc/avr/5.4.0/../../../../avr/lib/avr5\libc.a(memcpy.o)
 .comment       0x000000000000005b       0x2d c:/program files/microchip/xc8/v2.50/avr/bin/../lib/gcc/avr/5.4.0/../../../../avr/lib/avr5\libc.a(memset.o)
 .comment       0x000000000000005b       0x2d c:/program files/microchip/xc8/v2.50/avr/bin/../lib/gcc/avr/5.4.0/../../../../avr/lib/avr5\libc.a(_Exit.o)

.stack.descriptors.hdr
                0x0000000000000000       0x54
 .stack.descriptors.hdr
                0x0000000000000000        0xe c:/program files/microchip/xc8/v2.50/avr/bin/../lib/gcc/avr/5.4.0/avr5\libgcc.a(_udivmodhi4.o)
 .stack.descriptors.hdr
                0x000000000000000e        0xe c:/program files/microchip/xc8/v2.50/avr/bin/../lib/gcc/avr/5.4.0/../../../../avr/lib/avr5\libc.a(exit.o)
 .stack.descriptors.hdr
                0x000000000000001c        0xe c:/program files/microchip/xc8/v2.50/avr/bin/../lib/gcc/avr/5.4.0/../../../../avr/lib/avr5\libc.a(memcpy.o)
 .stack.descriptors.hdr
                0x000000000000002a        0xe c:/program files/microchip/xc8/v2.50/avr/bin/../lib/gcc/avr/5.4.0/../../../../avr/lib/avr5\libc.a(memset.o)
 .stack.descriptors.hdr
                0x0000000000000038        0xe c:/program files/microchip/xc8/v2.50/avr/bin/../lib/gcc/avr/5.4.0/../../../../avr/lib/avr5\libc.a(_Exit.o)
 .stack.descriptors.hdr
                0x0000000000000046        0xe c:/program files/microchip/xc8/v2.50/avr/bin/../lib/gcc/avr/5.4.0/avr5\libgcc.a(_exit.o)

.note.GNU-stack
                0x0000000000000000        0x0
 .note.GNU-stack
                0x0000000000000000        0x0 c:/program files/microchip/xc8/v2.50/avr/bin/../lib/gcc/avr/5.4.0/../../../../avr/lib/avr5\libc.a(exit.o)
 .note.GNU-stack
                0x0000000000000000        0x0 c:/program files/microchip/xc8/v2.50/avr/bin/../lib/gcc/avr/5.4.0/../../../../avr/lib/avr5\libc.a(memcpy.o)
 .note.GNU-stack
                0x0000000000000000        0x0 c:/program files/microchip/xc8/v2.50/avr/bin/../lib/gcc/avr/5.4.0/../../../../avr/lib/avr5\libc.a(memset.o)
 .note.GNU-stack
                0x0000000000000000        0x0 c:/program files/microchip/xc8/v2.50/avr/bin/../lib/gcc/avr/5.4.0/../../../../avr/lib/avr5\libc.a(_Exit.o)

.note.gnu.build-id
 *(.note.gnu.build-id)

.debug
 *(.debug)

.line
 *(.line)

.debug_srcinfo
 *(.debug_srcinfo)

.debug_sfnames
 *(.debug_sfnames)

.debug_aranges  0x0000000000000000      0x3f8
 *(.debug_aranges)
 .debug_aranges
                0x0000000000000000       0x20 build/default/production/Task/blink.o
 .debug_aranges
                0x0000000000000020       0x38 build/default/production/Task/numpad.o
 .debug_aranges
                0x0000000000000058       0x20 build/default/production/Task/pwm.o
 .debug_aranges
                0x0000000000000078       0x68 build/default/production/main.o
 .debug_aranges
                0x00000000000000e0       0x40 build/default/production/FreeRTOS/list.o
 .debug_aranges
                0x0000000000000120       0xd0 build/default/production/FreeRTOS/queue.o
 .debug_aranges
                0x00000000000001f0      0x168 build/default/production/FreeRTOS/tasks.o
 .debug_aranges
                0x0000000000000358       0x48 build/default/production/FreeRTOS/portable/GCC/ATMega328/port.o
 .debug_aranges
                0x00000000000003a0       0x58 build/default/production/FreeRTOS/portable/MemMang/heap_4.o

.debug_pubnames
 *(.debug_pubnames)

.debug_info     0x0000000000000000     0x73de
 *(.debug_info .gnu.linkonce.wi.*)
 .debug_info    0x0000000000000000      0x5f4 C:/Program Files/Microchip/MPLABX/v6.20/packs/Microchip/ATmega_DFP/3.1.264/xc8/avr/lib/avr5/crtatmega328p.o
 .debug_info    0x00000000000005f4      0x2eb build/default/production/Task/blink.o
 .debug_info    0x00000000000008df      0x6db build/default/production/Task/numpad.o
 .debug_info    0x0000000000000fba      0x31f build/default/production/Task/pwm.o
 .debug_info    0x00000000000012d9      0x7ba build/default/production/main.o
 .debug_info    0x0000000000001a93      0x553 build/default/production/FreeRTOS/list.o
 .debug_info    0x0000000000001fe6     0x1c2a build/default/production/FreeRTOS/queue.o
 .debug_info    0x0000000000003c10     0x2985 build/default/production/FreeRTOS/tasks.o
 .debug_info    0x0000000000006595      0x4f6 build/default/production/FreeRTOS/portable/GCC/ATMega328/port.o
 .debug_info    0x0000000000006a8b      0x953 build/default/production/FreeRTOS/portable/MemMang/heap_4.o

.debug_abbrev   0x0000000000000000     0x1497
 *(.debug_abbrev)
 .debug_abbrev  0x0000000000000000      0x5a2 C:/Program Files/Microchip/MPLABX/v6.20/packs/Microchip/ATmega_DFP/3.1.264/xc8/avr/lib/avr5/crtatmega328p.o
 .debug_abbrev  0x00000000000005a2       0x97 build/default/production/Task/blink.o
 .debug_abbrev  0x0000000000000639      0x197 build/default/production/Task/numpad.o
 .debug_abbrev  0x00000000000007d0       0xa6 build/default/production/Task/pwm.o
 .debug_abbrev  0x0000000000000876      0x17c build/default/production/main.o
 .debug_abbrev  0x00000000000009f2      0x10f build/default/production/FreeRTOS/list.o
 .debug_abbrev  0x0000000000000b01      0x281 build/default/production/FreeRTOS/queue.o
 .debug_abbrev  0x0000000000000d82      0x375 build/default/production/FreeRTOS/tasks.o
 .debug_abbrev  0x00000000000010f7      0x157 build/default/production/FreeRTOS/portable/GCC/ATMega328/port.o
 .debug_abbrev  0x000000000000124e      0x249 build/default/production/FreeRTOS/portable/MemMang/heap_4.o

.debug_line     0x0000000000000000     0x2d97
 *(.debug_line .debug_line.* .debug_line_end)
 .debug_line    0x0000000000000000      0x134 C:/Program Files/Microchip/MPLABX/v6.20/packs/Microchip/ATmega_DFP/3.1.264/xc8/avr/lib/avr5/crtatmega328p.o
 .debug_line    0x0000000000000134       0xfb build/default/production/Task/blink.o
 .debug_line    0x000000000000022f      0x257 build/default/production/Task/numpad.o
 .debug_line    0x0000000000000486      0x11f build/default/production/Task/pwm.o
 .debug_line    0x00000000000005a5      0x289 build/default/production/main.o
 .debug_line    0x000000000000082e      0x1f4 build/default/production/FreeRTOS/list.o
 .debug_line    0x0000000000000a22      0xb19 build/default/production/FreeRTOS/queue.o
 .debug_line    0x000000000000153b     0x11be build/default/production/FreeRTOS/tasks.o
 .debug_line    0x00000000000026f9      0x2c9 build/default/production/FreeRTOS/portable/GCC/ATMega328/port.o
 .debug_line    0x00000000000029c2      0x3d5 build/default/production/FreeRTOS/portable/MemMang/heap_4.o

.debug_frame    0x0000000000000000      0xc40
 *(.debug_frame)
 .debug_frame   0x0000000000000000       0x24 build/default/production/Task/blink.o
 .debug_frame   0x0000000000000024       0x80 build/default/production/Task/numpad.o
 .debug_frame   0x00000000000000a4       0x24 build/default/production/Task/pwm.o
 .debug_frame   0x00000000000000c8       0xf8 build/default/production/main.o
 .debug_frame   0x00000000000001c0       0x88 build/default/production/FreeRTOS/list.o
 .debug_frame   0x0000000000000248      0x350 build/default/production/FreeRTOS/queue.o
 .debug_frame   0x0000000000000598      0x544 build/default/production/FreeRTOS/tasks.o
 .debug_frame   0x0000000000000adc       0x74 build/default/production/FreeRTOS/portable/GCC/ATMega328/port.o
 .debug_frame   0x0000000000000b50       0xf0 build/default/production/FreeRTOS/portable/MemMang/heap_4.o

.debug_str      0x0000000000000000      0x896
 *(.debug_str)
 .debug_str     0x0000000000000000      0x208 C:/Program Files/Microchip/MPLABX/v6.20/packs/Microchip/ATmega_DFP/3.1.264/xc8/avr/lib/avr5/crtatmega328p.o
 .debug_str     0x0000000000000208        0xb build/default/production/Task/blink.o
 .debug_str     0x0000000000000213       0x5b build/default/production/Task/numpad.o
 .debug_str     0x000000000000026e        0xb build/default/production/Task/pwm.o
 .debug_str     0x0000000000000279       0x34 build/default/production/main.o
 .debug_str     0x00000000000002ad       0x2b build/default/production/FreeRTOS/list.o
 .debug_str     0x00000000000002d8      0x28c build/default/production/FreeRTOS/queue.o
 .debug_str     0x0000000000000564      0x296 build/default/production/FreeRTOS/tasks.o
 .debug_str     0x00000000000007fa       0x26 build/default/production/FreeRTOS/portable/GCC/ATMega328/port.o
 .debug_str     0x0000000000000820       0x76 build/default/production/FreeRTOS/portable/MemMang/heap_4.o

.debug_loc      0x0000000000000000     0x3eed
 *(.debug_loc)
 .debug_loc     0x0000000000000000       0x26 build/default/production/Task/blink.o
 .debug_loc     0x0000000000000026      0x1a4 build/default/production/Task/numpad.o
 .debug_loc     0x00000000000001ca       0x7b build/default/production/Task/pwm.o
 .debug_loc     0x0000000000000245      0x161 build/default/production/main.o
 .debug_loc     0x00000000000003a6       0xb8 build/default/production/FreeRTOS/list.o
 .debug_loc     0x000000000000045e     0x1635 build/default/production/FreeRTOS/queue.o
 .debug_loc     0x0000000000001a93     0x1cf3 build/default/production/FreeRTOS/tasks.o
 .debug_loc     0x0000000000003786      0x293 build/default/production/FreeRTOS/portable/GCC/ATMega328/port.o
 .debug_loc     0x0000000000003a19      0x4d4 build/default/production/FreeRTOS/portable/MemMang/heap_4.o

.debug_macinfo
 *(.debug_macinfo)

.debug_weaknames
 *(.debug_weaknames)

.debug_funcnames
 *(.debug_funcnames)

.debug_typenames
 *(.debug_typenames)

.debug_varnames
 *(.debug_varnames)

.debug_pubtypes
 *(.debug_pubtypes)

.debug_ranges   0x0000000000000000      0x4a8
 *(.debug_ranges)
 .debug_ranges  0x0000000000000000       0x10 build/default/production/Task/blink.o
 .debug_ranges  0x0000000000000010       0x40 build/default/production/Task/numpad.o
 .debug_ranges  0x0000000000000050       0x10 build/default/production/Task/pwm.o
 .debug_ranges  0x0000000000000060       0x70 build/default/production/main.o
 .debug_ranges  0x00000000000000d0       0x30 build/default/production/FreeRTOS/list.o
 .debug_ranges  0x0000000000000100      0x150 build/default/production/FreeRTOS/queue.o
 .debug_ranges  0x0000000000000250      0x1d8 build/default/production/FreeRTOS/tasks.o
 .debug_ranges  0x0000000000000428       0x38 build/default/production/FreeRTOS/portable/GCC/ATMega328/port.o
 .debug_ranges  0x0000000000000460       0x48 build/default/production/FreeRTOS/portable/MemMang/heap_4.o

.debug_macro
 *(.debug_macro)
OUTPUT(dist/default/production/RTOS_NoUpload.X.production.elf elf32-avr)
LOAD linker stubs
LOAD data_init

.note.gnu.avr.deviceinfo
                0x0000000000000000       0x40
 .note.gnu.avr.deviceinfo
                0x0000000000000000       0x40 C:/Program Files/Microchip/MPLABX/v6.20/packs/Microchip/ATmega_DFP/3.1.264/xc8/avr/lib/avr5/crtatmega328p.o

.bss.morseQueue
                0x0000000000800880        0x2
 .bss.morseQueue
                0x0000000000800880        0x2 build/default/production/Task/numpad.o
                0x0000000000800880                morseQueue

.bss.uxSchedulerSuspended
                0x000000000080089a        0x1
 .bss.uxSchedulerSuspended
                0x000000000080089a        0x1 build/default/production/FreeRTOS/tasks.o

.bss.xIdleTaskHandles
                0x0000000000800882        0x2
 .bss.xIdleTaskHandles
                0x0000000000800882        0x2 build/default/production/FreeRTOS/tasks.o

.bss.xNextTaskUnblockTime
                0x0000000000800884        0x2
 .bss.xNextTaskUnblockTime
                0x0000000000800884        0x2 build/default/production/FreeRTOS/tasks.o

.bss.uxTaskNumber
                0x000000000080089c        0x1
 .bss.uxTaskNumber
                0x000000000080089c        0x1 build/default/production/FreeRTOS/tasks.o

.bss.xNumOfOverflows
                0x000000000080089d        0x1
 .bss.xNumOfOverflows
                0x000000000080089d        0x1 build/default/production/FreeRTOS/tasks.o

.bss.xYieldPendings
                0x000000000080089e        0x1
 .bss.xYieldPendings
                0x000000000080089e        0x1 build/default/production/FreeRTOS/tasks.o

.bss.xPendedTicks
                0x0000000000800886        0x2
 .bss.xPendedTicks
                0x0000000000800886        0x2 build/default/production/FreeRTOS/tasks.o

.bss.xSchedulerRunning
                0x000000000080089f        0x1
 .bss.xSchedulerRunning
                0x000000000080089f        0x1 build/default/production/FreeRTOS/tasks.o

.bss.uxTopReadyPriority
                0x00000000008008a0        0x1
 .bss.uxTopReadyPriority
                0x00000000008008a0        0x1 build/default/production/FreeRTOS/tasks.o

.bss.xTickCount
                0x0000000000800888        0x2
 .bss.xTickCount
                0x0000000000800888        0x2 build/default/production/FreeRTOS/tasks.o

.bss.uxCurrentNumberOfTasks
                0x00000000008008a1        0x1
 .bss.uxCurrentNumberOfTasks
                0x00000000008008a1        0x1 build/default/production/FreeRTOS/tasks.o

.bss.uxDeletedTasksWaitingCleanUp
                0x00000000008008a2        0x1
 .bss.uxDeletedTasksWaitingCleanUp
                0x00000000008008a2        0x1 build/default/production/FreeRTOS/tasks.o

.bss.xTasksWaitingTermination
                0x0000000000800853        0x9
 .bss.xTasksWaitingTermination
                0x0000000000800853        0x9 build/default/production/FreeRTOS/tasks.o

.bss.xPendingReadyList
                0x000000000080085c        0x9
 .bss.xPendingReadyList
                0x000000000080085c        0x9 build/default/production/FreeRTOS/tasks.o

.bss.pxOverflowDelayedTaskList
                0x000000000080088a        0x2
 .bss.pxOverflowDelayedTaskList
                0x000000000080088a        0x2 build/default/production/FreeRTOS/tasks.o

.bss.pxDelayedTaskList
                0x000000000080088c        0x2
 .bss.pxDelayedTaskList
                0x000000000080088c        0x2 build/default/production/FreeRTOS/tasks.o

.bss.xDelayedTaskList2
                0x0000000000800865        0x9
 .bss.xDelayedTaskList2
                0x0000000000800865        0x9 build/default/production/FreeRTOS/tasks.o

.bss.xDelayedTaskList1
                0x000000000080086e        0x9
 .bss.xDelayedTaskList1
                0x000000000080086e        0x9 build/default/production/FreeRTOS/tasks.o

.bss.pxReadyTasksLists
                0x000000000080082f       0x24
 .bss.pxReadyTasksLists
                0x000000000080082f       0x24 build/default/production/FreeRTOS/tasks.o

.bss.pxCurrentTCB
                0x000000000080088e        0x2
 .bss.pxCurrentTCB
                0x000000000080088e        0x2 build/default/production/FreeRTOS/tasks.o
                0x000000000080088e                pxCurrentTCB

.bss.xNumberOfSuccessfulFrees
                0x0000000000800890        0x2
 .bss.xNumberOfSuccessfulFrees
                0x0000000000800890        0x2 build/default/production/FreeRTOS/portable/MemMang/heap_4.o

.bss.xNumberOfSuccessfulAllocations
                0x0000000000800892        0x2
 .bss.xNumberOfSuccessfulAllocations
                0x0000000000800892        0x2 build/default/production/FreeRTOS/portable/MemMang/heap_4.o

.bss.xMinimumEverFreeBytesRemaining
                0x0000000000800894        0x2
 .bss.xMinimumEverFreeBytesRemaining
                0x0000000000800894        0x2 build/default/production/FreeRTOS/portable/MemMang/heap_4.o

.bss.xFreeBytesRemaining
                0x0000000000800896        0x2
 .bss.xFreeBytesRemaining
                0x0000000000800896        0x2 build/default/production/FreeRTOS/portable/MemMang/heap_4.o

.bss.pxEnd      0x0000000000800898        0x2
 .bss.pxEnd     0x0000000000800898        0x2 build/default/production/FreeRTOS/portable/MemMang/heap_4.o

.bss.xStart     0x000000000080087c        0x4
 .bss.xStart    0x000000000080087c        0x4 build/default/production/FreeRTOS/portable/MemMang/heap_4.o

.bss.ucHeap     0x0000000000800100      0x600
 .bss.ucHeap    0x0000000000800100      0x600 build/default/production/FreeRTOS/portable/MemMang/heap_4.o

.text.xTaskCreate
                0x00000000000000e6      0x274
 .text.xTaskCreate
                0x00000000000000e6      0x274 build/default/production/FreeRTOS/tasks.o
                0x00000000000000e6                xTaskCreate

.text.xTaskIncrementTick
                0x000000000000035a      0x23e
 .text.xTaskIncrementTick
                0x000000000000035a      0x23e build/default/production/FreeRTOS/tasks.o
                0x000000000000035a                xTaskIncrementTick

.text.xTaskResumeAll
                0x0000000000000598      0x1c4
 .text.xTaskResumeAll
                0x0000000000000598      0x1c4 build/default/production/FreeRTOS/tasks.o
                0x0000000000000598                xTaskResumeAll

.text.pvPortMalloc
                0x000000000000075c      0x17e
 .text.pvPortMalloc
                0x000000000000075c      0x17e build/default/production/FreeRTOS/portable/MemMang/heap_4.o
                0x000000000000075c                pvPortMalloc

.text.xTaskRemoveFromEventList
                0x00000000000008da      0x17c
 .text.xTaskRemoveFromEventList
                0x00000000000008da      0x17c build/default/production/FreeRTOS/tasks.o
                0x00000000000008da                xTaskRemoveFromEventList

.text.vTaskSwitchContext
                0x0000000000000a56      0x150
 .text.vTaskSwitchContext
                0x0000000000000a56      0x150 build/default/production/FreeRTOS/tasks.o
                0x0000000000000a56                vTaskSwitchContext

.text.xQueueGenericSend
                0x0000000000000ba6      0x142
 .text.xQueueGenericSend
                0x0000000000000ba6      0x142 build/default/production/FreeRTOS/queue.o
                0x0000000000000ba6                xQueueGenericSend

.text.xQueueReceive
                0x0000000000000ce8      0x132
 .text.xQueueReceive
                0x0000000000000ce8      0x132 build/default/production/FreeRTOS/queue.o
                0x0000000000000ce8                xQueueReceive

.text.vNumpadTask
                0x0000000000000e1a      0x12e
 .text.vNumpadTask
                0x0000000000000e1a      0x12e build/default/production/Task/numpad.o
                0x0000000000000e1a                vNumpadTask

.text.vPortFree
                0x0000000000000f48       0xde
 .text.vPortFree
                0x0000000000000f48       0xde build/default/production/FreeRTOS/portable/MemMang/heap_4.o
                0x0000000000000f48                vPortFree

.text.pxPortInitialiseStack
                0x0000000000001026       0xd8
 .text.pxPortInitialiseStack
                0x0000000000001026       0xd8 build/default/production/FreeRTOS/portable/GCC/ATMega328/port.o
                0x0000000000001026                pxPortInitialiseStack

.text.xQueueGenericReset
                0x00000000000010fe       0xc6
 .text.xQueueGenericReset
                0x00000000000010fe       0xc6 build/default/production/FreeRTOS/queue.o
                0x00000000000010fe                xQueueGenericReset

.text.xTaskPriorityDisinherit
                0x00000000000011c4       0xc6
 .text.xTaskPriorityDisinherit
                0x00000000000011c4       0xc6 build/default/production/FreeRTOS/tasks.o
                0x00000000000011c4                xTaskPriorityDisinherit

.text.prvCopyDataToQueue
                0x000000000000128a       0xbe
 .text.prvCopyDataToQueue
                0x000000000000128a       0xbe build/default/production/FreeRTOS/queue.o

.text.vPortYieldFromTick
                0x0000000000001348       0xb8
 .text.vPortYieldFromTick
                0x0000000000001348       0xb8 build/default/production/FreeRTOS/portable/GCC/ATMega328/port.o
                0x0000000000001348                vPortYieldFromTick

.text.vPortYield
                0x0000000000001400       0xb2
 .text.vPortYield
                0x0000000000001400       0xb2 build/default/production/FreeRTOS/portable/GCC/ATMega328/port.o
                0x0000000000001400                vPortYield

.text.main      0x00000000000014b2       0x9e
 .text.main     0x00000000000014b2       0x9e build/default/production/main.o
                0x00000000000014b2                main

.text.vTaskStartScheduler
                0x0000000000001550       0x9e
 .text.vTaskStartScheduler
                0x0000000000001550       0x9e build/default/production/FreeRTOS/tasks.o
                0x0000000000001550                vTaskStartScheduler

.text.prvAddCurrentTaskToDelayedList
                0x00000000000015ee       0x9c
 .text.prvAddCurrentTaskToDelayedList
                0x00000000000015ee       0x9c build/default/production/FreeRTOS/tasks.o

.text.prvUnlockQueue
                0x000000000000168a       0x9a
 .text.prvUnlockQueue
                0x000000000000168a       0x9a build/default/production/FreeRTOS/queue.o

.text.xQueueGenericCreate
                0x0000000000001724       0x84
 .text.xQueueGenericCreate
                0x0000000000001724       0x84 build/default/production/FreeRTOS/queue.o
                0x0000000000001724                xQueueGenericCreate

.text.xPortStartScheduler
                0x00000000000017a8       0x80
 .text.xPortStartScheduler
                0x00000000000017a8       0x80 build/default/production/FreeRTOS/portable/GCC/ATMega328/port.o
                0x00000000000017a8                xPortStartScheduler

.text.prvCheckTasksWaitingTermination
                0x0000000000001828       0x68
 .text.prvCheckTasksWaitingTermination
                0x0000000000001828       0x68 build/default/production/FreeRTOS/tasks.o

.text.vListInsert
                0x0000000000001890       0x62
 .text.vListInsert
                0x0000000000001890       0x62 build/default/production/FreeRTOS/list.o
                0x0000000000001890                vListInsert

.text.xTaskCheckForTimeOut
                0x00000000000018f2       0x62
 .text.xTaskCheckForTimeOut
                0x00000000000018f2       0x62 build/default/production/FreeRTOS/tasks.o
                0x00000000000018f2                xTaskCheckForTimeOut

.text.uxListRemove
                0x0000000000001954       0x4c
 .text.uxListRemove
                0x0000000000001954       0x4c build/default/production/FreeRTOS/list.o
                0x0000000000001954                uxListRemove

.text.blinkMorse
                0x00000000000019a0       0x4a
 .text.blinkMorse
                0x00000000000019a0       0x4a build/default/production/Task/numpad.o
                0x00000000000019a0                blinkMorse

.text.getMorseCode
                0x00000000000019ea       0x46
 .text.getMorseCode
                0x00000000000019ea       0x46 build/default/production/Task/numpad.o
                0x00000000000019ea                getMorseCode

.text.vPWMTask  0x0000000000001a30       0x40
 .text.vPWMTask
                0x0000000000001a30       0x40 build/default/production/Task/pwm.o
                0x0000000000001a30                vPWMTask

.text.prvResetNextTaskUnblockTime
                0x0000000000001a70       0x38
 .text.prvResetNextTaskUnblockTime
                0x0000000000001a70       0x38 build/default/production/FreeRTOS/tasks.o

.text.vMorseTask
                0x0000000000001aa8       0x34
 .text.vMorseTask
                0x0000000000001aa8       0x34 build/default/production/Task/numpad.o
                0x0000000000001aa8                vMorseTask

.text.prvCopyDataFromQueue
                0x0000000000001adc       0x34
 .text.prvCopyDataFromQueue
                0x0000000000001adc       0x34 build/default/production/FreeRTOS/queue.o

.text.vTaskDelay
                0x0000000000001b10       0x28
 .text.vTaskDelay
                0x0000000000001b10       0x28 build/default/production/FreeRTOS/tasks.o
                0x0000000000001b10                vTaskDelay

.text.libgcc.div
                0x0000000000001b38       0x28
 .text.libgcc.div
                0x0000000000001b38       0x28 c:/program files/microchip/xc8/v2.50/avr/bin/../lib/gcc/avr/5.4.0/avr5\libgcc.a(_udivmodhi4.o)
                0x0000000000001b38                __udivmodhi4

.text.vTaskPlaceOnEventList
                0x0000000000001b60       0x24
 .text.vTaskPlaceOnEventList
                0x0000000000001b60       0x24 build/default/production/FreeRTOS/tasks.o
                0x0000000000001b60                vTaskPlaceOnEventList

.text.vUARTMonitor
                0x0000000000001b84       0x20
 .text.vUARTMonitor
                0x0000000000001b84       0x20 build/default/production/main.o
                0x0000000000001b84                vUARTMonitor

.text.uart_transmit_string
                0x0000000000001ba4       0x1e
 .text.uart_transmit_string
                0x0000000000001ba4       0x1e build/default/production/main.o
                0x0000000000001ba4                uart_transmit_string

.text.vListInitialise
                0x0000000000001bc2       0x1c
 .text.vListInitialise
                0x0000000000001bc2       0x1c build/default/production/FreeRTOS/list.o
                0x0000000000001bc2                vListInitialise

.text.uart_init
                0x0000000000001bde       0x18
 .text.uart_init
                0x0000000000001bde       0x18 build/default/production/main.o
                0x0000000000001bde                uart_init

.text.vApplicationStackOverflowHook
                0x0000000000001bf6       0x18
 .text.vApplicationStackOverflowHook
                0x0000000000001bf6       0x18 build/default/production/main.o
                0x0000000000001bf6                vApplicationStackOverflowHook

.text.prvIdleTask
                0x0000000000001c0e       0x18
 .text.prvIdleTask
                0x0000000000001c0e       0x18 build/default/production/FreeRTOS/tasks.o

.text.prvIsQueueEmpty
                0x0000000000001c26       0x16
 .text.prvIsQueueEmpty
                0x0000000000001c26       0x16 build/default/production/FreeRTOS/queue.o

.text.vTaskInternalSetTimeOutState
                0x0000000000001c3c       0x16
 .text.vTaskInternalSetTimeOutState
                0x0000000000001c3c       0x16 build/default/production/FreeRTOS/tasks.o
                0x0000000000001c3c                vTaskInternalSetTimeOutState

.text.exit      0x0000000000001c52       0x16
 .text.exit     0x0000000000001c52       0x16 c:/program files/microchip/xc8/v2.50/avr/bin/../lib/gcc/avr/5.4.0/../../../../avr/lib/avr5\libc.a(exit.o)
                0x0000000000001c52                exit

.text.memcpy    0x0000000000001c68       0x16
 .text.memcpy   0x0000000000001c68       0x16 c:/program files/microchip/xc8/v2.50/avr/bin/../lib/gcc/avr/5.4.0/../../../../avr/lib/avr5\libc.a(memcpy.o)
                0x0000000000001c68                memcpy

.text.vBlinkTask
                0x0000000000001c7e       0x14
 .text.vBlinkTask
                0x0000000000001c7e       0x14 build/default/production/Task/blink.o
                0x0000000000001c7e                vBlinkTask

.text.memset    0x0000000000001c92       0x12
 .text.memset   0x0000000000001c92       0x12 c:/program files/microchip/xc8/v2.50/avr/bin/../lib/gcc/avr/5.4.0/../../../../avr/lib/avr5\libc.a(memset.o)
                0x0000000000001c92                memset

.text.uart_transmit
                0x0000000000001ca4       0x10
 .text.uart_transmit
                0x0000000000001ca4       0x10 build/default/production/main.o
                0x0000000000001ca4                uart_transmit

.text.vTaskSuspendAll
                0x0000000000001cb4        0xc
 .text.vTaskSuspendAll
                0x0000000000001cb4        0xc build/default/production/FreeRTOS/tasks.o
                0x0000000000001cb4                vTaskSuspendAll

.text.vListInitialiseItem
                0x0000000000001cc0        0x8
 .text.vListInitialiseItem
                0x0000000000001cc0        0x8 build/default/production/FreeRTOS/list.o
                0x0000000000001cc0                vListInitialiseItem

.text.vTaskMissedYield
                0x0000000000001cc8        0x8
 .text.vTaskMissedYield
                0x0000000000001cc8        0x8 build/default/production/FreeRTOS/tasks.o
                0x0000000000001cc8                vTaskMissedYield

.text.__vector_11
                0x0000000000001cd0        0x6
 .text.__vector_11
                0x0000000000001cd0        0x6 build/default/production/FreeRTOS/portable/GCC/ATMega328/port.o
                0x0000000000001cd0                __vector_11

.text           0x0000000000001cd6        0x4
 .text          0x0000000000001cd6        0x4 C:/Program Files/Microchip/MPLABX/v6.20/packs/Microchip/ATmega_DFP/3.1.264/xc8/avr/lib/avr5/crtatmega328p.o
                0x0000000000001cd6                __vector_22
                0x0000000000001cd6                __vector_1
                0x0000000000001cd6                __vector_24
                0x0000000000001cd6                __vector_12
                0x0000000000001cd6                __bad_interrupt
                0x0000000000001cd6                __vector_6
                0x0000000000001cd6                __vector_3
                0x0000000000001cd6                __vector_23
                0x0000000000001cd6                __vector_25
                0x0000000000001cd6                __vector_13
                0x0000000000001cd6                __vector_17
                0x0000000000001cd6                __vector_19
                0x0000000000001cd6                __vector_7
                0x0000000000001cd6                __vector_5
                0x0000000000001cd6                __vector_4
                0x0000000000001cd6                __vector_9
                0x0000000000001cd6                __vector_2
                0x0000000000001cd6                __vector_21
                0x0000000000001cd6                __vector_15
                0x0000000000001cd6                __vector_8
                0x0000000000001cd6                __vector_14
                0x0000000000001cd6                __vector_10
                0x0000000000001cd6                __vector_16
                0x0000000000001cd6                __vector_18
                0x0000000000001cd6                __vector_20

.text._Exit     0x0000000000001cda        0x4
 .text._Exit    0x0000000000001cda        0x4 c:/program files/microchip/xc8/v2.50/avr/bin/../lib/gcc/avr/5.4.0/../../../../avr/lib/avr5\libc.a(_Exit.o)
                0x0000000000001cda                _Exit

.text.vApplicationIdleHook
                0x0000000000001cde        0x2
 .text.vApplicationIdleHook
                0x0000000000001cde        0x2 build/default/production/main.o
                0x0000000000001cde                vApplicationIdleHook

.text.__dummy_fini
                0x0000000000001ce0        0x2
 .text.__dummy_fini
                0x0000000000001ce0        0x2 c:/program files/microchip/xc8/v2.50/avr/bin/../lib/gcc/avr/5.4.0/../../../../avr/lib/avr5\libc.a(exit.o)
                0x0000000000001ce0                _fini

.text.__dummy_funcs_on_exit
                0x0000000000001ce2        0x2
 .text.__dummy_funcs_on_exit
                0x0000000000001ce2        0x2 c:/program files/microchip/xc8/v2.50/avr/bin/../lib/gcc/avr/5.4.0/../../../../avr/lib/avr5\libc.a(exit.o)
                0x0000000000001ce2                __funcs_on_exit

.text.__dummy_simulator_exit
                0x0000000000001ce4        0x2
 .text.__dummy_simulator_exit
                0x0000000000001ce4        0x2 c:/program files/microchip/xc8/v2.50/avr/bin/../lib/gcc/avr/5.4.0/../../../../avr/lib/avr5\libc.a(exit.o)
                0x0000000000001ce4                __simulator_exit

.rodata         0x0000000000800700       0x8f load address 0x0000000000001ce6
 .rodata        0x0000000000800700       0x8f build/default/production/main.o

.rodata         0x000000000080078f       0x70 load address 0x0000000000001d75
 .rodata        0x000000000080078f       0x70 build/default/production/Task/numpad.o

.rodata.morse_table
                0x00000000008007ff       0x30 load address 0x0000000000001de5
 .rodata.morse_table
                0x00000000008007ff       0x30 build/default/production/Task/numpad.o
                0x00000000008007ff                morse_table

.rodata         0x0000000000800877        0x5 load address 0x0000000000001e15
 .rodata        0x0000000000800877        0x5 build/default/production/FreeRTOS/tasks.o

.data.uxTopUsedPriority
                0x000000000080089b        0x1 load address 0x0000000000001e1a
 .data.uxTopUsedPriority
                0x000000000080089b        0x1 build/default/production/FreeRTOS/tasks.o
